Archive member included to satisfy reference by file (symbol)

/home/gabriel/.pico-sdk/toolchain/14_2_Rel1/bin/../lib/gcc/arm-none-eabi/14.2.1/../../../../arm-none-eabi/lib/thumb/v8-m.main+fp/softfp/libm.a(libm_a-wf_sqrt.o)
                              CMakeFiles/ili9341.dir/home/gabriel/.pico-sdk/sdk/2.2.0/src/rp2_common/pico_float/float_math.c.o (sqrtf)
/home/gabriel/.pico-sdk/toolchain/14_2_Rel1/bin/../lib/gcc/arm-none-eabi/14.2.1/../../../../arm-none-eabi/lib/thumb/v8-m.main+fp/softfp/libm.a(libm_a-ef_sqrt.o)
                              /home/gabriel/.pico-sdk/toolchain/14_2_Rel1/bin/../lib/gcc/arm-none-eabi/14.2.1/../../../../arm-none-eabi/lib/thumb/v8-m.main+fp/softfp/libm.a(libm_a-wf_sqrt.o) (__ieee754_sqrtf)
/home/gabriel/.pico-sdk/toolchain/14_2_Rel1/bin/../lib/gcc/arm-none-eabi/14.2.1/thumb/v8-m.main+fp/softfp/libgcc.a(_arm_addsubdf3.o)
                              CMakeFiles/ili9341.dir/home/gabriel/.pico-sdk/sdk/2.2.0/src/rp2_common/pico_float/float_math.c.o (__aeabi_f2d)
/home/gabriel/.pico-sdk/toolchain/14_2_Rel1/bin/../lib/gcc/arm-none-eabi/14.2.1/thumb/v8-m.main+fp/softfp/libgcc.a(_aeabi_ldivmod.o)
                              CMakeFiles/ili9341.dir/home/gabriel/.pico-sdk/sdk/2.2.0/src/common/pico_time/time.c.o (__aeabi_ldivmod)
/home/gabriel/.pico-sdk/toolchain/14_2_Rel1/bin/../lib/gcc/arm-none-eabi/14.2.1/thumb/v8-m.main+fp/softfp/libgcc.a(_aeabi_uldivmod.o)
                              CMakeFiles/ili9341.dir/home/gabriel/.pico-sdk/sdk/2.2.0/src/rp2_common/hardware_clocks/clocks.c.o (__aeabi_uldivmod)
/home/gabriel/.pico-sdk/toolchain/14_2_Rel1/bin/../lib/gcc/arm-none-eabi/14.2.1/thumb/v8-m.main+fp/softfp/libgcc.a(_udivmoddi4.o)
                              /home/gabriel/.pico-sdk/toolchain/14_2_Rel1/bin/../lib/gcc/arm-none-eabi/14.2.1/thumb/v8-m.main+fp/softfp/libgcc.a(_aeabi_ldivmod.o) (__udivmoddi4)
/home/gabriel/.pico-sdk/toolchain/14_2_Rel1/bin/../lib/gcc/arm-none-eabi/14.2.1/thumb/v8-m.main+fp/softfp/libgcc.a(_dvmd_tls.o)
                              /home/gabriel/.pico-sdk/toolchain/14_2_Rel1/bin/../lib/gcc/arm-none-eabi/14.2.1/thumb/v8-m.main+fp/softfp/libgcc.a(_aeabi_ldivmod.o) (__aeabi_ldiv0)
/home/gabriel/.pico-sdk/toolchain/14_2_Rel1/bin/../lib/gcc/arm-none-eabi/14.2.1/../../../../arm-none-eabi/lib/thumb/v8-m.main+fp/softfp/libg.a(libc_a-calloc.o)
                              CMakeFiles/ili9341.dir/home/gabriel/.pico-sdk/sdk/2.2.0/src/rp2_common/pico_malloc/malloc.c.o (calloc)
/home/gabriel/.pico-sdk/toolchain/14_2_Rel1/bin/../lib/gcc/arm-none-eabi/14.2.1/../../../../arm-none-eabi/lib/thumb/v8-m.main+fp/softfp/libg.a(libc_a-callocr.o)
                              /home/gabriel/.pico-sdk/toolchain/14_2_Rel1/bin/../lib/gcc/arm-none-eabi/14.2.1/../../../../arm-none-eabi/lib/thumb/v8-m.main+fp/softfp/libg.a(libc_a-calloc.o) (_calloc_r)
/home/gabriel/.pico-sdk/toolchain/14_2_Rel1/bin/../lib/gcc/arm-none-eabi/14.2.1/../../../../arm-none-eabi/lib/thumb/v8-m.main+fp/softfp/libg.a(libc_a-malloc.o)
                              CMakeFiles/ili9341.dir/home/gabriel/.pico-sdk/sdk/2.2.0/src/rp2_common/pico_malloc/malloc.c.o (malloc)
/home/gabriel/.pico-sdk/toolchain/14_2_Rel1/bin/../lib/gcc/arm-none-eabi/14.2.1/../../../../arm-none-eabi/lib/thumb/v8-m.main+fp/softfp/libg.a(libc_a-mallocr.o)
                              /home/gabriel/.pico-sdk/toolchain/14_2_Rel1/bin/../lib/gcc/arm-none-eabi/14.2.1/../../../../arm-none-eabi/lib/thumb/v8-m.main+fp/softfp/libg.a(libc_a-callocr.o) (_malloc_r)
/home/gabriel/.pico-sdk/toolchain/14_2_Rel1/bin/../lib/gcc/arm-none-eabi/14.2.1/../../../../arm-none-eabi/lib/thumb/v8-m.main+fp/softfp/libg.a(libc_a-mlock.o)
                              /home/gabriel/.pico-sdk/toolchain/14_2_Rel1/bin/../lib/gcc/arm-none-eabi/14.2.1/../../../../arm-none-eabi/lib/thumb/v8-m.main+fp/softfp/libg.a(libc_a-mallocr.o) (__malloc_lock)
/home/gabriel/.pico-sdk/toolchain/14_2_Rel1/bin/../lib/gcc/arm-none-eabi/14.2.1/../../../../arm-none-eabi/lib/thumb/v8-m.main+fp/softfp/libg.a(libc_a-rand.o)
                              CMakeFiles/ili9341.dir/genius.c.o (srand)
/home/gabriel/.pico-sdk/toolchain/14_2_Rel1/bin/../lib/gcc/arm-none-eabi/14.2.1/../../../../arm-none-eabi/lib/thumb/v8-m.main+fp/softfp/libg.a(libc_a-realloc.o)
                              CMakeFiles/ili9341.dir/home/gabriel/.pico-sdk/sdk/2.2.0/src/rp2_common/pico_malloc/malloc.c.o (realloc)
/home/gabriel/.pico-sdk/toolchain/14_2_Rel1/bin/../lib/gcc/arm-none-eabi/14.2.1/../../../../arm-none-eabi/lib/thumb/v8-m.main+fp/softfp/libg.a(libc_a-reallocr.o)
                              /home/gabriel/.pico-sdk/toolchain/14_2_Rel1/bin/../lib/gcc/arm-none-eabi/14.2.1/../../../../arm-none-eabi/lib/thumb/v8-m.main+fp/softfp/libg.a(libc_a-realloc.o) (_realloc_r)
/home/gabriel/.pico-sdk/toolchain/14_2_Rel1/bin/../lib/gcc/arm-none-eabi/14.2.1/../../../../arm-none-eabi/lib/thumb/v8-m.main+fp/softfp/libg.a(libc_a-memcmp.o)
[...]
Memory Configuration

Name             Origin             Length             Attributes
FLASH            0x10000000         0x00400000         xr
RAM              0x20000000         0x00080000         xrw
SCRATCH_X        0x20080000         0x00001000         xrw
SCRATCH_Y        0x20081000         0x00001000         xrw
*default*        0x00000000         0xffffffff

Linker script and memory map

LOAD /home/gabriel/.pico-sdk/toolchain/14_2_Rel1/bin/../lib/gcc/arm-none-eabi/14.2.1/thumb/v8-m.main+fp/softfp/crti.o
LOAD /home/gabriel/.pico-sdk/toolchain/14_2_Rel1/bin/../lib/gcc/arm-none-eabi/14.2.1/thumb/v8-m.main+fp/softfp/crtbegin.o
LOAD /home/gabriel/.pico-sdk/toolchain/14_2_Rel1/bin/../lib/gcc/arm-none-eabi/14.2.1/../../../../arm-none-eabi/lib/thumb/v8-m.main+fp/softfp/crt0.o

.flash_begin    0x10000000        0x0
                0x10000000                        __flash_binary_start = .

.text           0x10000000     0x53ec
                0x10000000                        __logical_binary_start = .
 *(.vectors)
 .vectors       0x10000000      0x124 CMakeFiles/ili9341.dir/home/gabriel/.pico-sdk/sdk/2.2.0/src/rp2_common/pico_crt0/crt0.S.o
                0x10000000                __vectors
                0x10000000                __VECTOR_TABLE
                0x10000110                isr_securefault
                0x10000110                isr_irq30
                0x10000110                __unhandled_user_irq
                0x10000110                isr_irq49
                0x10000110                isr_irq13
                0x10000110                isr_irq43
                0x10000110                isr_irq45
                0x10000110                isr_irq27
                0x10000110                isr_irq32
                0x10000110                isr_irq31
                0x10000110                isr_irq5
                0x10000110                isr_irq11
                0x10000110                isr_irq23
                0x10000110                isr_usagefault
                0x10000110                isr_irq48
                0x10000110                isr_irq35
                0x10000110                isr_irq18
                0x10000110                isr_irq50
                0x10000110                isr_irq40
                0x10000110                isr_irq28
                0x10000110                isr_irq19
                0x10000110                isr_irq36
                0x10000110                isr_irq41
                0x10000110                isr_irq0
                0x10000110                isr_irq6
                0x10000110                isr_memmanage
                0x10000110                isr_irq37
                0x10000110                isr_irq42
                0x10000110                isr_irq22
                0x10000110                isr_irq17
                0x10000110                isr_irq38
                0x10000110                isr_irq14
                0x10000110                __vectors_end
                0x10000110                __default_isrs_start
                0x10000110                isr_irq2
                0x10000110                isr_irq10
                0x10000110                isr_irq8
                0x10000110                isr_debugmonitor
                0x10000110                isr_irq24
                0x10000110                isr_irq46
                0x10000110                isr_irq1
                0x10000110                isr_irq47
                0x10000110                isr_irq51
                0x10000110                isr_irq7
                0x10000110                isr_irq21
                0x10000110                isr_irq39
                0x10000110                isr_irq20
                0x10000110                isr_irq15
                0x10000110                isr_irq25
                0x10000110                isr_irq34
                0x10000110                isr_irq4
                0x10000110                isr_busfault
                0x10000110                isr_irq16
                0x10000110                isr_irq44
                0x10000110                isr_irq29
                0x10000110                isr_irq26
                0x10000110                isr_irq33
                0x10000110                isr_irq3
                0x10000110                isr_irq12
                0x10000110                isr_irq9
                0x10000116                unhandled_user_irq_num_in_r0
                0x10000118                isr_invalid
                0x1000011a                isr_nmi
                0x1000011c                isr_hardfault
                0x1000011e                isr_svcall
                0x10000120                isr_pendsv
                0x10000122                isr_systick
                0x10000124                __default_isrs_end
 *(.binary_info_header)
 .binary_info_header
                0x10000124       0x14 CMakeFiles/ili9341.dir/home/gabriel/.pico-sdk/sdk/2.2.0/src/rp2_common/pico_crt0/crt0.S.o
                0x10000138                        __binary_info_header_end = .
 *(.embedded_block)
 .embedded_block
                0x10000138       0x14 CMakeFiles/ili9341.dir/home/gabriel/.pico-sdk/sdk/2.2.0/src/rp2_common/pico_crt0/crt0.S.o
                0x1000014c                        __embedded_block_end = .
 *(.reset)
 .reset         0x1000014c       0x98 CMakeFiles/ili9341.dir/home/gabriel/.pico-sdk/sdk/2.2.0/src/rp2_common/pico_crt0/crt0.S.o
                0x1000014c                _entry_point
 *(.init)
 .init          0x100001e4        0x4 /home/gabriel/.pico-sdk/toolchain/14_2_Rel1/bin/../lib/gcc/arm-none-eabi/14.2.1/thumb/v8-m.main+fp/softfp/crti.o
                0x100001e4                _init
 *libgcc.a:cmse_nonsecure_call.o()
 *(EXCLUDE_FILE(*libm.a: *libc.a:*lib_a-mem*.o *libgcc.a:) .text*)
 .text.register_tm_clones
                0x100001e8       0x28 /home/gabriel/.pico-sdk/toolchain/14_2_Rel1/bin/../lib/gcc/arm-none-eabi/14.2.1/thumb/v8-m.main+fp/softfp/crtbegin.o
 .text.frame_dummy
                0x10000210       0x24 /home/gabriel/.pico-sdk/toolchain/14_2_Rel1/bin/../lib/gcc/arm-none-eabi/14.2.1/thumb/v8-m.main+fp/softfp/crtbegin.o
 .text.core_1_entry
                0x10000234        0x4 CMakeFiles/ili9341.dir/main.c.o
                0x10000234                core_1_entry
 .text.startup.main
                0x10000238      0x1dc CMakeFiles/ili9341.dir/main.c.o
                0x10000238                main
 .text.btn_callback
                0x10000414       0x44 CMakeFiles/ili9341.dir/feedback.c.o
 .text.init_feedback_hardware
                0x10000458       0x80 CMakeFiles/ili9341.dir/feedback.c.o
                0x10000458                init_feedback_hardware
 .text.process_feedback
                0x100004d8      0x1c4 CMakeFiles/ili9341.dir/feedback.c.o
                0x100004d8                process_feedback
 .text.play_feedback_mask
                0x1000069c      0x280 CMakeFiles/ili9341.dir/feedback.c.o
                0x1000069c                play_feedback_mask
 .text.flush_button_inputs
                0x1000091c       0x2c CMakeFiles/ili9341.dir/feedback.c.o
                0x1000091c                flush_button_inputs
 .text.get_user_input_with_timeout
                0x10000948      0x11c CMakeFiles/ili9341.dir/feedback.c.o
                0x10000948                get_user_input_with_timeout
 .text.play_game_over_sound
                0x10000a64       0xb4 CMakeFiles/ili9341.dir/feedback.c.o
                0x10000a64                play_game_over_sound
 .text.genius_core1_main
                0x10000b18      0x26c CMakeFiles/ili9341.dir/genius.c.o
                0x10000b18                genius_core1_main
 .text.initSPI  0x10000d84       0xac CMakeFiles/ili9341.dir/tft_lcd_ili9341/ili9341/ili9341.c.o
                0x10000d84                initSPI
 .text.LCD_initDisplay
                0x10000e30      0x1b8 CMakeFiles/ili9341.dir/tft_lcd_ili9341/ili9341/ili9341.c.o
                0x10000e30                LCD_initDisplay
 .text.LCD_setRotation
                0x10000fe8      0x114 CMakeFiles/ili9341.dir/tft_lcd_ili9341/ili9341/ili9341.c.o
                0x10000fe8                LCD_setRotation
 .text.LCD_WritePixel
                0x100010fc      0x1f8 CMakeFiles/ili9341.dir/tft_lcd_ili9341/ili9341/ili9341.c.o
                0x100010fc                LCD_WritePixel
 .text.gfx_init
                0x100012f4        0x4 CMakeFiles/ili9341.dir/tft_lcd_ili9341/gfx/gfx_ili9341.c.o
                0x100012f4                gfx_init
 .text.gfx_touchTransform
                0x100012f8       0x3c CMakeFiles/ili9341.dir/tft_lcd_ili9341/gfx/gfx_ili9341.c.o
                0x100012f8                gfx_touchTransform
 .text.gfx_fillRect
                0x10001334       0x70 CMakeFiles/ili9341.dir/tft_lcd_ili9341/gfx/gfx_ili9341.c.o
                0x10001334                gfx_fillRect
 .text.gfx_clear
                0x100013a4       0x54 CMakeFiles/ili9341.dir/tft_lcd_ili9341/gfx/gfx_ili9341.c.o
                0x100013a4                gfx_clear
 .text.gfx_setTextSize
                0x100013f8       0x10 CMakeFiles/ili9341.dir/tft_lcd_ili9341/gfx/gfx_ili9341.c.o
                0x100013f8                gfx_setTextSize
 .text.gfx_setTextColor
                0x10001408        0xc CMakeFiles/ili9341.dir/tft_lcd_ili9341/gfx/gfx_ili9341.c.o
                0x10001408                gfx_setTextColor
 .text.gfx_drawText
                0x10001414      0x110 CMakeFiles/ili9341.dir/tft_lcd_ili9341/gfx/gfx_ili9341.c.o
                0x10001414                gfx_drawText
 .text.gfx_drawBitmap
                0x10001524       0xe4 CMakeFiles/ili9341.dir/tft_lcd_ili9341/gfx/gfx_ili9341.c.o
                0x10001524                gfx_drawBitmap
 .text.configure_touch
                0x10001608       0x5c CMakeFiles/ili9341.dir/tft_lcd_ili9341/touch_resistive/touch_resistive.c.o
                0x10001608                configure_touch
 .text.configReadTouchX
                0x10001664       0x94 CMakeFiles/ili9341.dir/tft_lcd_ili9341/touch_resistive/touch_resistive.c.o
                0x10001664                configReadTouchX
 .text.configReadTouchY
                0x100016f8       0x90 CMakeFiles/ili9341.dir/tft_lcd_ili9341/touch_resistive/touch_resistive.c.o
                0x100016f8                configReadTouchY
 .text.readTouchZ
                0x10001788      0x108 CMakeFiles/ili9341.dir/tft_lcd_ili9341/touch_resistive/touch_resistive.c.o
                0x10001788                readTouchZ
 .text.readRawPoint
                0x10001890       0xd8 CMakeFiles/ili9341.dir/tft_lcd_ili9341/touch_resistive/touch_resistive.c.o
                0x10001890                readRawPoint
 .text.readPoint
                0x10001968       0xa4 CMakeFiles/ili9341.dir/tft_lcd_ili9341/touch_resistive/touch_resistive.c.o
                0x10001968                readPoint
 .text.gpio_default_irq_handler
                0x10001a0c      0x1d4 CMakeFiles/ili9341.dir/home/gabriel/.pico-sdk/sdk/2.2.0/src/rp2_common/hardware_gpio/gpio.c.o
 .text.gpio_set_function
                0x10001be0       0x3c CMakeFiles/ili9341.dir/home/gabriel/.pico-sdk/sdk/2.2.0/src/rp2_common/hardware_gpio/gpio.c.o
                0x10001be0                gpio_set_function
 .text.gpio_set_pulls
                0x10001c1c       0x28 CMakeFiles/ili9341.dir/home/gabriel/.pico-sdk/sdk/2.2.0/src/rp2_common/hardware_gpio/gpio.c.o
                0x10001c1c                gpio_set_pulls
 .text.gpio_set_irq_enabled_with_callback
                0x10001c44       0xa8 CMakeFiles/ili9341.dir/home/gabriel/.pico-sdk/sdk/2.2.0/src/rp2_common/hardware_gpio/gpio.c.o
                0x10001c44                gpio_set_irq_enabled_with_callback
 .text.gpio_set_input_enabled
                0x10001cec       0x20 CMakeFiles/ili9341.dir/home/gabriel/.pico-sdk/sdk/2.2.0/src/rp2_common/hardware_gpio/gpio.c.o
                0x10001cec                gpio_set_input_enabled
 .text.gpio_init
                0x10001d0c       0x48 CMakeFiles/ili9341.dir/home/gabriel/.pico-sdk/sdk/2.2.0/src/rp2_common/hardware_gpio/gpio.c.o
                0x10001d0c                gpio_init
 .text.panic    0x10001d54       0x30 CMakeFiles/ili9341.dir/home/gabriel/.pico-sdk/sdk/2.2.0/src/rp2_common/pico_platform_panic/panic.c.o
                0x10001d54                panic
 .text.hw_claim_or_assert
                0x10001d84       0x58 CMakeFiles/ili9341.dir/home/gabriel/.pico-sdk/sdk/2.2.0/src/common/hardware_claim/claim.c.o
                0x10001d84                hw_claim_or_assert
 .text.next_striped_spin_lock_num
                0x10001ddc       0x18 CMakeFiles/ili9341.dir/home/gabriel/.pico-sdk/sdk/2.2.0/src/rp2_common/hardware_sync/sync.c.o
                0x10001ddc                next_striped_spin_lock_num
 .text.spinlock_set_extexclall
                0x10001df4       0x10 CMakeFiles/ili9341.dir/home/gabriel/.pico-sdk/sdk/2.2.0/src/rp2_common/hardware_sync_spin_lock/sync_spin_lock.c.o
 .text.spin_locks_reset
                0x10001e04       0x18 CMakeFiles/ili9341.dir/home/gabriel/.pico-sdk/sdk/2.2.0/src/rp2_common/hardware_sync_spin_lock/sync_spin_lock.c.o
                0x10001e04                spin_locks_reset
 .text.runtime_init_per_core_irq_priorities
                0x10001e1c       0x40 CMakeFiles/ili9341.dir/home/gabriel/.pico-sdk/sdk/2.2.0/src/rp2_common/hardware_irq/irq.c.o
                0x10001e1c                runtime_init_per_core_irq_priorities
 .text.irq_set_enabled
                0x10001e5c       0x2c CMakeFiles/ili9341.dir/home/gabriel/.pico-sdk/sdk/2.2.0/src/rp2_common/hardware_irq/irq.c.o
                0x10001e5c                irq_set_enabled
 .text.irq_is_enabled
                0x10001e88       0x20 CMakeFiles/ili9341.dir/home/gabriel/.pico-sdk/sdk/2.2.0/src/rp2_common/hardware_irq/irq.c.o
                0x10001e88                irq_is_enabled
 .text.irq_set_exclusive_handler
                0x10001ea8       0x60 CMakeFiles/ili9341.dir/home/gabriel/.pico-sdk/sdk/2.2.0/src/rp2_common/hardware_irq/irq.c.o
                0x10001ea8                irq_set_exclusive_handler
 .text.irq_add_shared_handler
                0x10001f08      0x1e8 CMakeFiles/ili9341.dir/home/gabriel/.pico-sdk/sdk/2.2.0/src/rp2_common/hardware_irq/irq.c.o
                0x10001f08                irq_add_shared_handler
 .text.irq_remove_handler
                0x100020f0      0x1f4 CMakeFiles/ili9341.dir/home/gabriel/.pico-sdk/sdk/2.2.0/src/rp2_common/hardware_irq/irq.c.o
                0x100020f0                irq_remove_handler
 .text.irq_add_tail_to_free_list
                0x100022e4       0xbc CMakeFiles/ili9341.dir/home/gabriel/.pico-sdk/sdk/2.2.0/src/rp2_common/hardware_irq/irq.c.o
                0x100022e4                irq_add_tail_to_free_list
 .text.lock_init
                0x100023a0        0xc CMakeFiles/ili9341.dir/home/gabriel/.pico-sdk/sdk/2.2.0/src/common/pico_sync/lock_core.c.o
                0x100023a0                lock_init
 .text.runtime_init_mutex
                0x100023ac       0x4c CMakeFiles/ili9341.dir/home/gabriel/.pico-sdk/sdk/2.2.0/src/common/pico_sync/mutex.c.o
                0x100023ac                runtime_init_mutex
 .text.sleep_until_callback
                0x100023f8       0x3c CMakeFiles/ili9341.dir/home/gabriel/.pico-sdk/sdk/2.2.0/src/common/pico_time/time.c.o
 *fill*         0x10002434        0x4 
 .text.alarm_pool_irq_handler
                0x10002438      0x2f0 CMakeFiles/ili9341.dir/home/gabriel/.pico-sdk/sdk/2.2.0/src/common/pico_time/time.c.o
 .text.runtime_init_default_alarm_pool
                0x10002728      0x100 CMakeFiles/ili9341.dir/home/gabriel/.pico-sdk/sdk/2.2.0/src/common/pico_time/time.c.o
                0x10002728                runtime_init_default_alarm_pool
 .text.alarm_pool_add_alarm_at_force_in_context
                0x10002828       0xc8 CMakeFiles/ili9341.dir/home/gabriel/.pico-sdk/sdk/2.2.0/src/common/pico_time/time.c.o
                0x10002828                alarm_pool_add_alarm_at_force_in_context
 .text.alarm_pool_cancel_alarm
                0x100028f0       0x80 CMakeFiles/ili9341.dir/home/gabriel/.pico-sdk/sdk/2.2.0/src/common/pico_time/time.c.o
                0x100028f0                alarm_pool_cancel_alarm
 .text.sleep_ms
                0x10002970       0xdc CMakeFiles/ili9341.dir/home/gabriel/.pico-sdk/sdk/2.2.0/src/common/pico_time/time.c.o
                0x10002970                sleep_ms
 .text.best_effort_wfe_or_timeout
                0x10002a4c       0xd4 CMakeFiles/ili9341.dir/home/gabriel/.pico-sdk/sdk/2.2.0/src/common/pico_time/time.c.o
                0x10002a4c                best_effort_wfe_or_timeout
 .text.timer_hardware_alarm_claim
                0x10002b20       0x24 CMakeFiles/ili9341.dir/home/gabriel/.pico-sdk/sdk/2.2.0/src/rp2_common/hardware_timer/timer.c.o
                0x10002b20                timer_hardware_alarm_claim
 .text.timer_time_us_64
                0x10002b44       0x10 CMakeFiles/ili9341.dir/home/gabriel/.pico-sdk/sdk/2.2.0/src/rp2_common/hardware_timer/timer.c.o
                0x10002b44                timer_time_us_64
 .text.time_us_64
                0x10002b54       0x14 CMakeFiles/ili9341.dir/home/gabriel/.pico-sdk/sdk/2.2.0/src/rp2_common/hardware_timer/timer.c.o
                0x10002b54                time_us_64
 .text.busy_wait_us
                0x10002b68       0x5c CMakeFiles/ili9341.dir/home/gabriel/.pico-sdk/sdk/2.2.0/src/rp2_common/hardware_timer/timer.c.o
                0x10002b68                busy_wait_us
 .text.busy_wait_until
                0x10002bc4       0x24 CMakeFiles/ili9341.dir/home/gabriel/.pico-sdk/sdk/2.2.0/src/rp2_common/hardware_timer/timer.c.o
                0x10002bc4                busy_wait_until
 .text.uart_init
                0x10002be8      0x104 CMakeFiles/ili9341.dir/home/gabriel/.pico-sdk/sdk/2.2.0/src/rp2_common/hardware_uart/uart.c.o
                0x10002be8                uart_init
 .text.clock_configure_undivided
                0x10002cec       0xd0 CMakeFiles/ili9341.dir/home/gabriel/.pico-sdk/sdk/2.2.0/src/rp2_common/hardware_clocks/clocks.c.o
                0x10002cec                clock_configure_undivided
 .text.clock_get_hz
                0x10002dbc        0xc CMakeFiles/ili9341.dir/home/gabriel/.pico-sdk/sdk/2.2.0/src/rp2_common/hardware_clocks/clocks.c.o
                0x10002dbc                clock_get_hz
 .text.pll_init
                0x10002dc8       0x8c CMakeFiles/ili9341.dir/home/gabriel/.pico-sdk/sdk/2.2.0/src/rp2_common/hardware_pll/pll.c.o
                0x10002dc8                pll_init
 .text.tick_start
                0x10002e54       0x18 CMakeFiles/ili9341.dir/home/gabriel/.pico-sdk/sdk/2.2.0/src/rp2_common/hardware_ticks/ticks.c.o
                0x10002e54                tick_start
 .text.rom_func_lookup
                0x10002e6c       0x18 CMakeFiles/ili9341.dir/home/gabriel/.pico-sdk/sdk/2.2.0/src/rp2_common/pico_bootrom/bootrom.c.o
                0x10002e6c                rom_func_lookup
 .text.runtime_init_bootrom_locking_enable
                0x10002e84       0x14 CMakeFiles/ili9341.dir/home/gabriel/.pico-sdk/sdk/2.2.0/src/rp2_common/pico_bootrom/bootrom_lock.c.o
                0x10002e84                runtime_init_bootrom_locking_enable
 .text.runtime_init_boot_locks_reset
                0x10002e98       0x1c CMakeFiles/ili9341.dir/home/gabriel/.pico-sdk/sdk/2.2.0/src/rp2_common/hardware_boot_lock/boot_lock.c.o
                0x10002e98                runtime_init_boot_locks_reset
 .text.xosc_init
                0x10002eb4       0x30 CMakeFiles/ili9341.dir/home/gabriel/.pico-sdk/sdk/2.2.0/src/rp2_common/hardware_xosc/xosc.c.o
                0x10002eb4                xosc_init
 .text.first_per_core_initializer
                0x10002ee4        0x4 CMakeFiles/ili9341.dir/home/gabriel/.pico-sdk/sdk/2.2.0/src/rp2_common/pico_runtime/runtime.c.o
 .text.hard_assertion_failure
                0x10002ee8        0xc CMakeFiles/ili9341.dir/home/gabriel/.pico-sdk/sdk/2.2.0/src/rp2_common/pico_runtime/runtime.c.o
                0x10002ee8                hard_assertion_failure
 .text.runtime_run_initializers
                0x10002ef4       0x20 CMakeFiles/ili9341.dir/home/gabriel/.pico-sdk/sdk/2.2.0/src/rp2_common/pico_runtime/runtime.c.o
                0x10002ef4                runtime_run_initializers
 .text.runtime_run_per_core_initializers
                0x10002f14       0x20 CMakeFiles/ili9341.dir/home/gabriel/.pico-sdk/sdk/2.2.0/src/rp2_common/pico_runtime/runtime.c.o
                0x10002f14                runtime_run_per_core_initializers
 .text.runtime_init_early_resets
                0x10002f34       0x34 CMakeFiles/ili9341.dir/home/gabriel/.pico-sdk/sdk/2.2.0/src/rp2_common/pico_runtime_init/runtime_init.c.o
                0x10002f34                runtime_init_early_resets
 .text.runtime_init_usb_power_down
                0x10002f68       0x1c CMakeFiles/ili9341.dir/home/gabriel/.pico-sdk/sdk/2.2.0/src/rp2_common/pico_runtime_init/runtime_init.c.o
                0x10002f68                runtime_init_usb_power_down
 .text.runtime_init_per_core_enable_coprocessors
                0x10002f84       0x1c CMakeFiles/ili9341.dir/home/gabriel/.pico-sdk/sdk/2.2.0/src/rp2_common/pico_runtime_init/runtime_init.c.o
                0x10002f84                runtime_init_per_core_enable_coprocessors
 .text.runtime_init_post_clock_resets
                0x10002fa0       0x20 CMakeFiles/ili9341.dir/home/gabriel/.pico-sdk/sdk/2.2.0/src/rp2_common/pico_runtime_init/runtime_init.c.o
                0x10002fa0                runtime_init_post_clock_resets
 .text.runtime_init_bootrom_reset
                0x10002fc0       0x14 CMakeFiles/ili9341.dir/home/gabriel/.pico-sdk/sdk/2.2.0/src/rp2_common/pico_runtime_init/runtime_init.c.o
                0x10002fc0                runtime_init_bootrom_reset
 .text.runtime_init_per_core_bootrom_reset
                0x10002fd4       0x14 CMakeFiles/ili9341.dir/home/gabriel/.pico-sdk/sdk/2.2.0/src/rp2_common/pico_runtime_init/runtime_init.c.o
                0x10002fd4                runtime_init_per_core_bootrom_reset
 .text.runtime_init_spin_locks_reset
                0x10002fe8        0x4 CMakeFiles/ili9341.dir/home/gabriel/.pico-sdk/sdk/2.2.0/src/rp2_common/pico_runtime_init/runtime_init.c.o
                0x10002fe8                runtime_init_spin_locks_reset
 .text.runtime_init_install_ram_vector_table
                0x10002fec       0x68 CMakeFiles/ili9341.dir/home/gabriel/.pico-sdk/sdk/2.2.0/src/rp2_common/pico_runtime_init/runtime_init.c.o
                0x10002fec                runtime_init_install_ram_vector_table
 .text.runtime_init_clocks
                0x10003054       0xdc CMakeFiles/ili9341.dir/home/gabriel/.pico-sdk/sdk/2.2.0/src/rp2_common/pico_runtime_init/runtime_init_clocks.c.o
                0x10003054                runtime_init_clocks
 .text.__rp2350_dcp_engaged_state_save_restore
                0x10003130       0x3a CMakeFiles/ili9341.dir/home/gabriel/.pico-sdk/sdk/2.2.0/src/rp2_common/pico_double/double_aeabi_dcp.S.o
 *fill*         0x1000316a        0x2 
 .text.__wrap___aeabi_dadd
                0x1000316c       0x28 CMakeFiles/ili9341.dir/home/gabriel/.pico-sdk/sdk/2.2.0/src/rp2_common/pico_double/double_aeabi_dcp.S.o
                0x10003174                __wrap___aeabi_dadd
 .text.__wrap___aeabi_dsub
                0x10003194       0x28 CMakeFiles/ili9341.dir/home/gabriel/.pico-sdk/sdk/2.2.0/src/rp2_common/pico_double/double_aeabi_dcp.S.o
                0x1000319c                __wrap___aeabi_dsub
 .text.__wrap___aeabi_dmul
                0x100031bc       0x4c CMakeFiles/ili9341.dir/home/gabriel/.pico-sdk/sdk/2.2.0/src/rp2_common/pico_double/double_aeabi_dcp.S.o
                0x100031c4                __wrap___aeabi_dmul
 .text.__wrap___aeabi_ddiv
                0x10003208       0x9c CMakeFiles/ili9341.dir/home/gabriel/.pico-sdk/sdk/2.2.0/src/rp2_common/pico_double/double_aeabi_dcp.S.o
                0x10003210                __wrap___aeabi_ddiv
 .text.__wrap___aeabi_i2d
                0x100032a4       0x24 CMakeFiles/ili9341.dir/home/gabriel/.pico-sdk/sdk/2.2.0/src/rp2_common/pico_double/double_aeabi_dcp.S.o
                0x100032ac                __wrap___aeabi_i2d
                0x100032ac                int2double
 .text.__wrap___aeabi_ui2d
                0x100032c8       0x24 CMakeFiles/ili9341.dir/home/gabriel/.pico-sdk/sdk/2.2.0/src/rp2_common/pico_double/double_aeabi_dcp.S.o
                0x100032d0                __wrap___aeabi_ui2d
                0x100032d0                uint2double
 .text.__wrap___aeabi_d2iz
                0x100032ec       0x24 CMakeFiles/ili9341.dir/home/gabriel/.pico-sdk/sdk/2.2.0/src/rp2_common/pico_double/double_aeabi_dcp.S.o
                0x100032f4                __wrap___aeabi_d2iz
                0x100032f4                double2int_z
 .text.__wrap___aeabi_d2uiz
                0x10003310       0x24 CMakeFiles/ili9341.dir/home/gabriel/.pico-sdk/sdk/2.2.0/src/rp2_common/pico_double/double_aeabi_dcp.S.o
                0x10003318                double2uint_z
                0x10003318                double2uint
                0x10003318                __wrap___aeabi_d2uiz
 .text.__wrap___aeabi_dcmpun
                0x10003334       0x24 CMakeFiles/ili9341.dir/home/gabriel/.pico-sdk/sdk/2.2.0/src/rp2_common/pico_double/double_aeabi_dcp.S.o
                0x1000333c                __wrap___aeabi_dcmpun
 .text.__wrap___aeabi_dcmplt
                0x10003358       0x28 CMakeFiles/ili9341.dir/home/gabriel/.pico-sdk/sdk/2.2.0/src/rp2_common/pico_double/double_aeabi_dcp.S.o
                0x10003360                __wrap___aeabi_dcmplt
 .text.__wrap___aeabi_dcmple
                0x10003380       0x28 CMakeFiles/ili9341.dir/home/gabriel/.pico-sdk/sdk/2.2.0/src/rp2_common/pico_double/double_aeabi_dcp.S.o
                0x10003388                __wrap___aeabi_dcmple
 .text.__wrap___aeabi_dcmpge
                0x100033a8       0x28 CMakeFiles/ili9341.dir/home/gabriel/.pico-sdk/sdk/2.2.0/src/rp2_common/pico_double/double_aeabi_dcp.S.o
                0x100033b0                __wrap___aeabi_dcmpge
 .text.__wrap___aeabi_dcmpgt
                0x100033d0       0x28 CMakeFiles/ili9341.dir/home/gabriel/.pico-sdk/sdk/2.2.0/src/rp2_common/pico_double/double_aeabi_dcp.S.o
                0x100033d8                __wrap___aeabi_dcmpgt
 .text._out_buffer
                0x100033f8        0x8 CMakeFiles/ili9341.dir/home/gabriel/.pico-sdk/sdk/2.2.0/src/rp2_common/pico_printf/printf.c.o
 .text._out_null
                0x10003400        0x4 CMakeFiles/ili9341.dir/home/gabriel/.pico-sdk/sdk/2.2.0/src/rp2_common/pico_printf/printf.c.o
 .text._out_rev
                0x10003404       0x9c CMakeFiles/ili9341.dir/home/gabriel/.pico-sdk/sdk/2.2.0/src/rp2_common/pico_printf/printf.c.o
 .text._ntoa_format
                0x100034a0      0x1d4 CMakeFiles/ili9341.dir/home/gabriel/.pico-sdk/sdk/2.2.0/src/rp2_common/pico_printf/printf.c.o
 .text._out_char
                0x10003674        0x8 CMakeFiles/ili9341.dir/home/gabriel/.pico-sdk/sdk/2.2.0/src/rp2_common/pico_printf/printf.c.o
 *fill*         0x1000367c        0x4 
 .text._ftoa    0x10003680      0x4bc CMakeFiles/ili9341.dir/home/gabriel/.pico-sdk/sdk/2.2.0/src/rp2_common/pico_printf/printf.c.o
 *fill*         0x10003b3c        0x4 
 .text._etoa    0x10003b40      0x574 CMakeFiles/ili9341.dir/home/gabriel/.pico-sdk/sdk/2.2.0/src/rp2_common/pico_printf/printf.c.o
 .text._vsnprintf
                0x100040b4      0x9e4 CMakeFiles/ili9341.dir/home/gabriel/.pico-sdk/sdk/2.2.0/src/rp2_common/pico_printf/printf.c.o
 .text.__wrap_snprintf
                0x10004a98       0x2c CMakeFiles/ili9341.dir/home/gabriel/.pico-sdk/sdk/2.2.0/src/rp2_common/pico_printf/printf.c.o
                0x10004a98                __wrap_snprintf
 .text.weak_raw_vprintf
                0x10004ac4       0x30 CMakeFiles/ili9341.dir/home/gabriel/.pico-sdk/sdk/2.2.0/src/rp2_common/pico_printf/printf.c.o
                0x10004ac4                weak_raw_vprintf
 .text._exit    0x10004af4        0x4 CMakeFiles/ili9341.dir/home/gabriel/.pico-sdk/sdk/2.2.0/src/rp2_common/pico_clib_interface/newlib_interface.c.o
                0x10004af4                _exit
 .text.exit     0x10004af8        0x8 CMakeFiles/ili9341.dir/home/gabriel/.pico-sdk/sdk/2.2.0/src/rp2_common/pico_clib_interface/newlib_interface.c.o
                0x10004af8                exit
 .text.runtime_init
                0x10004b00       0x24 CMakeFiles/ili9341.dir/home/gabriel/.pico-sdk/sdk/2.2.0/src/rp2_common/pico_clib_interface/newlib_interface.c.o
                0x10004b00                runtime_init
 .text.stdio_out_chars_no_crlf
                0x10004b24        0x8 CMakeFiles/ili9341.dir/home/gabriel/.pico-sdk/sdk/2.2.0/src/rp2_common/pico_stdio/stdio.c.o
 .text.stdio_out_chars_crlf
                0x10004b2c       0xb0 CMakeFiles/ili9341.dir/home/gabriel/.pico-sdk/sdk/2.2.0/src/rp2_common/pico_stdio/stdio.c.o
 .text.stdio_put_string
                0x10004bdc       0xec CMakeFiles/ili9341.dir/home/gabriel/.pico-sdk/sdk/2.2.0/src/rp2_common/pico_stdio/stdio.c.o
                0x10004bdc                stdio_put_string
 .text.stdio_set_driver_enabled
                0x10004cc8       0x28 CMakeFiles/ili9341.dir/home/gabriel/.pico-sdk/sdk/2.2.0/src/rp2_common/pico_stdio/stdio.c.o
                0x10004cc8                stdio_set_driver_enabled
 .text.stdio_init_all
                0x10004cf0        0xc CMakeFiles/ili9341.dir/home/gabriel/.pico-sdk/sdk/2.2.0/src/rp2_common/pico_stdio/stdio.c.o
                0x10004cf0                stdio_init_all
 .text.__wrap_putchar
                0x10004cfc       0x84 CMakeFiles/ili9341.dir/home/gabriel/.pico-sdk/sdk/2.2.0/src/rp2_common/pico_stdio/stdio.c.o
                0x10004cfc                stdio_putchar
                0x10004cfc                __wrap_putchar
 .text.__wrap_puts
                0x10004d80       0x3c CMakeFiles/ili9341.dir/home/gabriel/.pico-sdk/sdk/2.2.0/src/rp2_common/pico_stdio/stdio.c.o
                0x10004d80                __wrap_puts
                0x10004d80                stdio_puts
 .text.stdio_uart_out_chars
                0x10004dbc       0x50 CMakeFiles/ili9341.dir/home/gabriel/.pico-sdk/sdk/2.2.0/src/rp2_common/pico_stdio_uart/stdio_uart.c.o
 .text.stdio_uart_in_chars
                0x10004e0c       0x94 CMakeFiles/ili9341.dir/home/gabriel/.pico-sdk/sdk/2.2.0/src/rp2_common/pico_stdio_uart/stdio_uart.c.o
                0x10004e0c                stdio_uart_in_chars
 .text.on_uart_rx
                0x10004ea0       0x24 CMakeFiles/ili9341.dir/home/gabriel/.pico-sdk/sdk/2.2.0/src/rp2_common/pico_stdio_uart/stdio_uart.c.o
 .text.stdio_uart_out_flush
                0x10004ec4       0x10 CMakeFiles/ili9341.dir/home/gabriel/.pico-sdk/sdk/2.2.0/src/rp2_common/pico_stdio_uart/stdio_uart.c.o
 .text.stdio_uart_set_chars_available_callback
                0x10004ed4       0x88 CMakeFiles/ili9341.dir/home/gabriel/.pico-sdk/sdk/2.2.0/src/rp2_common/pico_stdio_uart/stdio_uart.c.o
 .text.stdio_uart_init
                0x10004f5c       0x54 CMakeFiles/ili9341.dir/home/gabriel/.pico-sdk/sdk/2.2.0/src/rp2_common/pico_stdio_uart/stdio_uart.c.o
                0x10004f5c                stdio_uart_init
 .text.core1_trampoline
                0x10004fb0        0x4 CMakeFiles/ili9341.dir/home/gabriel/.pico-sdk/sdk/2.2.0/src/rp2_common/pico_multicore/multicore.c.o
 .text.core1_wrapper
                0x10004fb4       0x10 CMakeFiles/ili9341.dir/home/gabriel/.pico-sdk/sdk/2.2.0/src/rp2_common/pico_multicore/multicore.c.o
                0x10004fb4                core1_wrapper
 .text.multicore_fifo_push_blocking
                0x10004fc4       0x10 CMakeFiles/ili9341.dir/home/gabriel/.pico-sdk/sdk/2.2.0/src/rp2_common/pico_multicore/multicore.c.o
                0x10004fc4                multicore_fifo_push_blocking
 .text.multicore_fifo_pop_blocking
                0x10004fd4       0x1c CMakeFiles/ili9341.dir/home/gabriel/.pico-sdk/sdk/2.2.0/src/rp2_common/pico_multicore/multicore.c.o
                0x10004fd4                multicore_fifo_pop_blocking
 .text.multicore_launch_core1_raw
                0x10004ff0       0x84 CMakeFiles/ili9341.dir/home/gabriel/.pico-sdk/sdk/2.2.0/src/rp2_common/pico_multicore/multicore.c.o
                0x10004ff0                multicore_launch_core1_raw
 .text.multicore_launch_core1
                0x10005074       0x48 CMakeFiles/ili9341.dir/home/gabriel/.pico-sdk/sdk/2.2.0/src/rp2_common/pico_multicore/multicore.c.o
                0x10005074                multicore_launch_core1
 .text.spi_init
                0x100050bc       0xf4 CMakeFiles/ili9341.dir/home/gabriel/.pico-sdk/sdk/2.2.0/src/rp2_common/hardware_spi/spi.c.o
                0x100050bc                spi_init
 .text.adc_init
                0x100051b0       0x30 CMakeFiles/ili9341.dir/home/gabriel/.pico-sdk/sdk/2.2.0/src/rp2_common/hardware_adc/adc.c.o
                0x100051b0                adc_init
 .text.srand    0x100051e0       0x10 /home/gabriel/.pico-sdk/toolchain/14_2_Rel1/bin/../lib/gcc/arm-none-eabi/14.2.1/../../../../arm-none-eabi/lib/thumb/v8-m.main+fp/softfp/libg.a(libc_a-rand.o)
                0x100051e0                srand
 .text.rand     0x100051f0       0x40 /home/gabriel/.pico-sdk/toolchain/14_2_Rel1/bin/../lib/gcc/arm-none-eabi/14.2.1/../../../../arm-none-eabi/lib/thumb/v8-m.main+fp/softfp/libg.a(libc_a-rand.o)
                0x100051f0                rand
 .text          0x10005230       0xec /home/gabriel/.pico-sdk/toolchain/14_2_Rel1/bin/../lib/gcc/arm-none-eabi/14.2.1/../../../../arm-none-eabi/lib/thumb/v8-m.main+fp/softfp/libg.a(libc_a-memcpy.o)
                0x10005230                memcpy
 .text.strlen   0x1000531c       0x5c /home/gabriel/.pico-sdk/toolchain/14_2_Rel1/bin/../lib/gcc/arm-none-eabi/14.2.1/../../../../arm-none-eabi/lib/thumb/v8-m.main+fp/softfp/libg.a(libc_a-strlen-stub.o)
                0x1000531c                strlen
 *(.fini)
 .fini          0x10005378        0x4 /home/gabriel/.pico-sdk/toolchain/14_2_Rel1/bin/../lib/gcc/arm-none-eabi/14.2.1/thumb/v8-m.main+fp/softfp/crti.o
                0x10005378                _fini
 *fill*         0x1000537c        0x4 
 .fini.__stub   0x10005380       0x28 linker stubs
 *crtbegin.o(.ctors)
 *crtbegin?.o(.ctors)
 *(EXCLUDE_FILE(*crtend.o *crtend?.o) .ctors)
 *(SORT_BY_NAME(.ctors.*))
 *(.ctors)
 *crtbegin.o(.dtors)
 *crtbegin?.o(.dtors)
 *(EXCLUDE_FILE(*crtend.o *crtend?.o) .dtors)
 *(SORT_BY_NAME(.dtors.*))
 *(.dtors)
                0x100053a8                        . = ALIGN (0x4)
                0x100053a8                        PROVIDE (__preinit_array_start = .)
 *(SORT_BY_NAME(.preinit_array.*))
 .preinit_array.00050
                0x100053a8        0x4 CMakeFiles/ili9341.dir/home/gabriel/.pico-sdk/sdk/2.2.0/src/rp2_common/pico_runtime_init/runtime_init.c.o
                0x100053a8                __pre_init_runtime_init_bootrom_reset
 .preinit_array.00100
                0x100053ac        0x4 CMakeFiles/ili9341.dir/home/gabriel/.pico-sdk/sdk/2.2.0/src/rp2_common/pico_runtime_init/runtime_init.c.o
                0x100053ac                __pre_init_runtime_init_early_resets
 .preinit_array.00101
                0x100053b0        0x4 CMakeFiles/ili9341.dir/home/gabriel/.pico-sdk/sdk/2.2.0/src/rp2_common/pico_runtime_init/runtime_init.c.o
                0x100053b0                __pre_init_runtime_init_usb_power_down
 .preinit_array.00500
                0x100053b4        0x4 CMakeFiles/ili9341.dir/home/gabriel/.pico-sdk/sdk/2.2.0/src/rp2_common/pico_runtime_init/runtime_init.c.o
                0x100053b4                __pre_init_runtime_init_clocks
 .preinit_array.00600
                0x100053b8        0x4 CMakeFiles/ili9341.dir/home/gabriel/.pico-sdk/sdk/2.2.0/src/rp2_common/pico_runtime_init/runtime_init.c.o
                0x100053b8                __pre_init_runtime_init_post_clock_resets
 .preinit_array.01000
                0x100053bc        0x4 CMakeFiles/ili9341.dir/home/gabriel/.pico-sdk/sdk/2.2.0/src/rp2_common/hardware_boot_lock/boot_lock.c.o
                0x100053bc                __pre_init_runtime_init_boot_locks_reset
 .preinit_array.01000
                0x100053c0        0x4 CMakeFiles/ili9341.dir/home/gabriel/.pico-sdk/sdk/2.2.0/src/rp2_common/pico_runtime_init/runtime_init.c.o
                0x100053c0                __pre_init_runtime_init_spin_locks_reset
 .preinit_array.01010
                0x100053c4        0x4 CMakeFiles/ili9341.dir/home/gabriel/.pico-sdk/sdk/2.2.0/src/rp2_common/pico_bootrom/bootrom_lock.c.o
                0x100053c4                __pre_init_runtime_init_bootrom_locking_enable
 .preinit_array.01100
                0x100053c8        0x4 CMakeFiles/ili9341.dir/home/gabriel/.pico-sdk/sdk/2.2.0/src/common/pico_sync/mutex.c.o
                0x100053c8                __pre_init_runtime_init_mutex
 .preinit_array.10080
                0x100053cc        0x4 CMakeFiles/ili9341.dir/home/gabriel/.pico-sdk/sdk/2.2.0/src/rp2_common/pico_runtime_init/runtime_init.c.o
                0x100053cc                __pre_init_runtime_init_install_ram_vector_table
 .preinit_array.11000
                0x100053d0        0x4 CMakeFiles/ili9341.dir/home/gabriel/.pico-sdk/sdk/2.2.0/src/common/pico_time/time.c.o
                0x100053d0                __pre_init_runtime_init_default_alarm_pool
 .preinit_array.YYYYY
                0x100053d4        0x4 CMakeFiles/ili9341.dir/home/gabriel/.pico-sdk/sdk/2.2.0/src/rp2_common/pico_runtime/runtime.c.o
                0x100053d4                __pre_init_first_per_core_initializer
 .preinit_array.ZZZZZ.00051
                0x100053d8        0x4 CMakeFiles/ili9341.dir/home/gabriel/.pico-sdk/sdk/2.2.0/src/rp2_common/pico_runtime_init/runtime_init.c.o
                0x100053d8                __pre_init_runtime_init_per_core_bootrom_reset
 .preinit_array.ZZZZZ.00200
                0x100053dc        0x4 CMakeFiles/ili9341.dir/home/gabriel/.pico-sdk/sdk/2.2.0/src/rp2_common/pico_runtime_init/runtime_init.c.o
                0x100053dc                __pre_init_runtime_init_per_core_enable_coprocessors
 .preinit_array.ZZZZZ.01000
                0x100053e0        0x4 CMakeFiles/ili9341.dir/home/gabriel/.pico-sdk/sdk/2.2.0/src/rp2_common/hardware_sync_spin_lock/sync_spin_lock.c.o
                0x100053e0                __pre_init_spinlock_set_extexclall
 .preinit_array.ZZZZZ.01200
                0x100053e4        0x4 CMakeFiles/ili9341.dir/home/gabriel/.pico-sdk/sdk/2.2.0/src/rp2_common/hardware_irq/irq.c.o
                0x100053e4                __pre_init_runtime_init_per_core_irq_priorities
 *(.preinit_array)
                0x100053e8                        PROVIDE (__preinit_array_end = .)
                0x100053e8                        . = ALIGN (0x4)
                0x100053e8                        PROVIDE (__init_array_start = .)
 *(SORT_BY_NAME(.init_array.*))
 *(.init_array)
 .init_array    0x100053e8        0x4 /home/gabriel/.pico-sdk/toolchain/14_2_Rel1/bin/../lib/gcc/arm-none-eabi/14.2.1/thumb/v8-m.main+fp/softfp/crtbegin.o
                0x100053ec                        PROVIDE (__init_array_end = .)
                0x100053ec                        . = ALIGN (0x4)
                [!provide]                        PROVIDE (__fini_array_start = .)
 *(SORT_BY_NAME(.fini_array.*))
 *(.fini_array)
                [!provide]                        PROVIDE (__fini_array_end = .)
 *(.eh_frame*)
 .eh_frame      0x100053ec        0x0 /home/gabriel/.pico-sdk/toolchain/14_2_Rel1/bin/../lib/gcc/arm-none-eabi/14.2.1/thumb/v8-m.main+fp/softfp/crtbegin.o
                0x100053ec                        . = ALIGN (0x4)

.glue_7         0x100053ec        0x0
 .glue_7        0x100053ec        0x0 linker stubs

.glue_7t        0x100053ec        0x0
 .glue_7t       0x100053ec        0x0 linker stubs

.vfp11_veneer   0x100053ec        0x0
 .vfp11_veneer  0x100053ec        0x0 linker stubs

.v4_bx          0x100053ec        0x0
 .v4_bx         0x100053ec        0x0 linker stubs

.iplt           0x100053ec        0x0
 .iplt          0x100053ec        0x0 /home/gabriel/.pico-sdk/toolchain/14_2_Rel1/bin/../lib/gcc/arm-none-eabi/14.2.1/thumb/v8-m.main+fp/softfp/crtbegin.o

.boot2          0x100053ec        0x0
                0x100053ec                        __boot2_start__ = .
 *(.boot2)
                0x100053ec                        __boot2_end__ = .
                0x00000001                        ASSERT (((__boot2_end__ - __boot2_start__) <= 0x100), ERROR: Pico second stage bootloader must be no more than 256 bytes in size)

.rodata         0x100053f0      0x988
 *(EXCLUDE_FILE(*libm.a: *libc.a:*lib_a-mem*.o *libgcc.a:) .rodata*)
 .rodata.main.str1.4
                0x100053f0      0x104 CMakeFiles/ili9341.dir/main.c.o
                                 0x3b (size before relaxing)
 .rodata.image_right_btn
                0x100054f4      0x2d0 CMakeFiles/ili9341.dir/main.c.o
 .rodata.image_left_btn
                0x100057c4      0x21b CMakeFiles/ili9341.dir/main.c.o
 *fill*         0x100059df        0x1 
 .rodata        0x100059e0       0x20 CMakeFiles/ili9341.dir/feedback.c.o
 .rodata.initcmd
                0x10005a00       0x70 CMakeFiles/ili9341.dir/tft_lcd_ili9341/ili9341/ili9341.c.o
                0x10005a00                initcmd
 .rodata.font6x8
                0x10005a70      0x240 CMakeFiles/ili9341.dir/tft_lcd_ili9341/gfx/gfx_ili9341.c.o
 .rodata.panic.str1.4
                0x10005cb0       0x12 CMakeFiles/ili9341.dir/home/gabriel/.pico-sdk/sdk/2.2.0/src/rp2_common/pico_platform_panic/panic.c.o
 .rodata.timer_hardware_alarm_claim.str1.4
                0x10005cb0       0x22 CMakeFiles/ili9341.dir/home/gabriel/.pico-sdk/sdk/2.2.0/src/rp2_common/hardware_timer/timer.c.o
 .rodata.hard_assertion_failure.str1.4
                0x10005cb0        0xc CMakeFiles/ili9341.dir/home/gabriel/.pico-sdk/sdk/2.2.0/src/rp2_common/pico_runtime/runtime.c.o
 .rodata.str1.4
                0x10005cb0       0x3c CMakeFiles/ili9341.dir/home/gabriel/.pico-sdk/sdk/2.2.0/src/rp2_common/pico_standard_binary_info/standard_binary_info.c.o
 .rodata.__bi_84
                0x10005cb0        0xc CMakeFiles/ili9341.dir/home/gabriel/.pico-sdk/sdk/2.2.0/src/rp2_common/pico_standard_binary_info/standard_binary_info.c.o
 .rodata.__bi_78
                0x10005cbc        0xc CMakeFiles/ili9341.dir/home/gabriel/.pico-sdk/sdk/2.2.0/src/rp2_common/pico_standard_binary_info/standard_binary_info.c.o
 .rodata.__bi_54
                0x10005cc8        0xc CMakeFiles/ili9341.dir/home/gabriel/.pico-sdk/sdk/2.2.0/src/rp2_common/pico_standard_binary_info/standard_binary_info.c.o
 .rodata.__bi_48
                0x10005cd4        0xc CMakeFiles/ili9341.dir/home/gabriel/.pico-sdk/sdk/2.2.0/src/rp2_common/pico_standard_binary_info/standard_binary_info.c.o
 .rodata.__bi_42
                0x10005ce0        0xc CMakeFiles/ili9341.dir/home/gabriel/.pico-sdk/sdk/2.2.0/src/rp2_common/pico_standard_binary_info/standard_binary_info.c.o
 .rodata.__bi_34
                0x10005cec        0xc CMakeFiles/ili9341.dir/home/gabriel/.pico-sdk/sdk/2.2.0/src/rp2_common/pico_standard_binary_info/standard_binary_info.c.o
 .rodata.__bi_26
                0x10005cf8        0xc CMakeFiles/ili9341.dir/home/gabriel/.pico-sdk/sdk/2.2.0/src/rp2_common/pico_standard_binary_info/standard_binary_info.c.o
 .rodata._ftoa.str1.4
                0x10005d04       0x15 CMakeFiles/ili9341.dir/home/gabriel/.pico-sdk/sdk/2.2.0/src/rp2_common/pico_printf/printf.c.o
 *fill*         0x10005d04        0x4 
 .rodata.pow10.0
                0x10005d08       0x50 CMakeFiles/ili9341.dir/home/gabriel/.pico-sdk/sdk/2.2.0/src/rp2_common/pico_printf/printf.c.o
 .rodata.crlf_str.0
                0x10005d58        0x2 CMakeFiles/ili9341.dir/home/gabriel/.pico-sdk/sdk/2.2.0/src/rp2_common/pico_stdio/stdio.c.o
 .rodata.str1.4
                0x10005d5a       0x2c CMakeFiles/ili9341.dir/home/gabriel/.pico-sdk/sdk/2.2.0/src/rp2_common/pico_stdio_uart/stdio_uart.c.o
 *fill*         0x10005d5a        0x2 
 .rodata.__bi_45.4
                0x10005d5c        0xc CMakeFiles/ili9341.dir/home/gabriel/.pico-sdk/sdk/2.2.0/src/rp2_common/pico_stdio_uart/stdio_uart.c.o
 .rodata.__bi_49.5
                0x10005d68        0x8 CMakeFiles/ili9341.dir/home/gabriel/.pico-sdk/sdk/2.2.0/src/rp2_common/pico_stdio_uart/stdio_uart.c.o
 .rodata.__bi_50.6
                0x10005d70        0x8 CMakeFiles/ili9341.dir/home/gabriel/.pico-sdk/sdk/2.2.0/src/rp2_common/pico_stdio_uart/stdio_uart.c.o
 *(.srodata*)
                0x10005d78                        . = ALIGN (0x4)
 *(SORT_BY_ALIGNMENT(SORT_BY_NAME(.flashdata*)))
                0x10005d78                        . = ALIGN (0x4)

.ARM.extab
 *(.ARM.extab* .gnu.linkonce.armextab.*)
                0x10005d78                        __exidx_start = .

.ARM.exidx      0x10005d78        0x8
 *(.ARM.exidx* .gnu.linkonce.armexidx.*)
 .ARM.exidx     0x10005d78        0x8 /home/gabriel/.pico-sdk/toolchain/14_2_Rel1/bin/../lib/gcc/arm-none-eabi/14.2.1/../../../../arm-none-eabi/lib/thumb/v8-m.main+fp/softfp/libg.a(libc_a-memcpy.o)
 .ARM.exidx.text.__udivmoddi4
                0x10005d80        0x0 /home/gabriel/.pico-sdk/toolchain/14_2_Rel1/bin/../lib/gcc/arm-none-eabi/14.2.1/thumb/v8-m.main+fp/softfp/libgcc.a(_udivmoddi4.o)
                                  0x8 (size before relaxing)
                0x10005d80                        __exidx_end = .
                0x10005d80                        . = ALIGN (0x4)
                0x10005d80                        __binary_info_start = .

.binary_info    0x10005d80       0x28
 *(.binary_info.keep.*)
 .binary_info.keep.__bi_ptr84
                0x10005d80        0x4 CMakeFiles/ili9341.dir/home/gabriel/.pico-sdk/sdk/2.2.0/src/rp2_common/pico_standard_binary_info/standard_binary_info.c.o
 .binary_info.keep.__bi_ptr78
                0x10005d84        0x4 CMakeFiles/ili9341.dir/home/gabriel/.pico-sdk/sdk/2.2.0/src/rp2_common/pico_standard_binary_info/standard_binary_info.c.o
 .binary_info.keep.__bi_ptr54
                0x10005d88        0x4 CMakeFiles/ili9341.dir/home/gabriel/.pico-sdk/sdk/2.2.0/src/rp2_common/pico_standard_binary_info/standard_binary_info.c.o
 .binary_info.keep.__bi_ptr48
                0x10005d8c        0x4 CMakeFiles/ili9341.dir/home/gabriel/.pico-sdk/sdk/2.2.0/src/rp2_common/pico_standard_binary_info/standard_binary_info.c.o
 .binary_info.keep.__bi_ptr42
                0x10005d90        0x4 CMakeFiles/ili9341.dir/home/gabriel/.pico-sdk/sdk/2.2.0/src/rp2_common/pico_standard_binary_info/standard_binary_info.c.o
 .binary_info.keep.__bi_ptr34
                0x10005d94        0x4 CMakeFiles/ili9341.dir/home/gabriel/.pico-sdk/sdk/2.2.0/src/rp2_common/pico_standard_binary_info/standard_binary_info.c.o
 .binary_info.keep.__bi_ptr26
                0x10005d98        0x4 CMakeFiles/ili9341.dir/home/gabriel/.pico-sdk/sdk/2.2.0/src/rp2_common/pico_standard_binary_info/standard_binary_info.c.o
 *(.binary_info.*)
 .binary_info.__bi_ptr50
                0x10005d9c        0x4 CMakeFiles/ili9341.dir/home/gabriel/.pico-sdk/sdk/2.2.0/src/rp2_common/pico_stdio_uart/stdio_uart.c.o
 .binary_info.__bi_ptr49
                0x10005da0        0x4 CMakeFiles/ili9341.dir/home/gabriel/.pico-sdk/sdk/2.2.0/src/rp2_common/pico_stdio_uart/stdio_uart.c.o
 .binary_info.__bi_ptr45
                0x10005da4        0x4 CMakeFiles/ili9341.dir/home/gabriel/.pico-sdk/sdk/2.2.0/src/rp2_common/pico_stdio_uart/stdio_uart.c.o
                0x10005da8                        __binary_info_end = .
                0x10005da8                        . = ALIGN (0x4)

.ram_vector_table
                0x20000000      0x110
 *(.ram_vector_table)
 .ram_vector_table
                0x20000000      0x110 CMakeFiles/ili9341.dir/home/gabriel/.pico-sdk/sdk/2.2.0/src/rp2_common/pico_runtime_init/runtime_init.c.o
                0x20000000                ram_vector_table

.uninitialized_data
                0x20000110        0x0
                0x20000110                        . = ALIGN (0x4)
 *(.uninitialized_data*)

.data           0x20000110      0x798 load address 0x10005da8
                0x20000110                        __data_start__ = .
 *(vtable)
 *(.time_critical*)
 .time_critical.mutex_enter_block_until
                0x20000110       0x6c CMakeFiles/ili9341.dir/home/gabriel/.pico-sdk/sdk/2.2.0/src/common/pico_sync/mutex.c.o
                0x20000110                mutex_enter_block_until
 .time_critical.mutex_try_enter_block_until
                0x2000017c       0x68 CMakeFiles/ili9341.dir/home/gabriel/.pico-sdk/sdk/2.2.0/src/common/pico_sync/mutex.c.o
                0x2000017c                mutex_try_enter_block_until
 .time_critical.mutex_exit
                0x200001e4       0x3c CMakeFiles/ili9341.dir/home/gabriel/.pico-sdk/sdk/2.2.0/src/common/pico_sync/mutex.c.o
                0x200001e4                mutex_exit
 .time_critical.spi_write_blocking
                0x20000220       0x90 CMakeFiles/ili9341.dir/home/gabriel/.pico-sdk/sdk/2.2.0/src/rp2_common/hardware_spi/spi.c.o
                0x20000220                spi_write_blocking
 .time_critical.spi_write16_blocking
                0x200002b0       0x90 CMakeFiles/ili9341.dir/home/gabriel/.pico-sdk/sdk/2.2.0/src/rp2_common/hardware_spi/spi.c.o
                0x200002b0                spi_write16_blocking
 *(.text*)
 .text          0x20000340       0x30 /home/gabriel/.pico-sdk/toolchain/14_2_Rel1/bin/../lib/gcc/arm-none-eabi/14.2.1/thumb/v8-m.main+fp/softfp/libgcc.a(_aeabi_uldivmod.o)
                0x20000340                __aeabi_uldivmod
 .text.__udivmoddi4
                0x20000370      0x34c /home/gabriel/.pico-sdk/toolchain/14_2_Rel1/bin/../lib/gcc/arm-none-eabi/14.2.1/thumb/v8-m.main+fp/softfp/libgcc.a(_udivmoddi4.o)
                0x20000370                __udivmoddi4
 .text          0x200006bc        0x4 /home/gabriel/.pico-sdk/toolchain/14_2_Rel1/bin/../lib/gcc/arm-none-eabi/14.2.1/thumb/v8-m.main+fp/softfp/libgcc.a(_dvmd_tls.o)
                0x200006bc                __aeabi_ldiv0
                0x200006bc                __aeabi_idiv0
 .text.__stub   0x200006c0        0x8 linker stubs
                0x200006c8                        . = ALIGN (0x4)
 *(.rodata*)
                0x200006c8                        . = ALIGN (0x4)
 *(.data*)
 .data.ili9341_pinTX
                0x200006c8        0x2 CMakeFiles/ili9341.dir/tft_lcd_ili9341/ili9341/ili9341.c.o
                0x200006c8                ili9341_pinTX
 .data.ili9341_pinSCK
                0x200006ca        0x2 CMakeFiles/ili9341.dir/tft_lcd_ili9341/ili9341/ili9341.c.o
                0x200006ca                ili9341_pinSCK
 .data.ili9341_pinRST
                0x200006cc        0x2 CMakeFiles/ili9341.dir/tft_lcd_ili9341/ili9341/ili9341.c.o
                0x200006cc                ili9341_pinRST
 .data.ili9341_pinDC
                0x200006ce        0x2 CMakeFiles/ili9341.dir/tft_lcd_ili9341/ili9341/ili9341.c.o
                0x200006ce                ili9341_pinDC
 .data.ili9341_pinCS
                0x200006d0        0x2 CMakeFiles/ili9341.dir/tft_lcd_ili9341/ili9341/ili9341.c.o
                0x200006d0                ili9341_pinCS
 *fill*         0x200006d2        0x2 
 .data.ili9341_spi
                0x200006d4        0x4 CMakeFiles/ili9341.dir/tft_lcd_ili9341/ili9341/ili9341.c.o
                0x200006d4                ili9341_spi
 .data.text_color
                0x200006d8        0x2 CMakeFiles/ili9341.dir/tft_lcd_ili9341/gfx/gfx_ili9341.c.o
 .data.text_size
                0x200006da        0x1 CMakeFiles/ili9341.dir/tft_lcd_ili9341/gfx/gfx_ili9341.c.o
 .data.striped_spin_lock_num
                0x200006db        0x1 CMakeFiles/ili9341.dir/home/gabriel/.pico-sdk/sdk/2.2.0/src/rp2_common/hardware_sync/sync.c.o
 .data          0x200006dc       0x48 CMakeFiles/ili9341.dir/home/gabriel/.pico-sdk/sdk/2.2.0/src/rp2_common/hardware_irq/irq_handler_chain.S.o
                0x200006dc                irq_handler_chain_slots
                0x2000070c                irq_handler_chain_first_slot
                0x20000716                irq_handler_chain_remove_tail
 .data.default_alarm_pool
                0x20000724       0x18 CMakeFiles/ili9341.dir/home/gabriel/.pico-sdk/sdk/2.2.0/src/common/pico_time/time.c.o
 .data.stdio_uart
                0x2000073c       0x18 CMakeFiles/ili9341.dir/home/gabriel/.pico-sdk/sdk/2.2.0/src/rp2_common/pico_stdio_uart/stdio_uart.c.o
                0x2000073c                stdio_uart
 .data._impure_ptr
                0x20000754        0x4 /home/gabriel/.pico-sdk/toolchain/14_2_Rel1/bin/../lib/gcc/arm-none-eabi/14.2.1/../../../../arm-none-eabi/lib/thumb/v8-m.main+fp/softfp/libg.a(libc_a-impure.o)
                0x20000754                _impure_ptr
 .data._impure_data
                0x20000758      0x140 /home/gabriel/.pico-sdk/toolchain/14_2_Rel1/bin/../lib/gcc/arm-none-eabi/14.2.1/../../../../arm-none-eabi/lib/thumb/v8-m.main+fp/softfp/libg.a(libc_a-impure.o)
                0x20000758                _impure_data
 *(.sdata*)
                0x20000898                        . = ALIGN (0x4)
 *(.after_data.*)
                0x20000898                        . = ALIGN (0x4)
                0x20000898                        PROVIDE (__mutex_array_start = .)
 *(SORT_BY_NAME(.mutex_array.*))
 *(.mutex_array)
 .mutex_array   0x20000898        0x8 CMakeFiles/ili9341.dir/home/gabriel/.pico-sdk/sdk/2.2.0/src/rp2_common/pico_malloc/malloc.c.o
 .mutex_array   0x200008a0        0x8 CMakeFiles/ili9341.dir/home/gabriel/.pico-sdk/sdk/2.2.0/src/rp2_common/pico_stdio/stdio.c.o
                0x200008a8                        PROVIDE (__mutex_array_end = .)
 *(.jcr)
                0x200008a8                        . = ALIGN (0x4)

.tm_clone_table
                0x200008a8        0x0 load address 0x10006540
 .tm_clone_table
                0x200008a8        0x0 /home/gabriel/.pico-sdk/toolchain/14_2_Rel1/bin/../lib/gcc/arm-none-eabi/14.2.1/thumb/v8-m.main+fp/softfp/crtbegin.o
 .tm_clone_table
                0x200008a8        0x0 /home/gabriel/.pico-sdk/toolchain/14_2_Rel1/bin/../lib/gcc/arm-none-eabi/14.2.1/thumb/v8-m.main+fp/softfp/crtend.o

.igot.plt       0x200008a8        0x0 load address 0x10006540
 .igot.plt      0x200008a8        0x0 /home/gabriel/.pico-sdk/toolchain/14_2_Rel1/bin/../lib/gcc/arm-none-eabi/14.2.1/thumb/v8-m.main+fp/softfp/crtbegin.o

.tdata          0x200008a8        0x0 load address 0x10006540
                0x200008a8                        . = ALIGN (0x4)
 *(.tdata .tdata.* .gnu.linkonce.td.*)
                0x200008a8                        __tdata_end = .
                0x200008a8                        PROVIDE (__data_end__ = .)
                0x10005da8                        __etext = LOADADDR (.data)

.tbss           0x200008a8        0x0 load address 0x10006540
                0x200008a8                        . = ALIGN (0x4)
                0x200008a8                        __bss_start__ = .
                0x200008a8                        __tls_base = .
 *(.tbss .tbss.* .gnu.linkonce.tb.*)
 *(.tcommon)
                0x200008a8                        __tls_end = .

.bss            0x200008a8      0x3f0 load address 0x10006540
                0x200008a8                        . = ALIGN (0x4)
                0x200008a8                        __tbss_end = .
 *(SORT_BY_ALIGNMENT(SORT_BY_NAME(.bss*)))
 .bss.default_alarm_pool_entries
                0x200008a8      0x180 CMakeFiles/ili9341.dir/home/gabriel/.pico-sdk/sdk/2.2.0/src/common/pico_time/time.c.o
 .bss.__sf      0x20000a28      0x138 /home/gabriel/.pico-sdk/toolchain/14_2_Rel1/bin/../lib/gcc/arm-none-eabi/14.2.1/../../../../arm-none-eabi/lib/thumb/v8-m.main+fp/softfp/libg.a(libc_a-findfp.o)
                0x20000a28                __sf
 .bss._sw_spin_locks
                0x20000b60       0x20 CMakeFiles/ili9341.dir/home/gabriel/.pico-sdk/sdk/2.2.0/src/rp2_common/hardware_sync_spin_lock/sync_spin_lock.c.o
                0x20000b60                _sw_spin_locks
 .bss.active_feedback
                0x20000b80        0x4 CMakeFiles/ili9341.dir/feedback.c.o
 .bss.callbacks
                0x20000b84        0x8 CMakeFiles/ili9341.dir/home/gabriel/.pico-sdk/sdk/2.2.0/src/rp2_common/hardware_gpio/gpio.c.o
 .bss.chars_available_callback
                0x20000b8c        0x4 CMakeFiles/ili9341.dir/home/gabriel/.pico-sdk/sdk/2.2.0/src/rp2_common/pico_stdio_uart/stdio_uart.c.o
 .bss.chars_available_param
                0x20000b90        0x4 CMakeFiles/ili9341.dir/home/gabriel/.pico-sdk/sdk/2.2.0/src/rp2_common/pico_stdio_uart/stdio_uart.c.o
 .bss.claimed   0x20000b94        0x2 CMakeFiles/ili9341.dir/home/gabriel/.pico-sdk/sdk/2.2.0/src/rp2_common/hardware_timer/timer.c.o
 *fill*         0x20000b96        0x2 
 .bss.configured_freq
                0x20000b98       0x28 CMakeFiles/ili9341.dir/home/gabriel/.pico-sdk/sdk/2.2.0/src/rp2_common/hardware_clocks/clocks.c.o
 .bss.current_level
                0x20000bc0        0x4 CMakeFiles/ili9341.dir/genius.c.o
 .bss.difficulty
                0x20000bc4        0x4 CMakeFiles/ili9341.dir/genius.c.o
 .bss.drivers   0x20000bc8        0x4 CMakeFiles/ili9341.dir/home/gabriel/.pico-sdk/sdk/2.2.0/src/rp2_common/pico_stdio/stdio.c.o
 .bss.feedback_timer
                0x20000bcc        0x4 CMakeFiles/ili9341.dir/feedback.c.o
 .bss.filter    0x20000bd0        0x4 CMakeFiles/ili9341.dir/home/gabriel/.pico-sdk/sdk/2.2.0/src/rp2_common/pico_stdio/stdio.c.o
 .bss.lazy_vsnprintf
                0x20000bd4        0x4 CMakeFiles/ili9341.dir/home/gabriel/.pico-sdk/sdk/2.2.0/src/rp2_common/pico_printf/printf.c.o
 .bss.object.0  0x20000bd8       0x18 /home/gabriel/.pico-sdk/toolchain/14_2_Rel1/bin/../lib/gcc/arm-none-eabi/14.2.1/thumb/v8-m.main+fp/softfp/crtbegin.o
 .bss.pools     0x20000bf0       0x20 CMakeFiles/ili9341.dir/home/gabriel/.pico-sdk/sdk/2.2.0/src/common/pico_time/time.c.o
 .bss.raw_irq_mask
                0x20000c10        0x8 CMakeFiles/ili9341.dir/home/gabriel/.pico-sdk/sdk/2.2.0/src/rp2_common/hardware_gpio/gpio.c.o
 .bss.sequence  0x20000c18       0x64 CMakeFiles/ili9341.dir/genius.c.o
 .bss.sleep_notifier
                0x20000c7c        0x4 CMakeFiles/ili9341.dir/home/gabriel/.pico-sdk/sdk/2.2.0/src/common/pico_time/time.c.o
 .bss.step_index
                0x20000c80        0x4 CMakeFiles/ili9341.dir/genius.c.o
 .bss.uart_char_to_line_feed
                0x20000c84        0x4 CMakeFiles/ili9341.dir/home/gabriel/.pico-sdk/sdk/2.2.0/src/rp2_common/hardware_uart/uart.c.o
                0x20000c84                uart_char_to_line_feed
 .bss.uart_instance
                0x20000c88        0x4 CMakeFiles/ili9341.dir/home/gabriel/.pico-sdk/sdk/2.2.0/src/rp2_common/pico_stdio_uart/stdio_uart.c.o
 .bss._height   0x20000c8c        0x2 CMakeFiles/ili9341.dir/tft_lcd_ili9341/ili9341/ili9341.c.o
                0x20000c8c                _height
 .bss._width    0x20000c8e        0x2 CMakeFiles/ili9341.dir/tft_lcd_ili9341/ili9341/ili9341.c.o
                0x20000c8e                _width
 .bss.btn_blue_flag
                0x20000c90        0x1 CMakeFiles/ili9341.dir/feedback.c.o
                0x20000c90                btn_blue_flag
 .bss.btn_green_flag
                0x20000c91        0x1 CMakeFiles/ili9341.dir/feedback.c.o
                0x20000c91                btn_green_flag
 .bss.btn_red_flag
                0x20000c92        0x1 CMakeFiles/ili9341.dir/feedback.c.o
                0x20000c92                btn_red_flag
 .bss.btn_yellow_flag
                0x20000c93        0x1 CMakeFiles/ili9341.dir/feedback.c.o
                0x20000c93                btn_yellow_flag
 .bss.irq_handler_chain_free_slot_head
                0x20000c94        0x1 CMakeFiles/ili9341.dir/home/gabriel/.pico-sdk/sdk/2.2.0/src/rp2_common/hardware_irq/irq.c.o
 .bss.rotation  0x20000c95        0x1 CMakeFiles/ili9341.dir/tft_lcd_ili9341/ili9341/ili9341.c.o
                0x20000c95                rotation
 .bss.state     0x20000c96        0x1 CMakeFiles/ili9341.dir/genius.c.o
 *(COMMON)
                [!provide]                        PROVIDE (__global_pointer$ = (. + 0x800))
 *(.sbss*)
                0x20000c98                        . = ALIGN (0x4)
 *fill*         0x20000c97        0x1 
                0x20000c98                        __bss_end__ = .

.heap           0x20000c98      0x800 load address 0x10006540
                0x20000c98                        __end__ = .
                0x20000c98                        end = __end__
 *(.heap*)
 .heap          0x20000c98      0x800 CMakeFiles/ili9341.dir/home/gabriel/.pico-sdk/sdk/2.2.0/src/rp2_common/pico_crt0/crt0.S.o
                0x20080000                        __HeapLimit = (ORIGIN (RAM) + LENGTH (RAM))

.scratch_x      0x20080000        0x0 load address 0x10006540
                0x20080000                        __scratch_x_start__ = .
 *(.scratch_x.*)
                0x20080000                        . = ALIGN (0x4)
                0x20080000                        __scratch_x_end__ = .
                0x10006540                        __scratch_x_source__ = LOADADDR (.scratch_x)

.scratch_y      0x20081000        0x0 load address 0x10006540
                0x20081000                        __scratch_y_start__ = .
 *(.scratch_y.*)
                0x20081000                        . = ALIGN (0x4)
                0x20081000                        __scratch_y_end__ = .
                0x10006540                        __scratch_y_source__ = LOADADDR (.scratch_y)

.stack1_dummy   0x20080000      0x800
 *(.stack1*)
 .stack1        0x20080000      0x800 CMakeFiles/ili9341.dir/home/gabriel/.pico-sdk/sdk/2.2.0/src/rp2_common/pico_multicore/multicore.c.o

.stack_dummy    0x20081000      0x800
 *(.stack*)
 .stack         0x20081000      0x800 CMakeFiles/ili9341.dir/home/gabriel/.pico-sdk/sdk/2.2.0/src/rp2_common/pico_crt0/crt0.S.o

.flash_end      0x10006540       0x14
 *(.embedded_end_block*)
 .embedded_end_block
                0x10006540       0x14 CMakeFiles/ili9341.dir/home/gabriel/.pico-sdk/sdk/2.2.0/src/rp2_common/pico_crt0/crt0.S.o
                0x10006554                        PROVIDE (__flash_binary_end = .)
                0x20080000                        __StackLimit = (ORIGIN (RAM) + LENGTH (RAM))
                0x20081000                        __StackOneTop = (ORIGIN (SCRATCH_X) + LENGTH (SCRATCH_X))
                0x20082000                        __StackTop = (ORIGIN (SCRATCH_Y) + LENGTH (SCRATCH_Y))
                0x20080800                        __StackOneBottom = (__StackOneTop - SIZEOF (.stack1_dummy))
                0x20081800                        __StackBottom = (__StackTop - SIZEOF (.stack_dummy))
                0x20082000                        PROVIDE (__stack = __StackTop)
                [!provide]                        PROVIDE (__heap_start = __end__)
                [!provide]                        PROVIDE (__heap_end = __HeapLimit)
                [!provide]                        PROVIDE (__tls_align = MAX (ALIGNOF (.tdata), ALIGNOF (.tbss)))
                [!provide]                        PROVIDE (__tls_size_align = (((__tls_size + __tls_align) - 0x1) & ~ ((__tls_align - 0x1))))
                [!provide]                        PROVIDE (__arm32_tls_tcb_offset = MAX (0x8, __tls_align))
                [!provide]                        PROVIDE (_end = __end__)
                [!provide]                        PROVIDE (__llvm_libc_heap_limit = __HeapLimit)
                0x00000001                        ASSERT ((__StackLimit >= __HeapLimit), region RAM overflowed)
                0x00000001                        ASSERT (((__binary_info_header_end - __logical_binary_start) <= 0x400), Binary info must be in first 1024 bytes of the binary)
                0x00000001                        ASSERT (((__embedded_block_end - __logical_binary_start) <= 0x1000), Embedded block must be in first 4096 bytes of the binary)
LOAD CMakeFiles/ili9341.dir/main.c.o
LOAD CMakeFiles/ili9341.dir/feedback.c.o
LOAD CMakeFiles/ili9341.dir/genius.c.o
LOAD CMakeFiles/ili9341.dir/tft_lcd_ili9341/ili9341/ili9341.c.o
LOAD CMakeFiles/ili9341.dir/tft_lcd_ili9341/gfx/gfx_ili9341.c.o
LOAD CMakeFiles/ili9341.dir/tft_lcd_ili9341/touch_resistive/touch_resistive.c.o
LOAD CMakeFiles/ili9341.dir/home/gabriel/.pico-sdk/sdk/2.2.0/src/rp2_common/pico_stdlib/stdlib.c.o
LOAD CMakeFiles/ili9341.dir/home/gabriel/.pico-sdk/sdk/2.2.0/src/rp2_common/hardware_gpio/gpio.c.o
LOAD CMakeFiles/ili9341.dir/home/gabriel/.pico-sdk/sdk/2.2.0/src/rp2350/pico_platform/platform.c.o
LOAD CMakeFiles/ili9341.dir/home/gabriel/.pico-sdk/sdk/2.2.0/src/rp2_common/pico_platform_common/common.c.o
LOAD CMakeFiles/ili9341.dir/home/gabriel/.pico-sdk/sdk/2.2.0/src/rp2_common/pico_platform_panic/panic.c.o
LOAD CMakeFiles/ili9341.dir/home/gabriel/.pico-sdk/sdk/2.2.0/src/common/hardware_claim/claim.c.o
LOAD CMakeFiles/ili9341.dir/home/gabriel/.pico-sdk/sdk/2.2.0/src/rp2_common/hardware_sync/sync.c.o
LOAD CMakeFiles/ili9341.dir/home/gabriel/.pico-sdk/sdk/2.2.0/src/rp2_common/hardware_sync_spin_lock/sync_spin_lock.c.o
LOAD CMakeFiles/ili9341.dir/home/gabriel/.pico-sdk/sdk/2.2.0/src/rp2_common/hardware_irq/irq.c.o
LOAD CMakeFiles/ili9341.dir/home/gabriel/.pico-sdk/sdk/2.2.0/src/rp2_common/hardware_irq/irq_handler_chain.S.o
LOAD CMakeFiles/ili9341.dir/home/gabriel/.pico-sdk/sdk/2.2.0/src/common/pico_sync/sem.c.o
LOAD CMakeFiles/ili9341.dir/home/gabriel/.pico-sdk/sdk/2.2.0/src/common/pico_sync/lock_core.c.o
LOAD CMakeFiles/ili9341.dir/home/gabriel/.pico-sdk/sdk/2.2.0/src/common/pico_sync/mutex.c.o
LOAD CMakeFiles/ili9341.dir/home/gabriel/.pico-sdk/sdk/2.2.0/src/common/pico_sync/critical_section.c.o
LOAD CMakeFiles/ili9341.dir/home/gabriel/.pico-sdk/sdk/2.2.0/src/common/pico_time/time.c.o
LOAD CMakeFiles/ili9341.dir/home/gabriel/.pico-sdk/sdk/2.2.0/src/common/pico_time/timeout_helper.c.o
LOAD CMakeFiles/ili9341.dir/home/gabriel/.pico-sdk/sdk/2.2.0/src/rp2_common/hardware_timer/timer.c.o
LOAD CMakeFiles/ili9341.dir/home/gabriel/.pico-sdk/sdk/2.2.0/src/common/pico_util/datetime.c.o
LOAD CMakeFiles/ili9341.dir/home/gabriel/.pico-sdk/sdk/2.2.0/src/common/pico_util/pheap.c.o
LOAD CMakeFiles/ili9341.dir/home/gabriel/.pico-sdk/sdk/2.2.0/src/common/pico_util/queue.c.o
LOAD CMakeFiles/ili9341.dir/home/gabriel/.pico-sdk/sdk/2.2.0/src/rp2_common/hardware_uart/uart.c.o
LOAD CMakeFiles/ili9341.dir/home/gabriel/.pico-sdk/sdk/2.2.0/src/rp2_common/hardware_clocks/clocks.c.o
LOAD CMakeFiles/ili9341.dir/home/gabriel/.pico-sdk/sdk/2.2.0/src/rp2_common/hardware_pll/pll.c.o
LOAD CMakeFiles/ili9341.dir/home/gabriel/.pico-sdk/sdk/2.2.0/src/rp2_common/hardware_vreg/vreg.c.o
LOAD CMakeFiles/ili9341.dir/home/gabriel/.pico-sdk/sdk/2.2.0/src/rp2_common/hardware_watchdog/watchdog.c.o
LOAD CMakeFiles/ili9341.dir/home/gabriel/.pico-sdk/sdk/2.2.0/src/rp2_common/hardware_ticks/ticks.c.o
LOAD CMakeFiles/ili9341.dir/home/gabriel/.pico-sdk/sdk/2.2.0/src/rp2_common/pico_bootrom/bootrom.c.o
LOAD CMakeFiles/ili9341.dir/home/gabriel/.pico-sdk/sdk/2.2.0/src/rp2_common/pico_bootrom/bootrom_lock.c.o
LOAD CMakeFiles/ili9341.dir/home/gabriel/.pico-sdk/sdk/2.2.0/src/rp2_common/hardware_boot_lock/boot_lock.c.o
LOAD CMakeFiles/ili9341.dir/home/gabriel/.pico-sdk/sdk/2.2.0/src/rp2_common/pico_flash/flash.c.o
LOAD CMakeFiles/ili9341.dir/home/gabriel/.pico-sdk/sdk/2.2.0/src/rp2_common/hardware_xosc/xosc.c.o
LOAD CMakeFiles/ili9341.dir/home/gabriel/.pico-sdk/sdk/2.2.0/src/rp2_common/hardware_divider/divider.c.o
LOAD CMakeFiles/ili9341.dir/home/gabriel/.pico-sdk/sdk/2.2.0/src/rp2_common/pico_runtime/runtime.c.o
LOAD CMakeFiles/ili9341.dir/home/gabriel/.pico-sdk/sdk/2.2.0/src/rp2_common/pico_runtime_init/runtime_init.c.o
LOAD CMakeFiles/ili9341.dir/home/gabriel/.pico-sdk/sdk/2.2.0/src/rp2_common/pico_runtime_init/runtime_init_clocks.c.o
LOAD CMakeFiles/ili9341.dir/home/gabriel/.pico-sdk/sdk/2.2.0/src/rp2_common/pico_runtime_init/runtime_init_stack_guard.c.o
LOAD CMakeFiles/ili9341.dir/home/gabriel/.pico-sdk/sdk/2.2.0/src/rp2_common/pico_bit_ops/bit_ops_aeabi.S.o
LOAD CMakeFiles/ili9341.dir/home/gabriel/.pico-sdk/sdk/2.2.0/src/rp2_common/pico_divider/divider_compiler.c.o
LOAD CMakeFiles/ili9341.dir/home/gabriel/.pico-sdk/sdk/2.2.0/src/rp2_common/pico_double/double_math.c.o
LOAD CMakeFiles/ili9341.dir/home/gabriel/.pico-sdk/sdk/2.2.0/src/rp2_common/pico_double/double_aeabi_dcp.S.o
LOAD CMakeFiles/ili9341.dir/home/gabriel/.pico-sdk/sdk/2.2.0/src/rp2_common/pico_double/double_fma_dcp.S.o
LOAD CMakeFiles/ili9341.dir/home/gabriel/.pico-sdk/sdk/2.2.0/src/rp2_common/pico_double/double_sci_m33.S.o
LOAD CMakeFiles/ili9341.dir/home/gabriel/.pico-sdk/sdk/2.2.0/src/rp2_common/pico_double/double_conv_m33.S.o
LOAD CMakeFiles/ili9341.dir/home/gabriel/.pico-sdk/sdk/2.2.0/src/rp2_common/pico_float/float_math.c.o
LOAD CMakeFiles/ili9341.dir/home/gabriel/.pico-sdk/sdk/2.2.0/src/rp2_common/pico_float/float_conv32_vfp.S.o
LOAD CMakeFiles/ili9341.dir/home/gabriel/.pico-sdk/sdk/2.2.0/src/rp2_common/pico_float/float_common_m33.S.o
LOAD CMakeFiles/ili9341.dir/home/gabriel/.pico-sdk/sdk/2.2.0/src/rp2_common/pico_float/float_sci_m33_vfp.S.o
LOAD CMakeFiles/ili9341.dir/home/gabriel/.pico-sdk/sdk/2.2.0/src/rp2_common/pico_malloc/malloc.c.o
LOAD CMakeFiles/ili9341.dir/home/gabriel/.pico-sdk/sdk/2.2.0/src/rp2_common/pico_atomic/atomic.c.o
LOAD CMakeFiles/ili9341.dir/home/gabriel/.pico-sdk/sdk/2.2.0/src/rp2_common/pico_cxx_options/new_delete.cpp.o
LOAD CMakeFiles/ili9341.dir/home/gabriel/.pico-sdk/sdk/2.2.0/src/rp2_common/pico_standard_binary_info/standard_binary_info.c.o
LOAD CMakeFiles/ili9341.dir/home/gabriel/.pico-sdk/sdk/2.2.0/src/rp2_common/pico_printf/printf.c.o
LOAD CMakeFiles/ili9341.dir/home/gabriel/.pico-sdk/sdk/2.2.0/src/rp2_common/pico_crt0/crt0.S.o
LOAD CMakeFiles/ili9341.dir/home/gabriel/.pico-sdk/sdk/2.2.0/src/rp2_common/pico_clib_interface/newlib_interface.c.o
LOAD CMakeFiles/ili9341.dir/home/gabriel/.pico-sdk/sdk/2.2.0/src/rp2_common/pico_stdio/stdio.c.o
LOAD CMakeFiles/ili9341.dir/home/gabriel/.pico-sdk/sdk/2.2.0/src/rp2_common/pico_stdio_uart/stdio_uart.c.o
LOAD CMakeFiles/ili9341.dir/home/gabriel/.pico-sdk/sdk/2.2.0/src/rp2_common/pico_multicore/multicore.c.o
LOAD CMakeFiles/ili9341.dir/home/gabriel/.pico-sdk/sdk/2.2.0/src/rp2_common/hardware_spi/spi.c.o
LOAD CMakeFiles/ili9341.dir/home/gabriel/.pico-sdk/sdk/2.2.0/src/rp2_common/hardware_adc/adc.c.o
LOAD pico-sdk/src/rp2350/boot_stage2/CMakeFiles/bs2_default_library.dir/bs2_default_padded_checksummed.S.o
LOAD /home/gabriel/.pico-sdk/toolchain/14_2_Rel1/bin/../lib/gcc/arm-none-eabi/14.2.1/../../../../arm-none-eabi/lib/thumb/v8-m.main+fp/softfp/libstdc++.a
LOAD /home/gabriel/.pico-sdk/toolchain/14_2_Rel1/bin/../lib/gcc/arm-none-eabi/14.2.1/../../../../arm-none-eabi/lib/thumb/v8-m.main+fp/softfp/libm.a
START GROUP
LOAD /home/gabriel/.pico-sdk/toolchain/14_2_Rel1/bin/../lib/gcc/arm-none-eabi/14.2.1/thumb/v8-m.main+fp/softfp/libgcc.a
LOAD /home/gabriel/.pico-sdk/toolchain/14_2_Rel1/bin/../lib/gcc/arm-none-eabi/14.2.1/../../../../arm-none-eabi/lib/thumb/v8-m.main+fp/softfp/libg.a
LOAD /home/gabriel/.pico-sdk/toolchain/14_2_Rel1/bin/../lib/gcc/arm-none-eabi/14.2.1/../../../../arm-none-eabi/lib/thumb/v8-m.main+fp/softfp/libc.a
END GROUP
START GROUP
LOAD /home/gabriel/.pico-sdk/toolchain/14_2_Rel1/bin/../lib/gcc/arm-none-eabi/14.2.1/thumb/v8-m.main+fp/softfp/libgcc.a
LOAD /home/gabriel/.pico-sdk/toolchain/14_2_Rel1/bin/../lib/gcc/arm-none-eabi/14.2.1/../../../../arm-none-eabi/lib/thumb/v8-m.main+fp/softfp/libc.a
LOAD /home/gabriel/.pico-sdk/toolchain/14_2_Rel1/bin/../lib/gcc/arm-none-eabi/14.2.1/../../../../arm-none-eabi/lib/thumb/v8-m.main+fp/softfp/libnosys.a
END GROUP
LOAD /home/gabriel/.pico-sdk/toolchain/14_2_Rel1/bin/../lib/gcc/arm-none-eabi/14.2.1/thumb/v8-m.main+fp/softfp/crtend.o
LOAD /home/gabriel/.pico-sdk/toolchain/14_2_Rel1/bin/../lib/gcc/arm-none-eabi/14.2.1/thumb/v8-m.main+fp/softfp/crtn.o
OUTPUT(ili9341.elf elf32-littlearm)
LOAD linker stubs

.rel.dyn        0x10006554        0x0
 .rel.iplt      0x10006554        0x0 /home/gabriel/.pico-sdk/toolchain/14_2_Rel1/bin/../lib/gcc/arm-none-eabi/14.2.1/thumb/v8-m.main+fp/softfp/crtbegin.o

.ARM.attributes
                0x00000000       0x34
 .ARM.attributes
                0x00000000       0x26 /home/gabriel/.pico-sdk/toolchain/14_2_Rel1/bin/../lib/gcc/arm-none-eabi/14.2.1/thumb/v8-m.main+fp/softfp/crti.o
 .ARM.attributes
                0x00000026       0x36 /home/gabriel/.pico-sdk/toolchain/14_2_Rel1/bin/../lib/gcc/arm-none-eabi/14.2.1/thumb/v8-m.main+fp/softfp/crtbegin.o
 .ARM.attributes
                0x0000005c       0x38 CMakeFiles/ili9341.dir/main.c.o
 .ARM.attributes
                0x00000094       0x38 CMakeFiles/ili9341.dir/feedback.c.o
 .ARM.attributes
                0x000000cc       0x38 CMakeFiles/ili9341.dir/genius.c.o
 .ARM.attributes
                0x00000104       0x38 CMakeFiles/ili9341.dir/tft_lcd_ili9341/ili9341/ili9341.c.o
 .ARM.attributes
                0x0000013c       0x38 CMakeFiles/ili9341.dir/tft_lcd_ili9341/gfx/gfx_ili9341.c.o
 .ARM.attributes
                0x00000174       0x38 CMakeFiles/ili9341.dir/tft_lcd_ili9341/touch_resistive/touch_resistive.c.o
 .ARM.attributes
                0x000001ac       0x38 CMakeFiles/ili9341.dir/home/gabriel/.pico-sdk/sdk/2.2.0/src/rp2_common/hardware_gpio/gpio.c.o
 .ARM.attributes
                0x000001e4       0x38 CMakeFiles/ili9341.dir/home/gabriel/.pico-sdk/sdk/2.2.0/src/rp2_common/pico_platform_panic/panic.c.o
 .ARM.attributes
                0x0000021c       0x38 CMakeFiles/ili9341.dir/home/gabriel/.pico-sdk/sdk/2.2.0/src/common/hardware_claim/claim.c.o
 .ARM.attributes
                0x00000254       0x38 CMakeFiles/ili9341.dir/home/gabriel/.pico-sdk/sdk/2.2.0/src/rp2_common/hardware_sync/sync.c.o
 .ARM.attributes
                0x0000028c       0x38 CMakeFiles/ili9341.dir/home/gabriel/.pico-sdk/sdk/2.2.0/src/rp2_common/hardware_sync_spin_lock/sync_spin_lock.c.o
 .ARM.attributes
                0x000002c4       0x38 CMakeFiles/ili9341.dir/home/gabriel/.pico-sdk/sdk/2.2.0/src/rp2_common/hardware_irq/irq.c.o
 .ARM.attributes
                0x000002fc       0x28 CMakeFiles/ili9341.dir/home/gabriel/.pico-sdk/sdk/2.2.0/src/rp2_common/hardware_irq/irq_handler_chain.S.o
 .ARM.attributes
                0x00000324       0x38 CMakeFiles/ili9341.dir/home/gabriel/.pico-sdk/sdk/2.2.0/src/common/pico_sync/lock_core.c.o
 .ARM.attributes
                0x0000035c       0x38 CMakeFiles/ili9341.dir/home/gabriel/.pico-sdk/sdk/2.2.0/src/common/pico_sync/mutex.c.o
 .ARM.attributes
                0x00000394       0x38 CMakeFiles/ili9341.dir/home/gabriel/.pico-sdk/sdk/2.2.0/src/common/pico_time/time.c.o
 .ARM.attributes
                0x000003cc       0x38 CMakeFiles/ili9341.dir/home/gabriel/.pico-sdk/sdk/2.2.0/src/rp2_common/hardware_timer/timer.c.o
 .ARM.attributes
                0x00000404       0x38 CMakeFiles/ili9341.dir/home/gabriel/.pico-sdk/sdk/2.2.0/src/rp2_common/hardware_uart/uart.c.o
 .ARM.attributes
                0x0000043c       0x38 CMakeFiles/ili9341.dir/home/gabriel/.pico-sdk/sdk/2.2.0/src/rp2_common/hardware_clocks/clocks.c.o
 .ARM.attributes
                0x00000474       0x38 CMakeFiles/ili9341.dir/home/gabriel/.pico-sdk/sdk/2.2.0/src/rp2_common/hardware_pll/pll.c.o
 .ARM.attributes
                0x000004ac       0x38 CMakeFiles/ili9341.dir/home/gabriel/.pico-sdk/sdk/2.2.0/src/rp2_common/hardware_ticks/ticks.c.o
 .ARM.attributes
                0x000004e4       0x38 CMakeFiles/ili9341.dir/home/gabriel/.pico-sdk/sdk/2.2.0/src/rp2_common/pico_bootrom/bootrom.c.o
 .ARM.attributes
                0x0000051c       0x38 CMakeFiles/ili9341.dir/home/gabriel/.pico-sdk/sdk/2.2.0/src/rp2_common/pico_bootrom/bootrom_lock.c.o
 .ARM.attributes
                0x00000554       0x38 CMakeFiles/ili9341.dir/home/gabriel/.pico-sdk/sdk/2.2.0/src/rp2_common/hardware_boot_lock/boot_lock.c.o
 .ARM.attributes
                0x0000058c       0x38 CMakeFiles/ili9341.dir/home/gabriel/.pico-sdk/sdk/2.2.0/src/rp2_common/hardware_xosc/xosc.c.o
 .ARM.attributes
                0x000005c4       0x38 CMakeFiles/ili9341.dir/home/gabriel/.pico-sdk/sdk/2.2.0/src/rp2_common/pico_runtime/runtime.c.o
 .ARM.attributes
                0x000005fc       0x38 CMakeFiles/ili9341.dir/home/gabriel/.pico-sdk/sdk/2.2.0/src/rp2_common/pico_runtime_init/runtime_init.c.o
 .ARM.attributes
                0x00000634       0x38 CMakeFiles/ili9341.dir/home/gabriel/.pico-sdk/sdk/2.2.0/src/rp2_common/pico_runtime_init/runtime_init_clocks.c.o
 .ARM.attributes
                0x0000066c       0x28 CMakeFiles/ili9341.dir/home/gabriel/.pico-sdk/sdk/2.2.0/src/rp2_common/pico_double/double_aeabi_dcp.S.o
 .ARM.attributes
                0x00000694       0x38 CMakeFiles/ili9341.dir/home/gabriel/.pico-sdk/sdk/2.2.0/src/rp2_common/pico_malloc/malloc.c.o
 .ARM.attributes
                0x000006cc       0x38 CMakeFiles/ili9341.dir/home/gabriel/.pico-sdk/sdk/2.2.0/src/rp2_common/pico_standard_binary_info/standard_binary_info.c.o
 .ARM.attributes
                0x00000704       0x38 CMakeFiles/ili9341.dir/home/gabriel/.pico-sdk/sdk/2.2.0/src/rp2_common/pico_printf/printf.c.o
 .ARM.attributes
                0x0000073c       0x28 CMakeFiles/ili9341.dir/home/gabriel/.pico-sdk/sdk/2.2.0/src/rp2_common/pico_crt0/crt0.S.o
 .ARM.attributes
                0x00000764       0x38 CMakeFiles/ili9341.dir/home/gabriel/.pico-sdk/sdk/2.2.0/src/rp2_common/pico_clib_interface/newlib_interface.c.o
 .ARM.attributes
                0x0000079c       0x38 CMakeFiles/ili9341.dir/home/gabriel/.pico-sdk/sdk/2.2.0/src/rp2_common/pico_stdio/stdio.c.o
 .ARM.attributes
                0x000007d4       0x38 CMakeFiles/ili9341.dir/home/gabriel/.pico-sdk/sdk/2.2.0/src/rp2_common/pico_stdio_uart/stdio_uart.c.o
 .ARM.attributes
                0x0000080c       0x38 CMakeFiles/ili9341.dir/home/gabriel/.pico-sdk/sdk/2.2.0/src/rp2_common/pico_multicore/multicore.c.o
 .ARM.attributes
                0x00000844       0x38 CMakeFiles/ili9341.dir/home/gabriel/.pico-sdk/sdk/2.2.0/src/rp2_common/hardware_spi/spi.c.o
 .ARM.attributes
                0x0000087c       0x38 CMakeFiles/ili9341.dir/home/gabriel/.pico-sdk/sdk/2.2.0/src/rp2_common/hardware_adc/adc.c.o
 .ARM.attributes
                0x000008b4       0x26 /home/gabriel/.pico-sdk/toolchain/14_2_Rel1/bin/../lib/gcc/arm-none-eabi/14.2.1/thumb/v8-m.main+fp/softfp/libgcc.a(_aeabi_uldivmod.o)
 .ARM.attributes
                0x000008da       0x36 /home/gabriel/.pico-sdk/toolchain/14_2_Rel1/bin/../lib/gcc/arm-none-eabi/14.2.1/thumb/v8-m.main+fp/softfp/libgcc.a(_udivmoddi4.o)
 .ARM.attributes
                0x00000910       0x26 /home/gabriel/.pico-sdk/toolchain/14_2_Rel1/bin/../lib/gcc/arm-none-eabi/14.2.1/thumb/v8-m.main+fp/softfp/libgcc.a(_dvmd_tls.o)
 .ARM.attributes
                0x00000936       0x36 /home/gabriel/.pico-sdk/toolchain/14_2_Rel1/bin/../lib/gcc/arm-none-eabi/14.2.1/../../../../arm-none-eabi/lib/thumb/v8-m.main+fp/softfp/libg.a(libc_a-rand.o)
 .ARM.attributes
                0x0000096c       0x36 /home/gabriel/.pico-sdk/toolchain/14_2_Rel1/bin/../lib/gcc/arm-none-eabi/14.2.1/../../../../arm-none-eabi/lib/thumb/v8-m.main+fp/softfp/libg.a(libc_a-impure.o)
 .ARM.attributes
                0x000009a2       0x24 /home/gabriel/.pico-sdk/toolchain/14_2_Rel1/bin/../lib/gcc/arm-none-eabi/14.2.1/../../../../arm-none-eabi/lib/thumb/v8-m.main+fp/softfp/libg.a(libc_a-memcpy.o)
 .ARM.attributes
                0x000009c6       0x36 /home/gabriel/.pico-sdk/toolchain/14_2_Rel1/bin/../lib/gcc/arm-none-eabi/14.2.1/../../../../arm-none-eabi/lib/thumb/v8-m.main+fp/softfp/libg.a(libc_a-strlen-stub.o)
 .ARM.attributes
                0x000009fc       0x36 /home/gabriel/.pico-sdk/toolchain/14_2_Rel1/bin/../lib/gcc/arm-none-eabi/14.2.1/../../../../arm-none-eabi/lib/thumb/v8-m.main+fp/softfp/libg.a(libc_a-findfp.o)
 .ARM.attributes
                0x00000a32       0x36 /home/gabriel/.pico-sdk/toolchain/14_2_Rel1/bin/../lib/gcc/arm-none-eabi/14.2.1/thumb/v8-m.main+fp/softfp/crtend.o

.comment        0x00000000       0x45
 .comment       0x00000000       0x45 CMakeFiles/ili9341.dir/main.c.o
                                 0x46 (size before relaxing)
 .comment       0x00000045       0x46 CMakeFiles/ili9341.dir/feedback.c.o
 .comment       0x00000045       0x46 CMakeFiles/ili9341.dir/genius.c.o
 .comment       0x00000045       0x46 CMakeFiles/ili9341.dir/tft_lcd_ili9341/ili9341/ili9341.c.o
 .comment       0x00000045       0x46 CMakeFiles/ili9341.dir/tft_lcd_ili9341/gfx/gfx_ili9341.c.o
 .comment       0x00000045       0x46 CMakeFiles/ili9341.dir/tft_lcd_ili9341/touch_resistive/touch_resistive.c.o
 .comment       0x00000045       0x46 CMakeFiles/ili9341.dir/home/gabriel/.pico-sdk/sdk/2.2.0/src/rp2_common/hardware_gpio/gpio.c.o
 .comment       0x00000045       0x46 CMakeFiles/ili9341.dir/home/gabriel/.pico-sdk/sdk/2.2.0/src/rp2_common/pico_platform_panic/panic.c.o
 .comment       0x00000045       0x46 CMakeFiles/ili9341.dir/home/gabriel/.pico-sdk/sdk/2.2.0/src/common/hardware_claim/claim.c.o
 .comment       0x00000045       0x46 CMakeFiles/ili9341.dir/home/gabriel/.pico-sdk/sdk/2.2.0/src/rp2_common/hardware_sync/sync.c.o
 .comment       0x00000045       0x46 CMakeFiles/ili9341.dir/home/gabriel/.pico-sdk/sdk/2.2.0/src/rp2_common/hardware_sync_spin_lock/sync_spin_lock.c.o
 .comment       0x00000045       0x46 CMakeFiles/ili9341.dir/home/gabriel/.pico-sdk/sdk/2.2.0/src/rp2_common/hardware_irq/irq.c.o
 .comment       0x00000045       0x46 CMakeFiles/ili9341.dir/home/gabriel/.pico-sdk/sdk/2.2.0/src/common/pico_sync/lock_core.c.o
 .comment       0x00000045       0x46 CMakeFiles/ili9341.dir/home/gabriel/.pico-sdk/sdk/2.2.0/src/common/pico_sync/mutex.c.o
 .comment       0x00000045       0x46 CMakeFiles/ili9341.dir/home/gabriel/.pico-sdk/sdk/2.2.0/src/common/pico_time/time.c.o
 .comment       0x00000045       0x46 CMakeFiles/ili9341.dir/home/gabriel/.pico-sdk/sdk/2.2.0/src/rp2_common/hardware_timer/timer.c.o
 .comment       0x00000045       0x46 CMakeFiles/ili9341.dir/home/gabriel/.pico-sdk/sdk/2.2.0/src/rp2_common/hardware_uart/uart.c.o
 .comment       0x00000045       0x46 CMakeFiles/ili9341.dir/home/gabriel/.pico-sdk/sdk/2.2.0/src/rp2_common/hardware_clocks/clocks.c.o
 .comment       0x00000045       0x46 CMakeFiles/ili9341.dir/home/gabriel/.pico-sdk/sdk/2.2.0/src/rp2_common/hardware_pll/pll.c.o
 .comment       0x00000045       0x46 CMakeFiles/ili9341.dir/home/gabriel/.pico-sdk/sdk/2.2.0/src/rp2_common/hardware_ticks/ticks.c.o
 .comment       0x00000045       0x46 CMakeFiles/ili9341.dir/home/gabriel/.pico-sdk/sdk/2.2.0/src/rp2_common/pico_bootrom/bootrom.c.o
 .comment       0x00000045       0x46 CMakeFiles/ili9341.dir/home/gabriel/.pico-sdk/sdk/2.2.0/src/rp2_common/pico_bootrom/bootrom_lock.c.o
 .comment       0x00000045       0x46 CMakeFiles/ili9341.dir/home/gabriel/.pico-sdk/sdk/2.2.0/src/rp2_common/hardware_boot_lock/boot_lock.c.o
 .comment       0x00000045       0x46 CMakeFiles/ili9341.dir/home/gabriel/.pico-sdk/sdk/2.2.0/src/rp2_common/hardware_xosc/xosc.c.o
 .comment       0x00000045       0x46 CMakeFiles/ili9341.dir/home/gabriel/.pico-sdk/sdk/2.2.0/src/rp2_common/pico_runtime/runtime.c.o
 .comment       0x00000045       0x46 CMakeFiles/ili9341.dir/home/gabriel/.pico-sdk/sdk/2.2.0/src/rp2_common/pico_runtime_init/runtime_init.c.o
 .comment       0x00000045       0x46 CMakeFiles/ili9341.dir/home/gabriel/.pico-sdk/sdk/2.2.0/src/rp2_common/pico_runtime_init/runtime_init_clocks.c.o
 .comment       0x00000045       0x46 CMakeFiles/ili9341.dir/home/gabriel/.pico-sdk/sdk/2.2.0/src/rp2_common/pico_malloc/malloc.c.o
 .comment       0x00000045       0x46 CMakeFiles/ili9341.dir/home/gabriel/.pico-sdk/sdk/2.2.0/src/rp2_common/pico_standard_binary_info/standard_binary_info.c.o
 .comment       0x00000045       0x46 CMakeFiles/ili9341.dir/home/gabriel/.pico-sdk/sdk/2.2.0/src/rp2_common/pico_printf/printf.c.o
 .comment       0x00000045       0x46 CMakeFiles/ili9341.dir/home/gabriel/.pico-sdk/sdk/2.2.0/src/rp2_common/pico_clib_interface/newlib_interface.c.o
 .comment       0x00000045       0x46 CMakeFiles/ili9341.dir/home/gabriel/.pico-sdk/sdk/2.2.0/src/rp2_common/pico_stdio/stdio.c.o
 .comment       0x00000045       0x46 CMakeFiles/ili9341.dir/home/gabriel/.pico-sdk/sdk/2.2.0/src/rp2_common/pico_stdio_uart/stdio_uart.c.o
 .comment       0x00000045       0x46 CMakeFiles/ili9341.dir/home/gabriel/.pico-sdk/sdk/2.2.0/src/rp2_common/pico_multicore/multicore.c.o
 .comment       0x00000045       0x46 CMakeFiles/ili9341.dir/home/gabriel/.pico-sdk/sdk/2.2.0/src/rp2_common/hardware_spi/spi.c.o
 .comment       0x00000045       0x46 CMakeFiles/ili9341.dir/home/gabriel/.pico-sdk/sdk/2.2.0/src/rp2_common/hardware_adc/adc.c.o

.debug_info     0x00000000    0x31201
 .debug_info    0x00000000     0x153d CMakeFiles/ili9341.dir/main.c.o
 .debug_info    0x0000153d     0x2ddd CMakeFiles/ili9341.dir/feedback.c.o
 .debug_info    0x0000431a      0xb8f CMakeFiles/ili9341.dir/genius.c.o
 .debug_info    0x00004ea9     0x49b8 CMakeFiles/ili9341.dir/tft_lcd_ili9341/ili9341/ili9341.c.o
 .debug_info    0x00009861     0x16c6 CMakeFiles/ili9341.dir/tft_lcd_ili9341/gfx/gfx_ili9341.c.o
 .debug_info    0x0000af27     0x17b5 CMakeFiles/ili9341.dir/tft_lcd_ili9341/touch_resistive/touch_resistive.c.o
 .debug_info    0x0000c6dc     0x2416 CMakeFiles/ili9341.dir/home/gabriel/.pico-sdk/sdk/2.2.0/src/rp2_common/hardware_gpio/gpio.c.o
 .debug_info    0x0000eaf2      0x1be CMakeFiles/ili9341.dir/home/gabriel/.pico-sdk/sdk/2.2.0/src/rp2_common/pico_platform_panic/panic.c.o
 .debug_info    0x0000ecb0      0xb78 CMakeFiles/ili9341.dir/home/gabriel/.pico-sdk/sdk/2.2.0/src/common/hardware_claim/claim.c.o
 .debug_info    0x0000f828      0x46f CMakeFiles/ili9341.dir/home/gabriel/.pico-sdk/sdk/2.2.0/src/rp2_common/hardware_sync/sync.c.o
 .debug_info    0x0000fc97     0x145e CMakeFiles/ili9341.dir/home/gabriel/.pico-sdk/sdk/2.2.0/src/rp2_common/hardware_sync_spin_lock/sync_spin_lock.c.o
 .debug_info    0x000110f5     0x262d CMakeFiles/ili9341.dir/home/gabriel/.pico-sdk/sdk/2.2.0/src/rp2_common/hardware_irq/irq.c.o
 .debug_info    0x00013722      0x187 CMakeFiles/ili9341.dir/home/gabriel/.pico-sdk/sdk/2.2.0/src/common/pico_sync/lock_core.c.o
 .debug_info    0x000138a9     0x1e7c CMakeFiles/ili9341.dir/home/gabriel/.pico-sdk/sdk/2.2.0/src/common/pico_sync/mutex.c.o
 .debug_info    0x00015725     0x5492 CMakeFiles/ili9341.dir/home/gabriel/.pico-sdk/sdk/2.2.0/src/common/pico_time/time.c.o
 .debug_info    0x0001abb7     0x30c6 CMakeFiles/ili9341.dir/home/gabriel/.pico-sdk/sdk/2.2.0/src/rp2_common/hardware_timer/timer.c.o
 .debug_info    0x0001dc7d     0x19a6 CMakeFiles/ili9341.dir/home/gabriel/.pico-sdk/sdk/2.2.0/src/rp2_common/hardware_uart/uart.c.o
 .debug_info    0x0001f623     0x28c2 CMakeFiles/ili9341.dir/home/gabriel/.pico-sdk/sdk/2.2.0/src/rp2_common/hardware_clocks/clocks.c.o
 .debug_info    0x00021ee5      0x507 CMakeFiles/ili9341.dir/home/gabriel/.pico-sdk/sdk/2.2.0/src/rp2_common/hardware_pll/pll.c.o
 .debug_info    0x000223ec      0x26c CMakeFiles/ili9341.dir/home/gabriel/.pico-sdk/sdk/2.2.0/src/rp2_common/hardware_ticks/ticks.c.o
 .debug_info    0x00022658     0x10ab CMakeFiles/ili9341.dir/home/gabriel/.pico-sdk/sdk/2.2.0/src/rp2_common/pico_bootrom/bootrom.c.o
 .debug_info    0x00023703      0x1c4 CMakeFiles/ili9341.dir/home/gabriel/.pico-sdk/sdk/2.2.0/src/rp2_common/pico_bootrom/bootrom_lock.c.o
 .debug_info    0x000238c7      0x316 CMakeFiles/ili9341.dir/home/gabriel/.pico-sdk/sdk/2.2.0/src/rp2_common/hardware_boot_lock/boot_lock.c.o
 .debug_info    0x00023bdd      0x1b1 CMakeFiles/ili9341.dir/home/gabriel/.pico-sdk/sdk/2.2.0/src/rp2_common/hardware_xosc/xosc.c.o
 .debug_info    0x00023d8e      0x21a CMakeFiles/ili9341.dir/home/gabriel/.pico-sdk/sdk/2.2.0/src/rp2_common/pico_runtime/runtime.c.o
 .debug_info    0x00023fa8     0x1c34 CMakeFiles/ili9341.dir/home/gabriel/.pico-sdk/sdk/2.2.0/src/rp2_common/pico_runtime_init/runtime_init.c.o
 .debug_info    0x00025bdc      0x7c9 CMakeFiles/ili9341.dir/home/gabriel/.pico-sdk/sdk/2.2.0/src/rp2_common/pico_runtime_init/runtime_init_clocks.c.o
 .debug_info    0x000263a5       0x23 CMakeFiles/ili9341.dir/home/gabriel/.pico-sdk/sdk/2.2.0/src/rp2_common/pico_double/double_aeabi_dcp.S.o
 .debug_info    0x000263c8      0x6c1 CMakeFiles/ili9341.dir/home/gabriel/.pico-sdk/sdk/2.2.0/src/rp2_common/pico_malloc/malloc.c.o
 .debug_info    0x00026a89      0x2b8 CMakeFiles/ili9341.dir/home/gabriel/.pico-sdk/sdk/2.2.0/src/rp2_common/pico_standard_binary_info/standard_binary_info.c.o
 .debug_info    0x00026d41     0x22ff CMakeFiles/ili9341.dir/home/gabriel/.pico-sdk/sdk/2.2.0/src/rp2_common/pico_printf/printf.c.o
 .debug_info    0x00029040       0x23 CMakeFiles/ili9341.dir/home/gabriel/.pico-sdk/sdk/2.2.0/src/rp2_common/pico_crt0/crt0.S.o
 .debug_info    0x00029063      0xc25 CMakeFiles/ili9341.dir/home/gabriel/.pico-sdk/sdk/2.2.0/src/rp2_common/pico_clib_interface/newlib_interface.c.o
 .debug_info    0x00029c88     0x1dd5 CMakeFiles/ili9341.dir/home/gabriel/.pico-sdk/sdk/2.2.0/src/rp2_common/pico_stdio/stdio.c.o
 .debug_info    0x0002ba5d     0x1903 CMakeFiles/ili9341.dir/home/gabriel/.pico-sdk/sdk/2.2.0/src/rp2_common/pico_stdio_uart/stdio_uart.c.o
 .debug_info    0x0002d360     0x2865 CMakeFiles/ili9341.dir/home/gabriel/.pico-sdk/sdk/2.2.0/src/rp2_common/pico_multicore/multicore.c.o
 .debug_info    0x0002fbc5     0x122c CMakeFiles/ili9341.dir/home/gabriel/.pico-sdk/sdk/2.2.0/src/rp2_common/hardware_spi/spi.c.o
 .debug_info    0x00030df1      0x410 CMakeFiles/ili9341.dir/home/gabriel/.pico-sdk/sdk/2.2.0/src/rp2_common/hardware_adc/adc.c.o

.debug_abbrev   0x00000000     0x773f
 .debug_abbrev  0x00000000      0x36a CMakeFiles/ili9341.dir/main.c.o
 .debug_abbrev  0x0000036a      0x448 CMakeFiles/ili9341.dir/feedback.c.o
 .debug_abbrev  0x000007b2      0x297 CMakeFiles/ili9341.dir/genius.c.o
 .debug_abbrev  0x00000a49      0x415 CMakeFiles/ili9341.dir/tft_lcd_ili9341/ili9341/ili9341.c.o
 .debug_abbrev  0x00000e5e      0x345 CMakeFiles/ili9341.dir/tft_lcd_ili9341/gfx/gfx_ili9341.c.o
 .debug_abbrev  0x000011a3      0x392 CMakeFiles/ili9341.dir/tft_lcd_ili9341/touch_resistive/touch_resistive.c.o
 .debug_abbrev  0x00001535      0x558 CMakeFiles/ili9341.dir/home/gabriel/.pico-sdk/sdk/2.2.0/src/rp2_common/hardware_gpio/gpio.c.o
 .debug_abbrev  0x00001a8d      0x12b CMakeFiles/ili9341.dir/home/gabriel/.pico-sdk/sdk/2.2.0/src/rp2_common/pico_platform_panic/panic.c.o
 .debug_abbrev  0x00001bb8      0x35e CMakeFiles/ili9341.dir/home/gabriel/.pico-sdk/sdk/2.2.0/src/common/hardware_claim/claim.c.o
 .debug_abbrev  0x00001f16      0x22f CMakeFiles/ili9341.dir/home/gabriel/.pico-sdk/sdk/2.2.0/src/rp2_common/hardware_sync/sync.c.o
 .debug_abbrev  0x00002145      0x26e CMakeFiles/ili9341.dir/home/gabriel/.pico-sdk/sdk/2.2.0/src/rp2_common/hardware_sync_spin_lock/sync_spin_lock.c.o
 .debug_abbrev  0x000023b3      0x63b CMakeFiles/ili9341.dir/home/gabriel/.pico-sdk/sdk/2.2.0/src/rp2_common/hardware_irq/irq.c.o
 .debug_abbrev  0x000029ee      0x11e CMakeFiles/ili9341.dir/home/gabriel/.pico-sdk/sdk/2.2.0/src/common/pico_sync/lock_core.c.o
 .debug_abbrev  0x00002b0c      0x49b CMakeFiles/ili9341.dir/home/gabriel/.pico-sdk/sdk/2.2.0/src/common/pico_sync/mutex.c.o
 .debug_abbrev  0x00002fa7      0x644 CMakeFiles/ili9341.dir/home/gabriel/.pico-sdk/sdk/2.2.0/src/common/pico_time/time.c.o
 .debug_abbrev  0x000035eb      0x4f9 CMakeFiles/ili9341.dir/home/gabriel/.pico-sdk/sdk/2.2.0/src/rp2_common/hardware_timer/timer.c.o
 .debug_abbrev  0x00003ae4      0x367 CMakeFiles/ili9341.dir/home/gabriel/.pico-sdk/sdk/2.2.0/src/rp2_common/hardware_uart/uart.c.o
 .debug_abbrev  0x00003e4b      0x517 CMakeFiles/ili9341.dir/home/gabriel/.pico-sdk/sdk/2.2.0/src/rp2_common/hardware_clocks/clocks.c.o
 .debug_abbrev  0x00004362      0x1a8 CMakeFiles/ili9341.dir/home/gabriel/.pico-sdk/sdk/2.2.0/src/rp2_common/hardware_pll/pll.c.o
 .debug_abbrev  0x0000450a      0x146 CMakeFiles/ili9341.dir/home/gabriel/.pico-sdk/sdk/2.2.0/src/rp2_common/hardware_ticks/ticks.c.o
 .debug_abbrev  0x00004650      0x458 CMakeFiles/ili9341.dir/home/gabriel/.pico-sdk/sdk/2.2.0/src/rp2_common/pico_bootrom/bootrom.c.o
 .debug_abbrev  0x00004aa8       0xfb CMakeFiles/ili9341.dir/home/gabriel/.pico-sdk/sdk/2.2.0/src/rp2_common/pico_bootrom/bootrom_lock.c.o
 .debug_abbrev  0x00004ba3      0x1de CMakeFiles/ili9341.dir/home/gabriel/.pico-sdk/sdk/2.2.0/src/rp2_common/hardware_boot_lock/boot_lock.c.o
 .debug_abbrev  0x00004d81      0x109 CMakeFiles/ili9341.dir/home/gabriel/.pico-sdk/sdk/2.2.0/src/rp2_common/hardware_xosc/xosc.c.o
 .debug_abbrev  0x00004e8a      0x182 CMakeFiles/ili9341.dir/home/gabriel/.pico-sdk/sdk/2.2.0/src/rp2_common/pico_runtime/runtime.c.o
 .debug_abbrev  0x0000500c      0x310 CMakeFiles/ili9341.dir/home/gabriel/.pico-sdk/sdk/2.2.0/src/rp2_common/pico_runtime_init/runtime_init.c.o
 .debug_abbrev  0x0000531c      0x2b8 CMakeFiles/ili9341.dir/home/gabriel/.pico-sdk/sdk/2.2.0/src/rp2_common/pico_runtime_init/runtime_init_clocks.c.o
 .debug_abbrev  0x000055d4       0x12 CMakeFiles/ili9341.dir/home/gabriel/.pico-sdk/sdk/2.2.0/src/rp2_common/pico_double/double_aeabi_dcp.S.o
 .debug_abbrev  0x000055e6      0x21d CMakeFiles/ili9341.dir/home/gabriel/.pico-sdk/sdk/2.2.0/src/rp2_common/pico_malloc/malloc.c.o
 .debug_abbrev  0x00005803       0xb8 CMakeFiles/ili9341.dir/home/gabriel/.pico-sdk/sdk/2.2.0/src/rp2_common/pico_standard_binary_info/standard_binary_info.c.o
 .debug_abbrev  0x000058bb      0x505 CMakeFiles/ili9341.dir/home/gabriel/.pico-sdk/sdk/2.2.0/src/rp2_common/pico_printf/printf.c.o
 .debug_abbrev  0x00005dc0       0x12 CMakeFiles/ili9341.dir/home/gabriel/.pico-sdk/sdk/2.2.0/src/rp2_common/pico_crt0/crt0.S.o
 .debug_abbrev  0x00005dd2      0x375 CMakeFiles/ili9341.dir/home/gabriel/.pico-sdk/sdk/2.2.0/src/rp2_common/pico_clib_interface/newlib_interface.c.o
 .debug_abbrev  0x00006147      0x601 CMakeFiles/ili9341.dir/home/gabriel/.pico-sdk/sdk/2.2.0/src/rp2_common/pico_stdio/stdio.c.o
 .debug_abbrev  0x00006748      0x493 CMakeFiles/ili9341.dir/home/gabriel/.pico-sdk/sdk/2.2.0/src/rp2_common/pico_stdio_uart/stdio_uart.c.o
 .debug_abbrev  0x00006bdb      0x6fd CMakeFiles/ili9341.dir/home/gabriel/.pico-sdk/sdk/2.2.0/src/rp2_common/pico_multicore/multicore.c.o
 .debug_abbrev  0x000072d8      0x326 CMakeFiles/ili9341.dir/home/gabriel/.pico-sdk/sdk/2.2.0/src/rp2_common/hardware_spi/spi.c.o
 .debug_abbrev  0x000075fe      0x141 CMakeFiles/ili9341.dir/home/gabriel/.pico-sdk/sdk/2.2.0/src/rp2_common/hardware_adc/adc.c.o

.debug_loclists
                0x00000000    0x177cf
 .debug_loclists
                0x00000000      0x1cf CMakeFiles/ili9341.dir/main.c.o
 .debug_loclists