Archive member included to satisfy reference by file (symbol)

/home/gabriel/.pico-sdk/toolchain/14_2_Rel1/bin/../lib/gcc/arm-none-eabi/14.2.1/../../../../arm-none-eabi/lib/thumb/v8-m.main+fp/softfp/libm.a(libm_a-wf_sqrt.o)
                              CMakeFiles/ili9341.dir/home/gabriel/.pico-sdk/sdk/2.2.0/src/rp2_common/pico_float/float_math.c.o (sqrtf)
/home/gabriel/.pico-sdk/toolchain/14_2_Rel1/bin/../lib/gcc/arm-none-eabi/14.2.1/../../../../arm-none-eabi/lib/thumb/v8-m.main+fp/softfp/libm.a(libm_a-ef_sqrt.o)
                              /home/gabriel/.pico-sdk/toolchain/14_2_Rel1/bin/../lib/gcc/arm-none-eabi/14.2.1/../../../../arm-none-eabi/lib/thumb/v8-m.main+fp/softfp/libm.a(libm_a-wf_sqrt.o) (__ieee754_sqrtf)
/home/gabriel/.pico-sdk/toolchain/14_2_Rel1/bin/../lib/gcc/arm-none-eabi/14.2.1/thumb/v8-m.main+fp/softfp/libgcc.a(_arm_addsubdf3.o)
                              CMakeFiles/ili9341.dir/home/gabriel/.pico-sdk/sdk/2.2.0/src/rp2_common/pico_float/float_math.c.o (__aeabi_f2d)
/home/gabriel/.pico-sdk/toolchain/14_2_Rel1/bin/../lib/gcc/arm-none-eabi/14.2.1/thumb/v8-m.main+fp/softfp/libgcc.a(_aeabi_ldivmod.o)
                              CMakeFiles/ili9341.dir/home/gabriel/.pico-sdk/sdk/2.2.0/src/common/pico_time/time.c.o (__aeabi_ldivmod)
/home/gabriel/.pico-sdk/toolchain/14_2_Rel1/bin/../lib/gcc/arm-none-eabi/14.2.1/thumb/v8-m.main+fp/softfp/libgcc.a(_aeabi_uldivmod.o)
                              CMakeFiles/ili9341.dir/home/gabriel/.pico-sdk/sdk/2.2.0/src/rp2_common/hardware_clocks/clocks.c.o (__aeabi_uldivmod)
/home/gabriel/.pico-sdk/toolchain/14_2_Rel1/bin/../lib/gcc/arm-none-eabi/14.2.1/thumb/v8-m.main+fp/softfp/libgcc.a(_udivmoddi4.o)
                              /home/gabriel/.pico-sdk/toolchain/14_2_Rel1/bin/../lib/gcc/arm-none-eabi/14.2.1/thumb/v8-m.main+fp/softfp/libgcc.a(_aeabi_ldivmod.o) (__udivmoddi4)
/home/gabriel/.pico-sdk/toolchain/14_2_Rel1/bin/../lib/gcc/arm-none-eabi/14.2.1/thumb/v8-m.main+fp/softfp/libgcc.a(_dvmd_tls.o)
                              /home/gabriel/.pico-sdk/toolchain/14_2_Rel1/bin/../lib/gcc/arm-none-eabi/14.2.1/thumb/v8-m.main+fp/softfp/libgcc.a(_aeabi_ldivmod.o) (__aeabi_ldiv0)
/home/gabriel/.pico-sdk/toolchain/14_2_Rel1/bin/../lib/gcc/arm-none-eabi/14.2.1/../../../../arm-none-eabi/lib/thumb/v8-m.main+fp/softfp/libg.a(libc_a-calloc.o)
                              CMakeFiles/ili9341.dir/home/gabriel/.pico-sdk/sdk/2.2.0/src/rp2_common/pico_malloc/malloc.c.o (calloc)
/home/gabriel/.pico-sdk/toolchain/14_2_Rel1/bin/../lib/gcc/arm-none-eabi/14.2.1/../../../../arm-none-eabi/lib/thumb/v8-m.main+fp/softfp/libg.a(libc_a-callocr.o)
                              /home/gabriel/.pico-sdk/toolchain/14_2_Rel1/bin/../lib/gcc/arm-none-eabi/14.2.1/../../../../arm-none-eabi/lib/thumb/v8-m.main+fp/softfp/libg.a(libc_a-calloc.o) (_calloc_r)
/home/gabriel/.pico-sdk/toolchain/14_2_Rel1/bin/../lib/gcc/arm-none-eabi/14.2.1/../../../../arm-none-eabi/lib/thumb/v8-m.main+fp/softfp/libg.a(libc_a-malloc.o)
                              CMakeFiles/ili9341.dir/home/gabriel/.pico-sdk/sdk/2.2.0/src/rp2_common/pico_malloc/malloc.c.o (malloc)
/home/gabriel/.pico-sdk/toolchain/14_2_Rel1/bin/../lib/gcc/arm-none-eabi/14.2.1/../../../../arm-none-eabi/lib/thumb/v8-m.main+fp/softfp/libg.a(libc_a-mallocr.o)
                              /home/gabriel/.pico-sdk/toolchain/14_2_Rel1/bin/../lib/gcc/arm-none-eabi/14.2.1/../../../../arm-none-eabi/lib/thumb/v8-m.main+fp/softfp/libg.a(libc_a-callocr.o) (_malloc_r)
/home/gabriel/.pico-sdk/toolchain/14_2_Rel1/bin/../lib/gcc/arm-none-eabi/14.2.1/../../../../arm-none-eabi/lib/thumb/v8-m.main+fp/softfp/libg.a(libc_a-mlock.o)
                              /home/gabriel/.pico-sdk/toolchain/14_2_Rel1/bin/../lib/gcc/arm-none-eabi/14.2.1/../../../../arm-none-eabi/lib/thumb/v8-m.main+fp/softfp/libg.a(libc_a-mallocr.o) (__malloc_lock)
/home/gabriel/.pico-sdk/toolchain/14_2_Rel1/bin/../lib/gcc/arm-none-eabi/14.2.1/../../../../arm-none-eabi/lib/thumb/v8-m.main+fp/softfp/libg.a(libc_a-realloc.o)
                              CMakeFiles/ili9341.dir/home/gabriel/.pico-sdk/sdk/2.2.0/src/rp2_common/pico_malloc/malloc.c.o (realloc)
/home/gabriel/.pico-sdk/toolchain/14_2_Rel1/bin/../lib/gcc/arm-none-eabi/14.2.1/../../../../arm-none-eabi/lib/thumb/v8-m.main+fp/softfp/libg.a(libc_a-reallocr.o)
                              /home/gabriel/.pico-sdk/toolchain/14_2_Rel1/bin/../lib/gcc/arm-none-eabi/14.2.1/../../../../arm-none-eabi/lib/thumb/v8-m.main+fp/softfp/libg.a(libc_a-realloc.o) (_realloc_r)
/home/gabriel/.pico-sdk/toolchain/14_2_Rel1/bin/../lib/gcc/arm-none-eabi/14.2.1/../../../../arm-none-eabi/lib/thumb/v8-m.main+fp/softfp/libg.a(libc_a-memcmp.o)
                              CMakeFiles/ili9341.dir/home/gabriel/.pico-sdk/sdk/2.2.0/src/rp2_common/pico_atomic/atomic.c.o (memcmp)
/home/gabriel/.pico-sdk/toolchain/14_2_Rel1/bin/../lib/gcc/arm-none-eabi/14.2.1/../../../../arm-none-eabi/lib/thumb/v8-m.main+fp/softfp/libg.a(libc_a-memmove.o)
[...]
Memory Configuration

Name             Origin             Length             Attributes
FLASH            0x10000000         0x00400000         xr
RAM              0x20000000         0x00080000         xrw
SCRATCH_X        0x20080000         0x00001000         xrw
SCRATCH_Y        0x20081000         0x00001000         xrw
*default*        0x00000000         0xffffffff

Linker script and memory map

LOAD /home/gabriel/.pico-sdk/toolchain/14_2_Rel1/bin/../lib/gcc/arm-none-eabi/14.2.1/thumb/v8-m.main+fp/softfp/crti.o
LOAD /home/gabriel/.pico-sdk/toolchain/14_2_Rel1/bin/../lib/gcc/arm-none-eabi/14.2.1/thumb/v8-m.main+fp/softfp/crtbegin.o
LOAD /home/gabriel/.pico-sdk/toolchain/14_2_Rel1/bin/../lib/gcc/arm-none-eabi/14.2.1/../../../../arm-none-eabi/lib/thumb/v8-m.main+fp/softfp/crt0.o

.flash_begin    0x10000000        0x0
                0x10000000                        __flash_binary_start = .

.text           0x10000000     0x2b6c
                0x10000000                        __logical_binary_start = .
 *(.vectors)
 .vectors       0x10000000      0x124 CMakeFiles/ili9341.dir/home/gabriel/.pico-sdk/sdk/2.2.0/src/rp2_common/pico_crt0/crt0.S.o
                0x10000000                __vectors
                0x10000000                __VECTOR_TABLE
                0x10000110                isr_securefault
                0x10000110                isr_irq30
                0x10000110                __unhandled_user_irq
                0x10000110                isr_irq49
                0x10000110                isr_irq13
                0x10000110                isr_irq43
                0x10000110                isr_irq45
                0x10000110                isr_irq27
                0x10000110                isr_irq32
                0x10000110                isr_irq31
                0x10000110                isr_irq5
                0x10000110                isr_irq11
                0x10000110                isr_irq23
                0x10000110                isr_usagefault
                0x10000110                isr_irq48
                0x10000110                isr_irq35
                0x10000110                isr_irq18
                0x10000110                isr_irq50
                0x10000110                isr_irq40
                0x10000110                isr_irq28
                0x10000110                isr_irq19
                0x10000110                isr_irq36
                0x10000110                isr_irq41
                0x10000110                isr_irq0
                0x10000110                isr_irq6
                0x10000110                isr_memmanage
                0x10000110                isr_irq37
                0x10000110                isr_irq42
                0x10000110                isr_irq22
                0x10000110                isr_irq17
                0x10000110                isr_irq38
                0x10000110                isr_irq14
                0x10000110                __vectors_end
                0x10000110                __default_isrs_start
                0x10000110                isr_irq2
                0x10000110                isr_irq10
                0x10000110                isr_irq8
                0x10000110                isr_debugmonitor
                0x10000110                isr_irq24
                0x10000110                isr_irq46
                0x10000110                isr_irq1
                0x10000110                isr_irq47
                0x10000110                isr_irq51
                0x10000110                isr_irq7
                0x10000110                isr_irq21
                0x10000110                isr_irq39
                0x10000110                isr_irq20
                0x10000110                isr_irq15
                0x10000110                isr_irq25
                0x10000110                isr_irq34
                0x10000110                isr_irq4
                0x10000110                isr_busfault
                0x10000110                isr_irq16
                0x10000110                isr_irq44
                0x10000110                isr_irq29
                0x10000110                isr_irq26
                0x10000110                isr_irq33
                0x10000110                isr_irq3
                0x10000110                isr_irq12
                0x10000110                isr_irq9
                0x10000116                unhandled_user_irq_num_in_r0
                0x10000118                isr_invalid
                0x1000011a                isr_nmi
                0x1000011c                isr_hardfault
                0x1000011e                isr_svcall
                0x10000120                isr_pendsv
                0x10000122                isr_systick
                0x10000124                __default_isrs_end
 *(.binary_info_header)
 .binary_info_header
                0x10000124       0x14 CMakeFiles/ili9341.dir/home/gabriel/.pico-sdk/sdk/2.2.0/src/rp2_common/pico_crt0/crt0.S.o
                0x10000138                        __binary_info_header_end = .
 *(.embedded_block)
 .embedded_block
                0x10000138       0x14 CMakeFiles/ili9341.dir/home/gabriel/.pico-sdk/sdk/2.2.0/src/rp2_common/pico_crt0/crt0.S.o
                0x1000014c                        __embedded_block_end = .
 *(.reset)
 .reset         0x1000014c       0x98 CMakeFiles/ili9341.dir/home/gabriel/.pico-sdk/sdk/2.2.0/src/rp2_common/pico_crt0/crt0.S.o
                0x1000014c                _entry_point
 *(.init)
 .init          0x100001e4        0x4 /home/gabriel/.pico-sdk/toolchain/14_2_Rel1/bin/../lib/gcc/arm-none-eabi/14.2.1/thumb/v8-m.main+fp/softfp/crti.o
                0x100001e4                _init
 *libgcc.a:cmse_nonsecure_call.o()
 *(EXCLUDE_FILE(*libm.a: *libc.a:*lib_a-mem*.o *libgcc.a:) .text*)
 .text.register_tm_clones
                0x100001e8       0x28 /home/gabriel/.pico-sdk/toolchain/14_2_Rel1/bin/../lib/gcc/arm-none-eabi/14.2.1/thumb/v8-m.main+fp/softfp/crtbegin.o
 .text.frame_dummy
                0x10000210       0x24 /home/gabriel/.pico-sdk/toolchain/14_2_Rel1/bin/../lib/gcc/arm-none-eabi/14.2.1/thumb/v8-m.main+fp/softfp/crtbegin.o
 .text.startup.main
                0x10000234      0x268 CMakeFiles/ili9341.dir/main.c.o
                0x10000234                main
 .text.initSPI  0x1000049c       0xac CMakeFiles/ili9341.dir/tft_lcd_ili9341/ili9341/ili9341.c.o
                0x1000049c                initSPI
 .text.LCD_initDisplay
                0x10000548      0x1b8 CMakeFiles/ili9341.dir/tft_lcd_ili9341/ili9341/ili9341.c.o
                0x10000548                LCD_initDisplay
 .text.LCD_setRotation
                0x10000700      0x114 CMakeFiles/ili9341.dir/tft_lcd_ili9341/ili9341/ili9341.c.o
                0x10000700                LCD_setRotation
 .text.LCD_WritePixel
                0x10000814      0x1f8 CMakeFiles/ili9341.dir/tft_lcd_ili9341/ili9341/ili9341.c.o
                0x10000814                LCD_WritePixel
 .text.gfx_init
                0x10000a0c        0x4 CMakeFiles/ili9341.dir/tft_lcd_ili9341/gfx/gfx_ili9341.c.o
                0x10000a0c                gfx_init
 .text.gfx_touchTransform
                0x10000a10       0x3c CMakeFiles/ili9341.dir/tft_lcd_ili9341/gfx/gfx_ili9341.c.o
                0x10000a10                gfx_touchTransform
 .text.gfx_fillRect
                0x10000a4c       0x70 CMakeFiles/ili9341.dir/tft_lcd_ili9341/gfx/gfx_ili9341.c.o
                0x10000a4c                gfx_fillRect
 .text.gfx_clear
                0x10000abc       0x54 CMakeFiles/ili9341.dir/tft_lcd_ili9341/gfx/gfx_ili9341.c.o
                0x10000abc                gfx_clear
 .text.gfx_setTextSize
                0x10000b10       0x10 CMakeFiles/ili9341.dir/tft_lcd_ili9341/gfx/gfx_ili9341.c.o
                0x10000b10                gfx_setTextSize
 .text.gfx_setTextColor
                0x10000b20        0xc CMakeFiles/ili9341.dir/tft_lcd_ili9341/gfx/gfx_ili9341.c.o
                0x10000b20                gfx_setTextColor
 .text.gfx_drawText
                0x10000b2c      0x110 CMakeFiles/ili9341.dir/tft_lcd_ili9341/gfx/gfx_ili9341.c.o
                0x10000b2c                gfx_drawText
 .text.gfx_drawBitmap
                0x10000c3c       0xe4 CMakeFiles/ili9341.dir/tft_lcd_ili9341/gfx/gfx_ili9341.c.o
                0x10000c3c                gfx_drawBitmap
 .text.configure_touch
                0x10000d20       0x5c CMakeFiles/ili9341.dir/tft_lcd_ili9341/touch_resistive/touch_resistive.c.o
                0x10000d20                configure_touch
 .text.configReadTouchX
                0x10000d7c       0x94 CMakeFiles/ili9341.dir/tft_lcd_ili9341/touch_resistive/touch_resistive.c.o
                0x10000d7c                configReadTouchX
 .text.configReadTouchY
                0x10000e10       0x90 CMakeFiles/ili9341.dir/tft_lcd_ili9341/touch_resistive/touch_resistive.c.o
                0x10000e10                configReadTouchY
 .text.readTouchZ
                0x10000ea0      0x108 CMakeFiles/ili9341.dir/tft_lcd_ili9341/touch_resistive/touch_resistive.c.o
                0x10000ea0                readTouchZ
 .text.readRawPoint
                0x10000fa8       0xd8 CMakeFiles/ili9341.dir/tft_lcd_ili9341/touch_resistive/touch_resistive.c.o
                0x10000fa8                readRawPoint
 .text.readPoint
                0x10001080       0xa4 CMakeFiles/ili9341.dir/tft_lcd_ili9341/touch_resistive/touch_resistive.c.o
                0x10001080                readPoint
 .text.gpio_set_function
                0x10001124       0x3c CMakeFiles/ili9341.dir/home/gabriel/.pico-sdk/sdk/2.2.0/src/rp2_common/hardware_gpio/gpio.c.o
                0x10001124                gpio_set_function
 .text.gpio_set_pulls
                0x10001160       0x28 CMakeFiles/ili9341.dir/home/gabriel/.pico-sdk/sdk/2.2.0/src/rp2_common/hardware_gpio/gpio.c.o
                0x10001160                gpio_set_pulls
 .text.gpio_set_input_enabled
                0x10001188       0x20 CMakeFiles/ili9341.dir/home/gabriel/.pico-sdk/sdk/2.2.0/src/rp2_common/hardware_gpio/gpio.c.o
                0x10001188                gpio_set_input_enabled
 .text.gpio_init
                0x100011a8       0x48 CMakeFiles/ili9341.dir/home/gabriel/.pico-sdk/sdk/2.2.0/src/rp2_common/hardware_gpio/gpio.c.o
                0x100011a8                gpio_init
 .text.panic    0x100011f0       0x30 CMakeFiles/ili9341.dir/home/gabriel/.pico-sdk/sdk/2.2.0/src/rp2_common/pico_platform_panic/panic.c.o
                0x100011f0                panic
 .text.hw_claim_or_assert
                0x10001220       0x58 CMakeFiles/ili9341.dir/home/gabriel/.pico-sdk/sdk/2.2.0/src/common/hardware_claim/claim.c.o
                0x10001220                hw_claim_or_assert
 .text.next_striped_spin_lock_num
                0x10001278       0x18 CMakeFiles/ili9341.dir/home/gabriel/.pico-sdk/sdk/2.2.0/src/rp2_common/hardware_sync/sync.c.o
                0x10001278                next_striped_spin_lock_num
 .text.spinlock_set_extexclall
                0x10001290       0x10 CMakeFiles/ili9341.dir/home/gabriel/.pico-sdk/sdk/2.2.0/src/rp2_common/hardware_sync_spin_lock/sync_spin_lock.c.o
 .text.spin_locks_reset
                0x100012a0       0x18 CMakeFiles/ili9341.dir/home/gabriel/.pico-sdk/sdk/2.2.0/src/rp2_common/hardware_sync_spin_lock/sync_spin_lock.c.o
                0x100012a0                spin_locks_reset
 .text.runtime_init_per_core_irq_priorities
                0x100012b8       0x40 CMakeFiles/ili9341.dir/home/gabriel/.pico-sdk/sdk/2.2.0/src/rp2_common/hardware_irq/irq.c.o
                0x100012b8                runtime_init_per_core_irq_priorities
 .text.irq_set_enabled
                0x100012f8       0x2c CMakeFiles/ili9341.dir/home/gabriel/.pico-sdk/sdk/2.2.0/src/rp2_common/hardware_irq/irq.c.o
                0x100012f8                irq_set_enabled
 .text.irq_set_exclusive_handler
                0x10001324       0x60 CMakeFiles/ili9341.dir/home/gabriel/.pico-sdk/sdk/2.2.0/src/rp2_common/hardware_irq/irq.c.o
                0x10001324                irq_set_exclusive_handler
 .text.irq_remove_handler
                0x10001384      0x1f4 CMakeFiles/ili9341.dir/home/gabriel/.pico-sdk/sdk/2.2.0/src/rp2_common/hardware_irq/irq.c.o
                0x10001384                irq_remove_handler
 .text.irq_add_tail_to_free_list
                0x10001578       0xbc CMakeFiles/ili9341.dir/home/gabriel/.pico-sdk/sdk/2.2.0/src/rp2_common/hardware_irq/irq.c.o
                0x10001578                irq_add_tail_to_free_list
 .text.lock_init
                0x10001634        0xc CMakeFiles/ili9341.dir/home/gabriel/.pico-sdk/sdk/2.2.0/src/common/pico_sync/lock_core.c.o
                0x10001634                lock_init
 .text.runtime_init_mutex
                0x10001640       0x4c CMakeFiles/ili9341.dir/home/gabriel/.pico-sdk/sdk/2.2.0/src/common/pico_sync/mutex.c.o
                0x10001640                runtime_init_mutex
 .text.sleep_until_callback
                0x1000168c       0x3c CMakeFiles/ili9341.dir/home/gabriel/.pico-sdk/sdk/2.2.0/src/common/pico_time/time.c.o
 .text.alarm_pool_irq_handler
                0x100016c8      0x2f0 CMakeFiles/ili9341.dir/home/gabriel/.pico-sdk/sdk/2.2.0/src/common/pico_time/time.c.o
 .text.runtime_init_default_alarm_pool
                0x100019b8      0x100 CMakeFiles/ili9341.dir/home/gabriel/.pico-sdk/sdk/2.2.0/src/common/pico_time/time.c.o
                0x100019b8                runtime_init_default_alarm_pool
 .text.alarm_pool_add_alarm_at_force_in_context
                0x10001ab8       0xc8 CMakeFiles/ili9341.dir/home/gabriel/.pico-sdk/sdk/2.2.0/src/common/pico_time/time.c.o
                0x10001ab8                alarm_pool_add_alarm_at_force_in_context
 .text.alarm_pool_cancel_alarm
                0x10001b80       0x80 CMakeFiles/ili9341.dir/home/gabriel/.pico-sdk/sdk/2.2.0/src/common/pico_time/time.c.o
                0x10001b80                alarm_pool_cancel_alarm
 .text.sleep_ms
                0x10001c00       0xdc CMakeFiles/ili9341.dir/home/gabriel/.pico-sdk/sdk/2.2.0/src/common/pico_time/time.c.o
                0x10001c00                sleep_ms
 .text.best_effort_wfe_or_timeout
                0x10001cdc       0xd4 CMakeFiles/ili9341.dir/home/gabriel/.pico-sdk/sdk/2.2.0/src/common/pico_time/time.c.o
                0x10001cdc                best_effort_wfe_or_timeout
 .text.timer_hardware_alarm_claim
                0x10001db0       0x24 CMakeFiles/ili9341.dir/home/gabriel/.pico-sdk/sdk/2.2.0/src/rp2_common/hardware_timer/timer.c.o
                0x10001db0                timer_hardware_alarm_claim
 .text.timer_time_us_64
                0x10001dd4       0x10 CMakeFiles/ili9341.dir/home/gabriel/.pico-sdk/sdk/2.2.0/src/rp2_common/hardware_timer/timer.c.o
                0x10001dd4                timer_time_us_64
 .text.time_us_64
                0x10001de4       0x14 CMakeFiles/ili9341.dir/home/gabriel/.pico-sdk/sdk/2.2.0/src/rp2_common/hardware_timer/timer.c.o
                0x10001de4                time_us_64
 .text.busy_wait_us
                0x10001df8       0x5c CMakeFiles/ili9341.dir/home/gabriel/.pico-sdk/sdk/2.2.0/src/rp2_common/hardware_timer/timer.c.o
                0x10001df8                busy_wait_us
 .text.busy_wait_until
                0x10001e54       0x24 CMakeFiles/ili9341.dir/home/gabriel/.pico-sdk/sdk/2.2.0/src/rp2_common/hardware_timer/timer.c.o
                0x10001e54                busy_wait_until
 .text.uart_init
                0x10001e78      0x104 CMakeFiles/ili9341.dir/home/gabriel/.pico-sdk/sdk/2.2.0/src/rp2_common/hardware_uart/uart.c.o
                0x10001e78                uart_init
 .text.clock_configure_undivided
                0x10001f7c       0xd0 CMakeFiles/ili9341.dir/home/gabriel/.pico-sdk/sdk/2.2.0/src/rp2_common/hardware_clocks/clocks.c.o
                0x10001f7c                clock_configure_undivided
 .text.clock_get_hz
                0x1000204c        0xc CMakeFiles/ili9341.dir/home/gabriel/.pico-sdk/sdk/2.2.0/src/rp2_common/hardware_clocks/clocks.c.o
                0x1000204c                clock_get_hz
 .text.pll_init
                0x10002058       0x8c CMakeFiles/ili9341.dir/home/gabriel/.pico-sdk/sdk/2.2.0/src/rp2_common/hardware_pll/pll.c.o
                0x10002058                pll_init
 .text.tick_start
                0x100020e4       0x18 CMakeFiles/ili9341.dir/home/gabriel/.pico-sdk/sdk/2.2.0/src/rp2_common/hardware_ticks/ticks.c.o
                0x100020e4                tick_start
 .text.rom_func_lookup
                0x100020fc       0x18 CMakeFiles/ili9341.dir/home/gabriel/.pico-sdk/sdk/2.2.0/src/rp2_common/pico_bootrom/bootrom.c.o
                0x100020fc                rom_func_lookup
 .text.runtime_init_bootrom_locking_enable
                0x10002114       0x14 CMakeFiles/ili9341.dir/home/gabriel/.pico-sdk/sdk/2.2.0/src/rp2_common/pico_bootrom/bootrom_lock.c.o
                0x10002114                runtime_init_bootrom_locking_enable
 .text.runtime_init_boot_locks_reset
                0x10002128       0x1c CMakeFiles/ili9341.dir/home/gabriel/.pico-sdk/sdk/2.2.0/src/rp2_common/hardware_boot_lock/boot_lock.c.o
                0x10002128                runtime_init_boot_locks_reset
 .text.xosc_init
                0x10002144       0x30 CMakeFiles/ili9341.dir/home/gabriel/.pico-sdk/sdk/2.2.0/src/rp2_common/hardware_xosc/xosc.c.o
                0x10002144                xosc_init
 .text.first_per_core_initializer
                0x10002174        0x4 CMakeFiles/ili9341.dir/home/gabriel/.pico-sdk/sdk/2.2.0/src/rp2_common/pico_runtime/runtime.c.o
 .text.hard_assertion_failure
                0x10002178        0xc CMakeFiles/ili9341.dir/home/gabriel/.pico-sdk/sdk/2.2.0/src/rp2_common/pico_runtime/runtime.c.o
                0x10002178                hard_assertion_failure
 .text.runtime_run_initializers
                0x10002184       0x20 CMakeFiles/ili9341.dir/home/gabriel/.pico-sdk/sdk/2.2.0/src/rp2_common/pico_runtime/runtime.c.o
                0x10002184                runtime_run_initializers
 .text.runtime_init_early_resets
                0x100021a4       0x34 CMakeFiles/ili9341.dir/home/gabriel/.pico-sdk/sdk/2.2.0/src/rp2_common/pico_runtime_init/runtime_init.c.o
                0x100021a4                runtime_init_early_resets
 .text.runtime_init_usb_power_down
                0x100021d8       0x1c CMakeFiles/ili9341.dir/home/gabriel/.pico-sdk/sdk/2.2.0/src/rp2_common/pico_runtime_init/runtime_init.c.o
                0x100021d8                runtime_init_usb_power_down
 .text.runtime_init_per_core_enable_coprocessors
                0x100021f4       0x1c CMakeFiles/ili9341.dir/home/gabriel/.pico-sdk/sdk/2.2.0/src/rp2_common/pico_runtime_init/runtime_init.c.o
                0x100021f4                runtime_init_per_core_enable_coprocessors
 .text.runtime_init_post_clock_resets
                0x10002210       0x20 CMakeFiles/ili9341.dir/home/gabriel/.pico-sdk/sdk/2.2.0/src/rp2_common/pico_runtime_init/runtime_init.c.o
                0x10002210                runtime_init_post_clock_resets
 .text.runtime_init_bootrom_reset
                0x10002230       0x14 CMakeFiles/ili9341.dir/home/gabriel/.pico-sdk/sdk/2.2.0/src/rp2_common/pico_runtime_init/runtime_init.c.o
                0x10002230                runtime_init_bootrom_reset
 .text.runtime_init_per_core_bootrom_reset
                0x10002244       0x14 CMakeFiles/ili9341.dir/home/gabriel/.pico-sdk/sdk/2.2.0/src/rp2_common/pico_runtime_init/runtime_init.c.o
                0x10002244                runtime_init_per_core_bootrom_reset
 .text.runtime_init_spin_locks_reset
                0x10002258        0x4 CMakeFiles/ili9341.dir/home/gabriel/.pico-sdk/sdk/2.2.0/src/rp2_common/pico_runtime_init/runtime_init.c.o
                0x10002258                runtime_init_spin_locks_reset
 .text.runtime_init_install_ram_vector_table
                0x1000225c       0x68 CMakeFiles/ili9341.dir/home/gabriel/.pico-sdk/sdk/2.2.0/src/rp2_common/pico_runtime_init/runtime_init.c.o
                0x1000225c                runtime_init_install_ram_vector_table
 .text.runtime_init_clocks
                0x100022c4       0xdc CMakeFiles/ili9341.dir/home/gabriel/.pico-sdk/sdk/2.2.0/src/rp2_common/pico_runtime_init/runtime_init_clocks.c.o
                0x100022c4                runtime_init_clocks
 .text._out_char
                0x100023a0        0x8 CMakeFiles/ili9341.dir/home/gabriel/.pico-sdk/sdk/2.2.0/src/rp2_common/pico_printf/printf.c.o
 .text.weak_raw_vprintf
                0x100023a8       0x30 CMakeFiles/ili9341.dir/home/gabriel/.pico-sdk/sdk/2.2.0/src/rp2_common/pico_printf/printf.c.o
                0x100023a8                weak_raw_vprintf
 .text._exit    0x100023d8        0x4 CMakeFiles/ili9341.dir/home/gabriel/.pico-sdk/sdk/2.2.0/src/rp2_common/pico_clib_interface/newlib_interface.c.o
                0x100023d8                _exit
 .text.exit     0x100023dc        0x8 CMakeFiles/ili9341.dir/home/gabriel/.pico-sdk/sdk/2.2.0/src/rp2_common/pico_clib_interface/newlib_interface.c.o
                0x100023dc                exit
 .text.runtime_init
                0x100023e4       0x24 CMakeFiles/ili9341.dir/home/gabriel/.pico-sdk/sdk/2.2.0/src/rp2_common/pico_clib_interface/newlib_interface.c.o
                0x100023e4                runtime_init
 .text.stdio_out_chars_no_crlf
                0x10002408        0x8 CMakeFiles/ili9341.dir/home/gabriel/.pico-sdk/sdk/2.2.0/src/rp2_common/pico_stdio/stdio.c.o
 .text.stdio_out_chars_crlf
                0x10002410       0xb0 CMakeFiles/ili9341.dir/home/gabriel/.pico-sdk/sdk/2.2.0/src/rp2_common/pico_stdio/stdio.c.o
 .text.stdio_put_string
                0x100024c0       0xec CMakeFiles/ili9341.dir/home/gabriel/.pico-sdk/sdk/2.2.0/src/rp2_common/pico_stdio/stdio.c.o
                0x100024c0                stdio_put_string
 .text.stdio_set_driver_enabled
                0x100025ac       0x28 CMakeFiles/ili9341.dir/home/gabriel/.pico-sdk/sdk/2.2.0/src/rp2_common/pico_stdio/stdio.c.o
                0x100025ac                stdio_set_driver_enabled
 .text.stdio_init_all
                0x100025d4        0xc CMakeFiles/ili9341.dir/home/gabriel/.pico-sdk/sdk/2.2.0/src/rp2_common/pico_stdio/stdio.c.o
                0x100025d4                stdio_init_all
 .text.__wrap_putchar
                0x100025e0       0x84 CMakeFiles/ili9341.dir/home/gabriel/.pico-sdk/sdk/2.2.0/src/rp2_common/pico_stdio/stdio.c.o
                0x100025e0                stdio_putchar
                0x100025e0                __wrap_putchar
 .text.__wrap_puts
                0x10002664       0x3c CMakeFiles/ili9341.dir/home/gabriel/.pico-sdk/sdk/2.2.0/src/rp2_common/pico_stdio/stdio.c.o
                0x10002664                __wrap_puts
                0x10002664                stdio_puts
 .text.stdio_uart_out_chars
                0x100026a0       0x50 CMakeFiles/ili9341.dir/home/gabriel/.pico-sdk/sdk/2.2.0/src/rp2_common/pico_stdio_uart/stdio_uart.c.o
 .text.stdio_uart_in_chars
                0x100026f0       0x94 CMakeFiles/ili9341.dir/home/gabriel/.pico-sdk/sdk/2.2.0/src/rp2_common/pico_stdio_uart/stdio_uart.c.o
                0x100026f0                stdio_uart_in_chars
 .text.on_uart_rx
                0x10002784       0x24 CMakeFiles/ili9341.dir/home/gabriel/.pico-sdk/sdk/2.2.0/src/rp2_common/pico_stdio_uart/stdio_uart.c.o
 .text.stdio_uart_out_flush
                0x100027a8       0x10 CMakeFiles/ili9341.dir/home/gabriel/.pico-sdk/sdk/2.2.0/src/rp2_common/pico_stdio_uart/stdio_uart.c.o
 .text.stdio_uart_set_chars_available_callback
                0x100027b8       0x88 CMakeFiles/ili9341.dir/home/gabriel/.pico-sdk/sdk/2.2.0/src/rp2_common/pico_stdio_uart/stdio_uart.c.o
 .text.stdio_uart_init
                0x10002840       0x54 CMakeFiles/ili9341.dir/home/gabriel/.pico-sdk/sdk/2.2.0/src/rp2_common/pico_stdio_uart/stdio_uart.c.o
                0x10002840                stdio_uart_init
 .text.spi_init
                0x10002894       0xf4 CMakeFiles/ili9341.dir/home/gabriel/.pico-sdk/sdk/2.2.0/src/rp2_common/hardware_spi/spi.c.o
                0x10002894                spi_init
 .text.adc_init
                0x10002988       0x30 CMakeFiles/ili9341.dir/home/gabriel/.pico-sdk/sdk/2.2.0/src/rp2_common/hardware_adc/adc.c.o
                0x10002988                adc_init
 .text          0x100029b8       0xec /home/gabriel/.pico-sdk/toolchain/14_2_Rel1/bin/../lib/gcc/arm-none-eabi/14.2.1/../../../../arm-none-eabi/lib/thumb/v8-m.main+fp/softfp/libg.a(libc_a-memcpy.o)
                0x100029b8                memcpy
 .text.strlen   0x10002aa4       0x5c /home/gabriel/.pico-sdk/toolchain/14_2_Rel1/bin/../lib/gcc/arm-none-eabi/14.2.1/../../../../arm-none-eabi/lib/thumb/v8-m.main+fp/softfp/libg.a(libc_a-strlen-stub.o)
                0x10002aa4                strlen
 *(.fini)
 .fini          0x10002b00        0x4 /home/gabriel/.pico-sdk/toolchain/14_2_Rel1/bin/../lib/gcc/arm-none-eabi/14.2.1/thumb/v8-m.main+fp/softfp/crti.o
                0x10002b00                _fini
 *fill*         0x10002b04        0x4 
 .fini.__stub   0x10002b08       0x20 linker stubs
 *crtbegin.o(.ctors)
 *crtbegin?.o(.ctors)
 *(EXCLUDE_FILE(*crtend.o *crtend?.o) .ctors)
 *(SORT_BY_NAME(.ctors.*))
 *(.ctors)
 *crtbegin.o(.dtors)
 *crtbegin?.o(.dtors)
 *(EXCLUDE_FILE(*crtend.o *crtend?.o) .dtors)
 *(SORT_BY_NAME(.dtors.*))
 *(.dtors)
                0x10002b28                        . = ALIGN (0x4)
                0x10002b28                        PROVIDE (__preinit_array_start = .)
 *(SORT_BY_NAME(.preinit_array.*))
 .preinit_array.00050
                0x10002b28        0x4 CMakeFiles/ili9341.dir/home/gabriel/.pico-sdk/sdk/2.2.0/src/rp2_common/pico_runtime_init/runtime_init.c.o
                0x10002b28                __pre_init_runtime_init_bootrom_reset
 .preinit_array.00100
                0x10002b2c        0x4 CMakeFiles/ili9341.dir/home/gabriel/.pico-sdk/sdk/2.2.0/src/rp2_common/pico_runtime_init/runtime_init.c.o
                0x10002b2c                __pre_init_runtime_init_early_resets
 .preinit_array.00101
                0x10002b30        0x4 CMakeFiles/ili9341.dir/home/gabriel/.pico-sdk/sdk/2.2.0/src/rp2_common/pico_runtime_init/runtime_init.c.o
                0x10002b30                __pre_init_runtime_init_usb_power_down
 .preinit_array.00500
                0x10002b34        0x4 CMakeFiles/ili9341.dir/home/gabriel/.pico-sdk/sdk/2.2.0/src/rp2_common/pico_runtime_init/runtime_init.c.o
                0x10002b34                __pre_init_runtime_init_clocks
 .preinit_array.00600
                0x10002b38        0x4 CMakeFiles/ili9341.dir/home/gabriel/.pico-sdk/sdk/2.2.0/src/rp2_common/pico_runtime_init/runtime_init.c.o
                0x10002b38                __pre_init_runtime_init_post_clock_resets
 .preinit_array.01000
                0x10002b3c        0x4 CMakeFiles/ili9341.dir/home/gabriel/.pico-sdk/sdk/2.2.0/src/rp2_common/hardware_boot_lock/boot_lock.c.o
                0x10002b3c                __pre_init_runtime_init_boot_locks_reset
 .preinit_array.01000
                0x10002b40        0x4 CMakeFiles/ili9341.dir/home/gabriel/.pico-sdk/sdk/2.2.0/src/rp2_common/pico_runtime_init/runtime_init.c.o
                0x10002b40                __pre_init_runtime_init_spin_locks_reset
 .preinit_array.01010
                0x10002b44        0x4 CMakeFiles/ili9341.dir/home/gabriel/.pico-sdk/sdk/2.2.0/src/rp2_common/pico_bootrom/bootrom_lock.c.o
                0x10002b44                __pre_init_runtime_init_bootrom_locking_enable
 .preinit_array.01100
                0x10002b48        0x4 CMakeFiles/ili9341.dir/home/gabriel/.pico-sdk/sdk/2.2.0/src/common/pico_sync/mutex.c.o
                0x10002b48                __pre_init_runtime_init_mutex
 .preinit_array.10080
                0x10002b4c        0x4 CMakeFiles/ili9341.dir/home/gabriel/.pico-sdk/sdk/2.2.0/src/rp2_common/pico_runtime_init/runtime_init.c.o
                0x10002b4c                __pre_init_runtime_init_install_ram_vector_table
 .preinit_array.11000
                0x10002b50        0x4 CMakeFiles/ili9341.dir/home/gabriel/.pico-sdk/sdk/2.2.0/src/common/pico_time/time.c.o
                0x10002b50                __pre_init_runtime_init_default_alarm_pool
 .preinit_array.YYYYY
                0x10002b54        0x4 CMakeFiles/ili9341.dir/home/gabriel/.pico-sdk/sdk/2.2.0/src/rp2_common/pico_runtime/runtime.c.o
                0x10002b54                __pre_init_first_per_core_initializer
 .preinit_array.ZZZZZ.00051
                0x10002b58        0x4 CMakeFiles/ili9341.dir/home/gabriel/.pico-sdk/sdk/2.2.0/src/rp2_common/pico_runtime_init/runtime_init.c.o
                0x10002b58                __pre_init_runtime_init_per_core_bootrom_reset
 .preinit_array.ZZZZZ.00200
                0x10002b5c        0x4 CMakeFiles/ili9341.dir/home/gabriel/.pico-sdk/sdk/2.2.0/src/rp2_common/pico_runtime_init/runtime_init.c.o
                0x10002b5c                __pre_init_runtime_init_per_core_enable_coprocessors
 .preinit_array.ZZZZZ.01000
                0x10002b60        0x4 CMakeFiles/ili9341.dir/home/gabriel/.pico-sdk/sdk/2.2.0/src/rp2_common/hardware_sync_spin_lock/sync_spin_lock.c.o
                0x10002b60                __pre_init_spinlock_set_extexclall
 .preinit_array.ZZZZZ.01200
                0x10002b64        0x4 CMakeFiles/ili9341.dir/home/gabriel/.pico-sdk/sdk/2.2.0/src/rp2_common/hardware_irq/irq.c.o
                0x10002b64                __pre_init_runtime_init_per_core_irq_priorities
 *(.preinit_array)
                0x10002b68                        PROVIDE (__preinit_array_end = .)
                0x10002b68                        . = ALIGN (0x4)
                0x10002b68                        PROVIDE (__init_array_start = .)
 *(SORT_BY_NAME(.init_array.*))
 *(.init_array)
 .init_array    0x10002b68        0x4 /home/gabriel/.pico-sdk/toolchain/14_2_Rel1/bin/../lib/gcc/arm-none-eabi/14.2.1/thumb/v8-m.main+fp/softfp/crtbegin.o
                0x10002b6c                        PROVIDE (__init_array_end = .)
                0x10002b6c                        . = ALIGN (0x4)
                [!provide]                        PROVIDE (__fini_array_start = .)
 *(SORT_BY_NAME(.fini_array.*))
 *(.fini_array)
                [!provide]                        PROVIDE (__fini_array_end = .)
 *(.eh_frame*)
 .eh_frame      0x10002b6c        0x0 /home/gabriel/.pico-sdk/toolchain/14_2_Rel1/bin/../lib/gcc/arm-none-eabi/14.2.1/thumb/v8-m.main+fp/softfp/crtbegin.o
                0x10002b6c                        . = ALIGN (0x4)

.glue_7         0x10002b6c        0x0
 .glue_7        0x10002b6c        0x0 linker stubs

.glue_7t        0x10002b6c        0x0
 .glue_7t       0x10002b6c        0x0 linker stubs

.vfp11_veneer   0x10002b6c        0x0
 .vfp11_veneer  0x10002b6c        0x0 linker stubs

.v4_bx          0x10002b6c        0x0
 .v4_bx         0x10002b6c        0x0 linker stubs

.iplt           0x10002b6c        0x0
 .iplt          0x10002b6c        0x0 /home/gabriel/.pico-sdk/toolchain/14_2_Rel1/bin/../lib/gcc/arm-none-eabi/14.2.1/thumb/v8-m.main+fp/softfp/crtbegin.o

.boot2          0x10002b6c        0x0
                0x10002b6c                        __boot2_start__ = .
 *(.boot2)
                0x10002b6c                        __boot2_end__ = .
                0x00000001                        ASSERT (((__boot2_end__ - __boot2_start__) <= 0x100), ERROR: Pico second stage bootloader must be no more than 256 bytes in size)

.rodata         0x10002b6c      0xd3c
 *(EXCLUDE_FILE(*libm.a: *libc.a:*lib_a-mem*.o *libgcc.a:) .rodata*)
 .rodata.main.str1.4
                0x10002b6c       0xb8 CMakeFiles/ili9341.dir/main.c.o
                                  0x9 (size before relaxing)
 .rodata.passos
                0x10002c24       0x40 CMakeFiles/ili9341.dir/main.c.o
                0x10002c24                passos
 .rodata.image_right_anim_2
                0x10002c64      0x120 CMakeFiles/ili9341.dir/main.c.o
 .rodata.image_right_anim_1
                0x10002d84      0x132 CMakeFiles/ili9341.dir/main.c.o
 *fill*         0x10002eb6        0x2 
 .rodata.image_right_btn
                0x10002eb8      0x2d0 CMakeFiles/ili9341.dir/main.c.o
 .rodata.image_left_anim_2
                0x10003188       0xf3 CMakeFiles/ili9341.dir/main.c.o
 *fill*         0x1000327b        0x1 
 .rodata.image_left_anim_1
                0x1000327c       0xea CMakeFiles/ili9341.dir/main.c.o
 *fill*         0x10003366        0x2 
 .rodata.image_left_btn
                0x10003368      0x21b CMakeFiles/ili9341.dir/main.c.o
 *fill*         0x10003583        0x1 
 .rodata.initcmd
                0x10003584       0x70 CMakeFiles/ili9341.dir/tft_lcd_ili9341/ili9341/ili9341.c.o
                0x10003584                initcmd
 .rodata.font6x8
                0x100035f4      0x240 CMakeFiles/ili9341.dir/tft_lcd_ili9341/gfx/gfx_ili9341.c.o
 .rodata.panic.str1.4
                0x10003834       0x12 CMakeFiles/ili9341.dir/home/gabriel/.pico-sdk/sdk/2.2.0/src/rp2_common/pico_platform_panic/panic.c.o
 .rodata.timer_hardware_alarm_claim.str1.4
                0x10003834       0x22 CMakeFiles/ili9341.dir/home/gabriel/.pico-sdk/sdk/2.2.0/src/rp2_common/hardware_timer/timer.c.o
 .rodata.hard_assertion_failure.str1.4
                0x10003834        0xc CMakeFiles/ili9341.dir/home/gabriel/.pico-sdk/sdk/2.2.0/src/rp2_common/pico_runtime/runtime.c.o
 .rodata.str1.4
                0x10003834       0x3c CMakeFiles/ili9341.dir/home/gabriel/.pico-sdk/sdk/2.2.0/src/rp2_common/pico_standard_binary_info/standard_binary_info.c.o
 .rodata.__bi_84
                0x10003834        0xc CMakeFiles/ili9341.dir/home/gabriel/.pico-sdk/sdk/2.2.0/src/rp2_common/pico_standard_binary_info/standard_binary_info.c.o
 .rodata.__bi_78
                0x10003840        0xc CMakeFiles/ili9341.dir/home/gabriel/.pico-sdk/sdk/2.2.0/src/rp2_common/pico_standard_binary_info/standard_binary_info.c.o
 .rodata.__bi_54
                0x1000384c        0xc CMakeFiles/ili9341.dir/home/gabriel/.pico-sdk/sdk/2.2.0/src/rp2_common/pico_standard_binary_info/standard_binary_info.c.o
 .rodata.__bi_48
                0x10003858        0xc CMakeFiles/ili9341.dir/home/gabriel/.pico-sdk/sdk/2.2.0/src/rp2_common/pico_standard_binary_info/standard_binary_info.c.o
 .rodata.__bi_42
                0x10003864        0xc CMakeFiles/ili9341.dir/home/gabriel/.pico-sdk/sdk/2.2.0/src/rp2_common/pico_standard_binary_info/standard_binary_info.c.o
 .rodata.__bi_34
                0x10003870        0xc CMakeFiles/ili9341.dir/home/gabriel/.pico-sdk/sdk/2.2.0/src/rp2_common/pico_standard_binary_info/standard_binary_info.c.o
 .rodata.__bi_26
                0x1000387c        0xc CMakeFiles/ili9341.dir/home/gabriel/.pico-sdk/sdk/2.2.0/src/rp2_common/pico_standard_binary_info/standard_binary_info.c.o
 .rodata.crlf_str.0
                0x10003888        0x2 CMakeFiles/ili9341.dir/home/gabriel/.pico-sdk/sdk/2.2.0/src/rp2_common/pico_stdio/stdio.c.o
 .rodata.str1.4
                0x1000388a       0x2c CMakeFiles/ili9341.dir/home/gabriel/.pico-sdk/sdk/2.2.0/src/rp2_common/pico_stdio_uart/stdio_uart.c.o
 *fill*         0x1000388a        0x2 
 .rodata.__bi_45.4
                0x1000388c        0xc CMakeFiles/ili9341.dir/home/gabriel/.pico-sdk/sdk/2.2.0/src/rp2_common/pico_stdio_uart/stdio_uart.c.o
 .rodata.__bi_49.5
                0x10003898        0x8 CMakeFiles/ili9341.dir/home/gabriel/.pico-sdk/sdk/2.2.0/src/rp2_common/pico_stdio_uart/stdio_uart.c.o
 .rodata.__bi_50.6
                0x100038a0        0x8 CMakeFiles/ili9341.dir/home/gabriel/.pico-sdk/sdk/2.2.0/src/rp2_common/pico_stdio_uart/stdio_uart.c.o
 *(.srodata*)
                0x100038a8                        . = ALIGN (0x4)
 *(SORT_BY_ALIGNMENT(SORT_BY_NAME(.flashdata*)))
                0x100038a8                        . = ALIGN (0x4)

.ARM.extab
 *(.ARM.extab* .gnu.linkonce.armextab.*)
                0x100038a8                        __exidx_start = .

.ARM.exidx      0x100038a8        0x8
 *(.ARM.exidx* .gnu.linkonce.armexidx.*)
 .ARM.exidx     0x100038a8        0x8 /home/gabriel/.pico-sdk/toolchain/14_2_Rel1/bin/../lib/gcc/arm-none-eabi/14.2.1/../../../../arm-none-eabi/lib/thumb/v8-m.main+fp/softfp/libg.a(libc_a-memcpy.o)
                0x100038b0                        __exidx_end = .
                0x100038b0                        . = ALIGN (0x4)
                0x100038b0                        __binary_info_start = .

.binary_info    0x100038b0       0x28
 *(.binary_info.keep.*)
 .binary_info.keep.__bi_ptr84
                0x100038b0        0x4 CMakeFiles/ili9341.dir/home/gabriel/.pico-sdk/sdk/2.2.0/src/rp2_common/pico_standard_binary_info/standard_binary_info.c.o
 .binary_info.keep.__bi_ptr78
                0x100038b4        0x4 CMakeFiles/ili9341.dir/home/gabriel/.pico-sdk/sdk/2.2.0/src/rp2_common/pico_standard_binary_info/standard_binary_info.c.o
 .binary_info.keep.__bi_ptr54
                0x100038b8        0x4 CMakeFiles/ili9341.dir/home/gabriel/.pico-sdk/sdk/2.2.0/src/rp2_common/pico_standard_binary_info/standard_binary_info.c.o
 .binary_info.keep.__bi_ptr48
                0x100038bc        0x4 CMakeFiles/ili9341.dir/home/gabriel/.pico-sdk/sdk/2.2.0/src/rp2_common/pico_standard_binary_info/standard_binary_info.c.o
 .binary_info.keep.__bi_ptr42
                0x100038c0        0x4 CMakeFiles/ili9341.dir/home/gabriel/.pico-sdk/sdk/2.2.0/src/rp2_common/pico_standard_binary_info/standard_binary_info.c.o
 .binary_info.keep.__bi_ptr34
                0x100038c4        0x4 CMakeFiles/ili9341.dir/home/gabriel/.pico-sdk/sdk/2.2.0/src/rp2_common/pico_standard_binary_info/standard_binary_info.c.o
 .binary_info.keep.__bi_ptr26
                0x100038c8        0x4 CMakeFiles/ili9341.dir/home/gabriel/.pico-sdk/sdk/2.2.0/src/rp2_common/pico_standard_binary_info/standard_binary_info.c.o
 *(.binary_info.*)
 .binary_info.__bi_ptr50
                0x100038cc        0x4 CMakeFiles/ili9341.dir/home/gabriel/.pico-sdk/sdk/2.2.0/src/rp2_common/pico_stdio_uart/stdio_uart.c.o
 .binary_info.__bi_ptr49
                0x100038d0        0x4 CMakeFiles/ili9341.dir/home/gabriel/.pico-sdk/sdk/2.2.0/src/rp2_common/pico_stdio_uart/stdio_uart.c.o
 .binary_info.__bi_ptr45
                0x100038d4        0x4 CMakeFiles/ili9341.dir/home/gabriel/.pico-sdk/sdk/2.2.0/src/rp2_common/pico_stdio_uart/stdio_uart.c.o
                0x100038d8                        __binary_info_end = .
                0x100038d8                        . = ALIGN (0x4)

.ram_vector_table
                0x20000000      0x110
 *(.ram_vector_table)
 .ram_vector_table
                0x20000000      0x110 CMakeFiles/ili9341.dir/home/gabriel/.pico-sdk/sdk/2.2.0/src/rp2_common/pico_runtime_init/runtime_init.c.o
                0x20000000                ram_vector_table

.uninitialized_data
                0x20000110        0x0
                0x20000110                        . = ALIGN (0x4)
 *(.uninitialized_data*)

.data           0x20000110      0x2cc load address 0x100038d8
                0x20000110                        __data_start__ = .
 *(vtable)
 *(.time_critical*)
 .time_critical.mutex_enter_block_until
                0x20000110       0x6c CMakeFiles/ili9341.dir/home/gabriel/.pico-sdk/sdk/2.2.0/src/common/pico_sync/mutex.c.o
                0x20000110                mutex_enter_block_until
 .time_critical.mutex_try_enter_block_until
                0x2000017c       0x68 CMakeFiles/ili9341.dir/home/gabriel/.pico-sdk/sdk/2.2.0/src/common/pico_sync/mutex.c.o
                0x2000017c                mutex_try_enter_block_until
 .time_critical.mutex_exit
                0x200001e4       0x3c CMakeFiles/ili9341.dir/home/gabriel/.pico-sdk/sdk/2.2.0/src/common/pico_sync/mutex.c.o
                0x200001e4                mutex_exit
 .time_critical.spi_write_blocking
                0x20000220       0x90 CMakeFiles/ili9341.dir/home/gabriel/.pico-sdk/sdk/2.2.0/src/rp2_common/hardware_spi/spi.c.o
                0x20000220                spi_write_blocking
 .time_critical.spi_write16_blocking
                0x200002b0       0x90 CMakeFiles/ili9341.dir/home/gabriel/.pico-sdk/sdk/2.2.0/src/rp2_common/hardware_spi/spi.c.o
                0x200002b0                spi_write16_blocking
 .time_critical.spi_write16_blocking.__stub
                0x20000340        0x8 linker stubs
 *(.text*)
                0x20000348                        . = ALIGN (0x4)
 *(.rodata*)
                0x20000348                        . = ALIGN (0x4)
 *(.data*)
 .data.ili9341_pinTX
                0x20000348        0x2 CMakeFiles/ili9341.dir/tft_lcd_ili9341/ili9341/ili9341.c.o
                0x20000348                ili9341_pinTX
 .data.ili9341_pinSCK
                0x2000034a        0x2 CMakeFiles/ili9341.dir/tft_lcd_ili9341/ili9341/ili9341.c.o
                0x2000034a                ili9341_pinSCK
 .data.ili9341_pinRST
                0x2000034c        0x2 CMakeFiles/ili9341.dir/tft_lcd_ili9341/ili9341/ili9341.c.o
                0x2000034c                ili9341_pinRST
 .data.ili9341_pinDC
                0x2000034e        0x2 CMakeFiles/ili9341.dir/tft_lcd_ili9341/ili9341/ili9341.c.o
                0x2000034e                ili9341_pinDC
 .data.ili9341_pinCS
                0x20000350        0x2 CMakeFiles/ili9341.dir/tft_lcd_ili9341/ili9341/ili9341.c.o
                0x20000350                ili9341_pinCS
 *fill*         0x20000352        0x2 
 .data.ili9341_spi
                0x20000354        0x4 CMakeFiles/ili9341.dir/tft_lcd_ili9341/ili9341/ili9341.c.o
                0x20000354                ili9341_spi
 .data.text_color
                0x20000358        0x2 CMakeFiles/ili9341.dir/tft_lcd_ili9341/gfx/gfx_ili9341.c.o
 .data.text_size
                0x2000035a        0x1 CMakeFiles/ili9341.dir/tft_lcd_ili9341/gfx/gfx_ili9341.c.o
 .data.striped_spin_lock_num
                0x2000035b        0x1 CMakeFiles/ili9341.dir/home/gabriel/.pico-sdk/sdk/2.2.0/src/rp2_common/hardware_sync/sync.c.o
 .data          0x2000035c       0x48 CMakeFiles/ili9341.dir/home/gabriel/.pico-sdk/sdk/2.2.0/src/rp2_common/hardware_irq/irq_handler_chain.S.o
                0x2000035c                irq_handler_chain_slots
                0x2000038c                irq_handler_chain_first_slot
                0x20000396                irq_handler_chain_remove_tail
 .data.default_alarm_pool
                0x200003a4       0x18 CMakeFiles/ili9341.dir/home/gabriel/.pico-sdk/sdk/2.2.0/src/common/pico_time/time.c.o
 .data.stdio_uart
                0x200003bc       0x18 CMakeFiles/ili9341.dir/home/gabriel/.pico-sdk/sdk/2.2.0/src/rp2_common/pico_stdio_uart/stdio_uart.c.o
                0x200003bc                stdio_uart
 *(.sdata*)
                0x200003d4                        . = ALIGN (0x4)
 *(.after_data.*)
                0x200003d4                        . = ALIGN (0x4)
                0x200003d4                        PROVIDE (__mutex_array_start = .)
 *(SORT_BY_NAME(.mutex_array.*))
 *(.mutex_array)
 .mutex_array   0x200003d4        0x8 CMakeFiles/ili9341.dir/home/gabriel/.pico-sdk/sdk/2.2.0/src/rp2_common/pico_stdio/stdio.c.o
                0x200003dc                        PROVIDE (__mutex_array_end = .)
 *(.jcr)
                0x200003dc                        . = ALIGN (0x4)

.tm_clone_table
                0x200003dc        0x0 load address 0x10003ba4
 .tm_clone_table
                0x200003dc        0x0 /home/gabriel/.pico-sdk/toolchain/14_2_Rel1/bin/../lib/gcc/arm-none-eabi/14.2.1/thumb/v8-m.main+fp/softfp/crtbegin.o
 .tm_clone_table
                0x200003dc        0x0 /home/gabriel/.pico-sdk/toolchain/14_2_Rel1/bin/../lib/gcc/arm-none-eabi/14.2.1/thumb/v8-m.main+fp/softfp/crtend.o

.igot.plt       0x200003dc        0x0 load address 0x10003ba4
 .igot.plt      0x200003dc        0x0 /home/gabriel/.pico-sdk/toolchain/14_2_Rel1/bin/../lib/gcc/arm-none-eabi/14.2.1/thumb/v8-m.main+fp/softfp/crtbegin.o

.tdata          0x200003dc        0x0 load address 0x10003ba4
                0x200003dc                        . = ALIGN (0x4)
 *(.tdata .tdata.* .gnu.linkonce.td.*)
                0x200003dc                        __tdata_end = .
                0x200003dc                        PROVIDE (__data_end__ = .)
                0x100038d8                        __etext = LOADADDR (.data)

.tbss           0x200003dc        0x0 load address 0x10003ba4
                0x200003dc                        . = ALIGN (0x4)
                0x200003dc                        __bss_start__ = .
                0x200003dc                        __tls_base = .
 *(.tbss .tbss.* .gnu.linkonce.tb.*)
 *(.tcommon)
                0x200003dc                        __tls_end = .

.bss            0x200003e0      0x22c load address 0x10003ba4
                0x200003e0                        . = ALIGN (0x4)
                0x200003e0                        __tbss_end = .
 *(SORT_BY_ALIGNMENT(SORT_BY_NAME(.bss*)))
 .bss.default_alarm_pool_entries
                0x200003e0      0x180 CMakeFiles/ili9341.dir/home/gabriel/.pico-sdk/sdk/2.2.0/src/common/pico_time/time.c.o
 .bss._sw_spin_locks
                0x20000560       0x20 CMakeFiles/ili9341.dir/home/gabriel/.pico-sdk/sdk/2.2.0/src/rp2_common/hardware_sync_spin_lock/sync_spin_lock.c.o
                0x20000560                _sw_spin_locks
 .bss.chars_available_callback
                0x20000580        0x4 CMakeFiles/ili9341.dir/home/gabriel/.pico-sdk/sdk/2.2.0/src/rp2_common/pico_stdio_uart/stdio_uart.c.o
 .bss.chars_available_param
                0x20000584        0x4 CMakeFiles/ili9341.dir/home/gabriel/.pico-sdk/sdk/2.2.0/src/rp2_common/pico_stdio_uart/stdio_uart.c.o
 .bss.claimed   0x20000588        0x2 CMakeFiles/ili9341.dir/home/gabriel/.pico-sdk/sdk/2.2.0/src/rp2_common/hardware_timer/timer.c.o
 *fill*         0x2000058a        0x2 
 .bss.configured_freq
                0x2000058c       0x28 CMakeFiles/ili9341.dir/home/gabriel/.pico-sdk/sdk/2.2.0/src/rp2_common/hardware_clocks/clocks.c.o
 .bss.drivers   0x200005b4        0x4 CMakeFiles/ili9341.dir/home/gabriel/.pico-sdk/sdk/2.2.0/src/rp2_common/pico_stdio/stdio.c.o
 .bss.filter    0x200005b8        0x4 CMakeFiles/ili9341.dir/home/gabriel/.pico-sdk/sdk/2.2.0/src/rp2_common/pico_stdio/stdio.c.o
 .bss.lazy_vsnprintf
                0x200005bc        0x4 CMakeFiles/ili9341.dir/home/gabriel/.pico-sdk/sdk/2.2.0/src/rp2_common/pico_printf/printf.c.o
 .bss.object.0  0x200005c0       0x18 /home/gabriel/.pico-sdk/toolchain/14_2_Rel1/bin/../lib/gcc/arm-none-eabi/14.2.1/thumb/v8-m.main+fp/softfp/crtbegin.o
 .bss.pools     0x200005d8       0x20 CMakeFiles/ili9341.dir/home/gabriel/.pico-sdk/sdk/2.2.0/src/common/pico_time/time.c.o
 .bss.sleep_notifier
                0x200005f8        0x4 CMakeFiles/ili9341.dir/home/gabriel/.pico-sdk/sdk/2.2.0/src/common/pico_time/time.c.o
 .bss.uart_char_to_line_feed
                0x200005fc        0x4 CMakeFiles/ili9341.dir/home/gabriel/.pico-sdk/sdk/2.2.0/src/rp2_common/hardware_uart/uart.c.o
                0x200005fc                uart_char_to_line_feed
 .bss.uart_instance
                0x20000600        0x4 CMakeFiles/ili9341.dir/home/gabriel/.pico-sdk/sdk/2.2.0/src/rp2_common/pico_stdio_uart/stdio_uart.c.o
 .bss._height   0x20000604        0x2 CMakeFiles/ili9341.dir/tft_lcd_ili9341/ili9341/ili9341.c.o
                0x20000604                _height
 .bss._width    0x20000606        0x2 CMakeFiles/ili9341.dir/tft_lcd_ili9341/ili9341/ili9341.c.o
                0x20000606                _width
 .bss.irq_handler_chain_free_slot_head
                0x20000608        0x1 CMakeFiles/ili9341.dir/home/gabriel/.pico-sdk/sdk/2.2.0/src/rp2_common/hardware_irq/irq.c.o
 .bss.rotation  0x20000609        0x1 CMakeFiles/ili9341.dir/tft_lcd_ili9341/ili9341/ili9341.c.o
                0x20000609                rotation
 *(COMMON)
                [!provide]                        PROVIDE (__global_pointer$ = (. + 0x800))
 *(.sbss*)
                0x2000060c                        . = ALIGN (0x4)
 *fill*         0x2000060a        0x2 
                0x2000060c                        __bss_end__ = .

.heap           0x2000060c      0x800 load address 0x10003ba4
                0x2000060c                        __end__ = .
                0x2000060c                        end = __end__
 *(.heap*)
 .heap          0x2000060c      0x800 CMakeFiles/ili9341.dir/home/gabriel/.pico-sdk/sdk/2.2.0/src/rp2_common/pico_crt0/crt0.S.o
                0x20080000                        __HeapLimit = (ORIGIN (RAM) + LENGTH (RAM))

.scratch_x      0x20080000        0x0 load address 0x10003ba4
                0x20080000                        __scratch_x_start__ = .
 *(.scratch_x.*)
                0x20080000                        . = ALIGN (0x4)
                0x20080000                        __scratch_x_end__ = .
                0x10003ba4                        __scratch_x_source__ = LOADADDR (.scratch_x)

.scratch_y      0x20081000        0x0 load address 0x10003ba4
                0x20081000                        __scratch_y_start__ = .
 *(.scratch_y.*)
                0x20081000                        . = ALIGN (0x4)
                0x20081000                        __scratch_y_end__ = .
                0x10003ba4                        __scratch_y_source__ = LOADADDR (.scratch_y)

.stack1_dummy
 *(.stack1*)

.stack_dummy    0x20081000      0x800
 *(.stack*)
 .stack         0x20081000      0x800 CMakeFiles/ili9341.dir/home/gabriel/.pico-sdk/sdk/2.2.0/src/rp2_common/pico_crt0/crt0.S.o

.flash_end      0x10003ba4       0x14
 *(.embedded_end_block*)
 .embedded_end_block
                0x10003ba4       0x14 CMakeFiles/ili9341.dir/home/gabriel/.pico-sdk/sdk/2.2.0/src/rp2_common/pico_crt0/crt0.S.o
                0x10003bb8                        PROVIDE (__flash_binary_end = .)
                0x20080000                        __StackLimit = (ORIGIN (RAM) + LENGTH (RAM))
                0x20081000                        __StackOneTop = (ORIGIN (SCRATCH_X) + LENGTH (SCRATCH_X))
                0x20082000                        __StackTop = (ORIGIN (SCRATCH_Y) + LENGTH (SCRATCH_Y))
                0x20081000                        __StackOneBottom = (__StackOneTop - SIZEOF (.stack1_dummy))
                0x20081800                        __StackBottom = (__StackTop - SIZEOF (.stack_dummy))
                0x20082000                        PROVIDE (__stack = __StackTop)
                [!provide]                        PROVIDE (__heap_start = __end__)
                [!provide]                        PROVIDE (__heap_end = __HeapLimit)
                [!provide]                        PROVIDE (__tls_align = MAX (ALIGNOF (.tdata), ALIGNOF (.tbss)))
                [!provide]                        PROVIDE (__tls_size_align = (((__tls_size + __tls_align) - 0x1) & ~ ((__tls_align - 0x1))))
                [!provide]                        PROVIDE (__arm32_tls_tcb_offset = MAX (0x8, __tls_align))
                [!provide]                        PROVIDE (_end = __end__)
                [!provide]                        PROVIDE (__llvm_libc_heap_limit = __HeapLimit)
                0x00000001                        ASSERT ((__StackLimit >= __HeapLimit), region RAM overflowed)
                0x00000001                        ASSERT (((__binary_info_header_end - __logical_binary_start) <= 0x400), Binary info must be in first 1024 bytes of the binary)
                0x00000001                        ASSERT (((__embedded_block_end - __logical_binary_start) <= 0x1000), Embedded block must be in first 4096 bytes of the binary)
LOAD CMakeFiles/ili9341.dir/main.c.o
LOAD CMakeFiles/ili9341.dir/tft_lcd_ili9341/ili9341/ili9341.c.o
LOAD CMakeFiles/ili9341.dir/tft_lcd_ili9341/gfx/gfx_ili9341.c.o
LOAD CMakeFiles/ili9341.dir/tft_lcd_ili9341/touch_resistive/touch_resistive.c.o
LOAD CMakeFiles/ili9341.dir/home/gabriel/.pico-sdk/sdk/2.2.0/src/rp2_common/pico_stdlib/stdlib.c.o
LOAD CMakeFiles/ili9341.dir/home/gabriel/.pico-sdk/sdk/2.2.0/src/rp2_common/hardware_gpio/gpio.c.o
LOAD CMakeFiles/ili9341.dir/home/gabriel/.pico-sdk/sdk/2.2.0/src/rp2350/pico_platform/platform.c.o
LOAD CMakeFiles/ili9341.dir/home/gabriel/.pico-sdk/sdk/2.2.0/src/rp2_common/pico_platform_common/common.c.o
LOAD CMakeFiles/ili9341.dir/home/gabriel/.pico-sdk/sdk/2.2.0/src/rp2_common/pico_platform_panic/panic.c.o
LOAD CMakeFiles/ili9341.dir/home/gabriel/.pico-sdk/sdk/2.2.0/src/common/hardware_claim/claim.c.o
LOAD CMakeFiles/ili9341.dir/home/gabriel/.pico-sdk/sdk/2.2.0/src/rp2_common/hardware_sync/sync.c.o
LOAD CMakeFiles/ili9341.dir/home/gabriel/.pico-sdk/sdk/2.2.0/src/rp2_common/hardware_sync_spin_lock/sync_spin_lock.c.o
LOAD CMakeFiles/ili9341.dir/home/gabriel/.pico-sdk/sdk/2.2.0/src/rp2_common/hardware_irq/irq.c.o
LOAD CMakeFiles/ili9341.dir/home/gabriel/.pico-sdk/sdk/2.2.0/src/rp2_common/hardware_irq/irq_handler_chain.S.o
LOAD CMakeFiles/ili9341.dir/home/gabriel/.pico-sdk/sdk/2.2.0/src/common/pico_sync/sem.c.o
LOAD CMakeFiles/ili9341.dir/home/gabriel/.pico-sdk/sdk/2.2.0/src/common/pico_sync/lock_core.c.o
LOAD CMakeFiles/ili9341.dir/home/gabriel/.pico-sdk/sdk/2.2.0/src/common/pico_sync/mutex.c.o
LOAD CMakeFiles/ili9341.dir/home/gabriel/.pico-sdk/sdk/2.2.0/src/common/pico_sync/critical_section.c.o
LOAD CMakeFiles/ili9341.dir/home/gabriel/.pico-sdk/sdk/2.2.0/src/common/pico_time/time.c.o
LOAD CMakeFiles/ili9341.dir/home/gabriel/.pico-sdk/sdk/2.2.0/src/common/pico_time/timeout_helper.c.o
LOAD CMakeFiles/ili9341.dir/home/gabriel/.pico-sdk/sdk/2.2.0/src/rp2_common/hardware_timer/timer.c.o
LOAD CMakeFiles/ili9341.dir/home/gabriel/.pico-sdk/sdk/2.2.0/src/common/pico_util/datetime.c.o
LOAD CMakeFiles/ili9341.dir/home/gabriel/.pico-sdk/sdk/2.2.0/src/common/pico_util/pheap.c.o
LOAD CMakeFiles/ili9341.dir/home/gabriel/.pico-sdk/sdk/2.2.0/src/common/pico_util/queue.c.o
LOAD CMakeFiles/ili9341.dir/home/gabriel/.pico-sdk/sdk/2.2.0/src/rp2_common/hardware_uart/uart.c.o
LOAD CMakeFiles/ili9341.dir/home/gabriel/.pico-sdk/sdk/2.2.0/src/rp2_common/hardware_clocks/clocks.c.o
LOAD CMakeFiles/ili9341.dir/home/gabriel/.pico-sdk/sdk/2.2.0/src/rp2_common/hardware_pll/pll.c.o
LOAD CMakeFiles/ili9341.dir/home/gabriel/.pico-sdk/sdk/2.2.0/src/rp2_common/hardware_vreg/vreg.c.o
LOAD CMakeFiles/ili9341.dir/home/gabriel/.pico-sdk/sdk/2.2.0/src/rp2_common/hardware_watchdog/watchdog.c.o
LOAD CMakeFiles/ili9341.dir/home/gabriel/.pico-sdk/sdk/2.2.0/src/rp2_common/hardware_ticks/ticks.c.o
LOAD CMakeFiles/ili9341.dir/home/gabriel/.pico-sdk/sdk/2.2.0/src/rp2_common/pico_bootrom/bootrom.c.o
LOAD CMakeFiles/ili9341.dir/home/gabriel/.pico-sdk/sdk/2.2.0/src/rp2_common/pico_bootrom/bootrom_lock.c.o
LOAD CMakeFiles/ili9341.dir/home/gabriel/.pico-sdk/sdk/2.2.0/src/rp2_common/hardware_boot_lock/boot_lock.c.o
LOAD CMakeFiles/ili9341.dir/home/gabriel/.pico-sdk/sdk/2.2.0/src/rp2_common/pico_flash/flash.c.o
LOAD CMakeFiles/ili9341.dir/home/gabriel/.pico-sdk/sdk/2.2.0/src/rp2_common/hardware_xosc/xosc.c.o
LOAD CMakeFiles/ili9341.dir/home/gabriel/.pico-sdk/sdk/2.2.0/src/rp2_common/hardware_divider/divider.c.o
LOAD CMakeFiles/ili9341.dir/home/gabriel/.pico-sdk/sdk/2.2.0/src/rp2_common/pico_runtime/runtime.c.o
LOAD CMakeFiles/ili9341.dir/home/gabriel/.pico-sdk/sdk/2.2.0/src/rp2_common/pico_runtime_init/runtime_init.c.o
LOAD CMakeFiles/ili9341.dir/home/gabriel/.pico-sdk/sdk/2.2.0/src/rp2_common/pico_runtime_init/runtime_init_clocks.c.o
LOAD CMakeFiles/ili9341.dir/home/gabriel/.pico-sdk/sdk/2.2.0/src/rp2_common/pico_runtime_init/runtime_init_stack_guard.c.o
LOAD CMakeFiles/ili9341.dir/home/gabriel/.pico-sdk/sdk/2.2.0/src/rp2_common/pico_bit_ops/bit_ops_aeabi.S.o
LOAD CMakeFiles/ili9341.dir/home/gabriel/.pico-sdk/sdk/2.2.0/src/rp2_common/pico_divider/divider_compiler.c.o
LOAD CMakeFiles/ili9341.dir/home/gabriel/.pico-sdk/sdk/2.2.0/src/rp2_common/pico_double/double_math.c.o
LOAD CMakeFiles/ili9341.dir/home/gabriel/.pico-sdk/sdk/2.2.0/src/rp2_common/pico_double/double_aeabi_dcp.S.o
LOAD CMakeFiles/ili9341.dir/home/gabriel/.pico-sdk/sdk/2.2.0/src/rp2_common/pico_double/double_fma_dcp.S.o
LOAD CMakeFiles/ili9341.dir/home/gabriel/.pico-sdk/sdk/2.2.0/src/rp2_common/pico_double/double_sci_m33.S.o
LOAD CMakeFiles/ili9341.dir/home/gabriel/.pico-sdk/sdk/2.2.0/src/rp2_common/pico_double/double_conv_m33.S.o
LOAD CMakeFiles/ili9341.dir/home/gabriel/.pico-sdk/sdk/2.2.0/src/rp2_common/pico_float/float_math.c.o
LOAD CMakeFiles/ili9341.dir/home/gabriel/.pico-sdk/sdk/2.2.0/src/rp2_common/pico_float/float_conv32_vfp.S.o
LOAD CMakeFiles/ili9341.dir/home/gabriel/.pico-sdk/sdk/2.2.0/src/rp2_common/pico_float/float_common_m33.S.o
LOAD CMakeFiles/ili9341.dir/home/gabriel/.pico-sdk/sdk/2.2.0/src/rp2_common/pico_float/float_sci_m33_vfp.S.o
LOAD CMakeFiles/ili9341.dir/home/gabriel/.pico-sdk/sdk/2.2.0/src/rp2_common/pico_malloc/malloc.c.o
LOAD CMakeFiles/ili9341.dir/home/gabriel/.pico-sdk/sdk/2.2.0/src/rp2_common/pico_atomic/atomic.c.o
LOAD CMakeFiles/ili9341.dir/home/gabriel/.pico-sdk/sdk/2.2.0/src/rp2_common/pico_cxx_options/new_delete.cpp.o
LOAD CMakeFiles/ili9341.dir/home/gabriel/.pico-sdk/sdk/2.2.0/src/rp2_common/pico_standard_binary_info/standard_binary_info.c.o
LOAD CMakeFiles/ili9341.dir/home/gabriel/.pico-sdk/sdk/2.2.0/src/rp2_common/pico_printf/printf.c.o
LOAD CMakeFiles/ili9341.dir/home/gabriel/.pico-sdk/sdk/2.2.0/src/rp2_common/pico_crt0/crt0.S.o
LOAD CMakeFiles/ili9341.dir/home/gabriel/.pico-sdk/sdk/2.2.0/src/rp2_common/pico_clib_interface/newlib_interface.c.o
LOAD CMakeFiles/ili9341.dir/home/gabriel/.pico-sdk/sdk/2.2.0/src/rp2_common/pico_stdio/stdio.c.o
LOAD CMakeFiles/ili9341.dir/home/gabriel/.pico-sdk/sdk/2.2.0/src/rp2_common/pico_stdio_uart/stdio_uart.c.o
LOAD CMakeFiles/ili9341.dir/home/gabriel/.pico-sdk/sdk/2.2.0/src/rp2_common/hardware_spi/spi.c.o
LOAD CMakeFiles/ili9341.dir/home/gabriel/.pico-sdk/sdk/2.2.0/src/rp2_common/hardware_adc/adc.c.o
LOAD pico-sdk/src/rp2350/boot_stage2/CMakeFiles/bs2_default_library.dir/./bs2_default_padded_checksummed.S.o
LOAD /home/gabriel/.pico-sdk/toolchain/14_2_Rel1/bin/../lib/gcc/arm-none-eabi/14.2.1/../../../../arm-none-eabi/lib/thumb/v8-m.main+fp/softfp/libstdc++.a
LOAD /home/gabriel/.pico-sdk/toolchain/14_2_Rel1/bin/../lib/gcc/arm-none-eabi/14.2.1/../../../../arm-none-eabi/lib/thumb/v8-m.main+fp/softfp/libm.a
START GROUP
LOAD /home/gabriel/.pico-sdk/toolchain/14_2_Rel1/bin/../lib/gcc/arm-none-eabi/14.2.1/thumb/v8-m.main+fp/softfp/libgcc.a
LOAD /home/gabriel/.pico-sdk/toolchain/14_2_Rel1/bin/../lib/gcc/arm-none-eabi/14.2.1/../../../../arm-none-eabi/lib/thumb/v8-m.main+fp/softfp/libg.a
LOAD /home/gabriel/.pico-sdk/toolchain/14_2_Rel1/bin/../lib/gcc/arm-none-eabi/14.2.1/../../../../arm-none-eabi/lib/thumb/v8-m.main+fp/softfp/libc.a
END GROUP
START GROUP
LOAD /home/gabriel/.pico-sdk/toolchain/14_2_Rel1/bin/../lib/gcc/arm-none-eabi/14.2.1/thumb/v8-m.main+fp/softfp/libgcc.a
LOAD /home/gabriel/.pico-sdk/toolchain/14_2_Rel1/bin/../lib/gcc/arm-none-eabi/14.2.1/../../../../arm-none-eabi/lib/thumb/v8-m.main+fp/softfp/libc.a
LOAD /home/gabriel/.pico-sdk/toolchain/14_2_Rel1/bin/../lib/gcc/arm-none-eabi/14.2.1/../../../../arm-none-eabi/lib/thumb/v8-m.main+fp/softfp/libnosys.a
END GROUP
LOAD /home/gabriel/.pico-sdk/toolchain/14_2_Rel1/bin/../lib/gcc/arm-none-eabi/14.2.1/thumb/v8-m.main+fp/softfp/crtend.o
LOAD /home/gabriel/.pico-sdk/toolchain/14_2_Rel1/bin/../lib/gcc/arm-none-eabi/14.2.1/thumb/v8-m.main+fp/softfp/crtn.o
OUTPUT(ili9341.elf elf32-littlearm)
LOAD linker stubs

.rel.dyn        0x10003bb8        0x0
 .rel.iplt      0x10003bb8        0x0 /home/gabriel/.pico-sdk/toolchain/14_2_Rel1/bin/../lib/gcc/arm-none-eabi/14.2.1/thumb/v8-m.main+fp/softfp/crtbegin.o

.ARM.attributes
                0x00000000       0x34
 .ARM.attributes
                0x00000000       0x26 /home/gabriel/.pico-sdk/toolchain/14_2_Rel1/bin/../lib/gcc/arm-none-eabi/14.2.1/thumb/v8-m.main+fp/softfp/crti.o
 .ARM.attributes
                0x00000026       0x36 /home/gabriel/.pico-sdk/toolchain/14_2_Rel1/bin/../lib/gcc/arm-none-eabi/14.2.1/thumb/v8-m.main+fp/softfp/crtbegin.o
 .ARM.attributes
                0x0000005c       0x38 CMakeFiles/ili9341.dir/main.c.o
 .ARM.attributes
                0x00000094       0x38 CMakeFiles/ili9341.dir/tft_lcd_ili9341/ili9341/ili9341.c.o
 .ARM.attributes
                0x000000cc       0x38 CMakeFiles/ili9341.dir/tft_lcd_ili9341/gfx/gfx_ili9341.c.o
 .ARM.attributes
                0x00000104       0x38 CMakeFiles/ili9341.dir/tft_lcd_ili9341/touch_resistive/touch_resistive.c.o
 .ARM.attributes
                0x0000013c       0x38 CMakeFiles/ili9341.dir/home/gabriel/.pico-sdk/sdk/2.2.0/src/rp2_common/hardware_gpio/gpio.c.o
 .ARM.attributes
                0x00000174       0x38 CMakeFiles/ili9341.dir/home/gabriel/.pico-sdk/sdk/2.2.0/src/rp2_common/pico_platform_panic/panic.c.o
 .ARM.attributes
                0x000001ac       0x38 CMakeFiles/ili9341.dir/home/gabriel/.pico-sdk/sdk/2.2.0/src/common/hardware_claim/claim.c.o
 .ARM.attributes
                0x000001e4       0x38 CMakeFiles/ili9341.dir/home/gabriel/.pico-sdk/sdk/2.2.0/src/rp2_common/hardware_sync/sync.c.o
 .ARM.attributes
                0x0000021c       0x38 CMakeFiles/ili9341.dir/home/gabriel/.pico-sdk/sdk/2.2.0/src/rp2_common/hardware_sync_spin_lock/sync_spin_lock.c.o
 .ARM.attributes
                0x00000254       0x38 CMakeFiles/ili9341.dir/home/gabriel/.pico-sdk/sdk/2.2.0/src/rp2_common/hardware_irq/irq.c.o
 .ARM.attributes
                0x0000028c       0x28 CMakeFiles/ili9341.dir/home/gabriel/.pico-sdk/sdk/2.2.0/src/rp2_common/hardware_irq/irq_handler_chain.S.o
 .ARM.attributes
                0x000002b4       0x38 CMakeFiles/ili9341.dir/home/gabriel/.pico-sdk/sdk/2.2.0/src/common/pico_sync/lock_core.c.o
 .ARM.attributes
                0x000002ec       0x38 CMakeFiles/ili9341.dir/home/gabriel/.pico-sdk/sdk/2.2.0/src/common/pico_sync/mutex.c.o
 .ARM.attributes
                0x00000324       0x38 CMakeFiles/ili9341.dir/home/gabriel/.pico-sdk/sdk/2.2.0/src/common/pico_time/time.c.o
 .ARM.attributes
                0x0000035c       0x38 CMakeFiles/ili9341.dir/home/gabriel/.pico-sdk/sdk/2.2.0/src/rp2_common/hardware_timer/timer.c.o
 .ARM.attributes
                0x00000394       0x38 CMakeFiles/ili9341.dir/home/gabriel/.pico-sdk/sdk/2.2.0/src/rp2_common/hardware_uart/uart.c.o
 .ARM.attributes
                0x000003cc       0x38 CMakeFiles/ili9341.dir/home/gabriel/.pico-sdk/sdk/2.2.0/src/rp2_common/hardware_clocks/clocks.c.o
 .ARM.attributes
                0x00000404       0x38 CMakeFiles/ili9341.dir/home/gabriel/.pico-sdk/sdk/2.2.0/src/rp2_common/hardware_pll/pll.c.o
 .ARM.attributes
                0x0000043c       0x38 CMakeFiles/ili9341.dir/home/gabriel/.pico-sdk/sdk/2.2.0/src/rp2_common/hardware_ticks/ticks.c.o
 .ARM.attributes
                0x00000474       0x38 CMakeFiles/ili9341.dir/home/gabriel/.pico-sdk/sdk/2.2.0/src/rp2_common/pico_bootrom/bootrom.c.o
 .ARM.attributes
                0x000004ac       0x38 CMakeFiles/ili9341.dir/home/gabriel/.pico-sdk/sdk/2.2.0/src/rp2_common/pico_bootrom/bootrom_lock.c.o
 .ARM.attributes
                0x000004e4       0x38 CMakeFiles/ili9341.dir/home/gabriel/.pico-sdk/sdk/2.2.0/src/rp2_common/hardware_boot_lock/boot_lock.c.o
 .ARM.attributes
                0x0000051c       0x38 CMakeFiles/ili9341.dir/home/gabriel/.pico-sdk/sdk/2.2.0/src/rp2_common/hardware_xosc/xosc.c.o
 .ARM.attributes
                0x00000554       0x38 CMakeFiles/ili9341.dir/home/gabriel/.pico-sdk/sdk/2.2.0/src/rp2_common/pico_runtime/runtime.c.o
 .ARM.attributes
                0x0000058c       0x38 CMakeFiles/ili9341.dir/home/gabriel/.pico-sdk/sdk/2.2.0/src/rp2_common/pico_runtime_init/runtime_init.c.o
 .ARM.attributes
                0x000005c4       0x38 CMakeFiles/ili9341.dir/home/gabriel/.pico-sdk/sdk/2.2.0/src/rp2_common/pico_runtime_init/runtime_init_clocks.c.o
 .ARM.attributes
                0x000005fc       0x38 CMakeFiles/ili9341.dir/home/gabriel/.pico-sdk/sdk/2.2.0/src/rp2_common/pico_standard_binary_info/standard_binary_info.c.o
 .ARM.attributes
                0x00000634       0x38 CMakeFiles/ili9341.dir/home/gabriel/.pico-sdk/sdk/2.2.0/src/rp2_common/pico_printf/printf.c.o
 .ARM.attributes
                0x0000066c       0x28 CMakeFiles/ili9341.dir/home/gabriel/.pico-sdk/sdk/2.2.0/src/rp2_common/pico_crt0/crt0.S.o
 .ARM.attributes
                0x00000694       0x38 CMakeFiles/ili9341.dir/home/gabriel/.pico-sdk/sdk/2.2.0/src/rp2_common/pico_clib_interface/newlib_interface.c.o
 .ARM.attributes
                0x000006cc       0x38 CMakeFiles/ili9341.dir/home/gabriel/.pico-sdk/sdk/2.2.0/src/rp2_common/pico_stdio/stdio.c.o
 .ARM.attributes
                0x00000704       0x38 CMakeFiles/ili9341.dir/home/gabriel/.pico-sdk/sdk/2.2.0/src/rp2_common/pico_stdio_uart/stdio_uart.c.o
 .ARM.attributes
                0x0000073c       0x38 CMakeFiles/ili9341.dir/home/gabriel/.pico-sdk/sdk/2.2.0/src/rp2_common/hardware_spi/spi.c.o
 .ARM.attributes
                0x00000774       0x38 CMakeFiles/ili9341.dir/home/gabriel/.pico-sdk/sdk/2.2.0/src/rp2_common/hardware_adc/adc.c.o
 .ARM.attributes
                0x000007ac       0x24 /home/gabriel/.pico-sdk/toolchain/14_2_Rel1/bin/../lib/gcc/arm-none-eabi/14.2.1/../../../../arm-none-eabi/lib/thumb/v8-m.main+fp/softfp/libg.a(libc_a-memcpy.o)
 .ARM.attributes
                0x000007d0       0x36 /home/gabriel/.pico-sdk/toolchain/14_2_Rel1/bin/../lib/gcc/arm-none-eabi/14.2.1/../../../../arm-none-eabi/lib/thumb/v8-m.main+fp/softfp/libg.a(libc_a-strlen-stub.o)
 .ARM.attributes
                0x00000806       0x36 /home/gabriel/.pico-sdk/toolchain/14_2_Rel1/bin/../lib/gcc/arm-none-eabi/14.2.1/thumb/v8-m.main+fp/softfp/crtend.o

.comment        0x00000000       0x45
 .comment       0x00000000       0x45 CMakeFiles/ili9341.dir/main.c.o
                                 0x46 (size before relaxing)
 .comment       0x00000045       0x46 CMakeFiles/ili9341.dir/tft_lcd_ili9341/ili9341/ili9341.c.o
 .comment       0x00000045       0x46 CMakeFiles/ili9341.dir/tft_lcd_ili9341/gfx/gfx_ili9341.c.o
 .comment       0x00000045       0x46 CMakeFiles/ili9341.dir/tft_lcd_ili9341/touch_resistive/touch_resistive.c.o
 .comment       0x00000045       0x46 CMakeFiles/ili9341.dir/home/gabriel/.pico-sdk/sdk/2.2.0/src/rp2_common/hardware_gpio/gpio.c.o
 .comment       0x00000045       0x46 CMakeFiles/ili9341.dir/home/gabriel/.pico-sdk/sdk/2.2.0/src/rp2_common/pico_platform_panic/panic.c.o
 .comment       0x00000045       0x46 CMakeFiles/ili9341.dir/home/gabriel/.pico-sdk/sdk/2.2.0/src/common/hardware_claim/claim.c.o
 .comment       0x00000045       0x46 CMakeFiles/ili9341.dir/home/gabriel/.pico-sdk/sdk/2.2.0/src/rp2_common/hardware_sync/sync.c.o
 .comment       0x00000045       0x46 CMakeFiles/ili9341.dir/home/gabriel/.pico-sdk/sdk/2.2.0/src/rp2_common/hardware_sync_spin_lock/sync_spin_lock.c.o
 .comment       0x00000045       0x46 CMakeFiles/ili9341.dir/home/gabriel/.pico-sdk/sdk/2.2.0/src/rp2_common/hardware_irq/irq.c.o
 .comment       0x00000045       0x46 CMakeFiles/ili9341.dir/home/gabriel/.pico-sdk/sdk/2.2.0/src/common/pico_sync/lock_core.c.o
 .comment       0x00000045       0x46 CMakeFiles/ili9341.dir/home/gabriel/.pico-sdk/sdk/2.2.0/src/common/pico_sync/mutex.c.o
 .comment       0x00000045       0x46 CMakeFiles/ili9341.dir/home/gabriel/.pico-sdk/sdk/2.2.0/src/common/pico_time/time.c.o
 .comment       0x00000045       0x46 CMakeFiles/ili9341.dir/home/gabriel/.pico-sdk/sdk/2.2.0/src/rp2_common/hardware_timer/timer.c.o
 .comment       0x00000045       0x46 CMakeFiles/ili9341.dir/home/gabriel/.pico-sdk/sdk/2.2.0/src/rp2_common/hardware_uart/uart.c.o
 .comment       0x00000045       0x46 CMakeFiles/ili9341.dir/home/gabriel/.pico-sdk/sdk/2.2.0/src/rp2_common/hardware_clocks/clocks.c.o
 .comment       0x00000045       0x46 CMakeFiles/ili9341.dir/home/gabriel/.pico-sdk/sdk/2.2.0/src/rp2_common/hardware_pll/pll.c.o
 .comment       0x00000045       0x46 CMakeFiles/ili9341.dir/home/gabriel/.pico-sdk/sdk/2.2.0/src/rp2_common/hardware_ticks/ticks.c.o
 .comment       0x00000045       0x46 CMakeFiles/ili9341.dir/home/gabriel/.pico-sdk/sdk/2.2.0/src/rp2_common/pico_bootrom/bootrom.c.o
 .comment       0x00000045       0x46 CMakeFiles/ili9341.dir/home/gabriel/.pico-sdk/sdk/2.2.0/src/rp2_common/pico_bootrom/bootrom_lock.c.o
 .comment       0x00000045       0x46 CMakeFiles/ili9341.dir/home/gabriel/.pico-sdk/sdk/2.2.0/src/rp2_common/hardware_boot_lock/boot_lock.c.o
 .comment       0x00000045       0x46 CMakeFiles/ili9341.dir/home/gabriel/.pico-sdk/sdk/2.2.0/src/rp2_common/hardware_xosc/xosc.c.o
 .comment       0x00000045       0x46 CMakeFiles/ili9341.dir/home/gabriel/.pico-sdk/sdk/2.2.0/src/rp2_common/pico_runtime/runtime.c.o
 .comment       0x00000045       0x46 CMakeFiles/ili9341.dir/home/gabriel/.pico-sdk/sdk/2.2.0/src/rp2_common/pico_runtime_init/runtime_init.c.o
 .comment       0x00000045       0x46 CMakeFiles/ili9341.dir/home/gabriel/.pico-sdk/sdk/2.2.0/src/rp2_common/pico_runtime_init/runtime_init_clocks.c.o
 .comment       0x00000045       0x46 CMakeFiles/ili9341.dir/home/gabriel/.pico-sdk/sdk/2.2.0/src/rp2_common/pico_standard_binary_info/standard_binary_info.c.o
 .comment       0x00000045       0x46 CMakeFiles/ili9341.dir/home/gabriel/.pico-sdk/sdk/2.2.0/src/rp2_common/pico_printf/printf.c.o
 .comment       0x00000045       0x46 CMakeFiles/ili9341.dir/home/gabriel/.pico-sdk/sdk/2.2.0/src/rp2_common/pico_clib_interface/newlib_interface.c.o
 .comment       0x00000045       0x46 CMakeFiles/ili9341.dir/home/gabriel/.pico-sdk/sdk/2.2.0/src/rp2_common/pico_stdio/stdio.c.o
 .comment       0x00000045       0x46 CMakeFiles/ili9341.dir/home/gabriel/.pico-sdk/sdk/2.2.0/src/rp2_common/pico_stdio_uart/stdio_uart.c.o
 .comment       0x00000045       0x46 CMakeFiles/ili9341.dir/home/gabriel/.pico-sdk/sdk/2.2.0/src/rp2_common/hardware_spi/spi.c.o
 .comment       0x00000045       0x46 CMakeFiles/ili9341.dir/home/gabriel/.pico-sdk/sdk/2.2.0/src/rp2_common/hardware_adc/adc.c.o

.debug_info     0x00000000    0x2a8e9
 .debug_info    0x00000000     0x14da CMakeFiles/ili9341.dir/main.c.o
 .debug_info    0x000014da     0x49b8 CMakeFiles/ili9341.dir/tft_lcd_ili9341/ili9341/ili9341.c.o
 .debug_info    0x00005e92     0x16c6 CMakeFiles/ili9341.dir/tft_lcd_ili9341/gfx/gfx_ili9341.c.o
 .debug_info    0x00007558     0x17b5 CMakeFiles/ili9341.dir/tft_lcd_ili9341/touch_resistive/touch_resistive.c.o
 .debug_info    0x00008d0d     0x2416 CMakeFiles/ili9341.dir/home/gabriel/.pico-sdk/sdk/2.2.0/src/rp2_common/hardware_gpio/gpio.c.o
 .debug_info    0x0000b123      0x1be CMakeFiles/ili9341.dir/home/gabriel/.pico-sdk/sdk/2.2.0/src/rp2_common/pico_platform_panic/panic.c.o
 .debug_info    0x0000b2e1      0xb78 CMakeFiles/ili9341.dir/home/gabriel/.pico-sdk/sdk/2.2.0/src/common/hardware_claim/claim.c.o
 .debug_info    0x0000be59      0x46f CMakeFiles/ili9341.dir/home/gabriel/.pico-sdk/sdk/2.2.0/src/rp2_common/hardware_sync/sync.c.o
 .debug_info    0x0000c2c8     0x145e CMakeFiles/ili9341.dir/home/gabriel/.pico-sdk/sdk/2.2.0/src/rp2_common/hardware_sync_spin_lock/sync_spin_lock.c.o
 .debug_info    0x0000d726     0x262d CMakeFiles/ili9341.dir/home/gabriel/.pico-sdk/sdk/2.2.0/src/rp2_common/hardware_irq/irq.c.o
 .debug_info    0x0000fd53      0x187 CMakeFiles/ili9341.dir/home/gabriel/.pico-sdk/sdk/2.2.0/src/common/pico_sync/lock_core.c.o
 .debug_info    0x0000feda     0x1e7c CMakeFiles/ili9341.dir/home/gabriel/.pico-sdk/sdk/2.2.0/src/common/pico_sync/mutex.c.o
 .debug_info    0x00011d56     0x5492 CMakeFiles/ili9341.dir/home/gabriel/.pico-sdk/sdk/2.2.0/src/common/pico_time/time.c.o
 .debug_info    0x000171e8     0x30c6 CMakeFiles/ili9341.dir/home/gabriel/.pico-sdk/sdk/2.2.0/src/rp2_common/hardware_timer/timer.c.o
 .debug_info    0x0001a2ae     0x19a6 CMakeFiles/ili9341.dir/home/gabriel/.pico-sdk/sdk/2.2.0/src/rp2_common/hardware_uart/uart.c.o
 .debug_info    0x0001bc54     0x28c2 CMakeFiles/ili9341.dir/home/gabriel/.pico-sdk/sdk/2.2.0/src/rp2_common/hardware_clocks/clocks.c.o
 .debug_info    0x0001e516      0x507 CMakeFiles/ili9341.dir/home/gabriel/.pico-sdk/sdk/2.2.0/src/rp2_common/hardware_pll/pll.c.o
 .debug_info    0x0001ea1d      0x26c CMakeFiles/ili9341.dir/home/gabriel/.pico-sdk/sdk/2.2.0/src/rp2_common/hardware_ticks/ticks.c.o
 .debug_info    0x0001ec89     0x10ab CMakeFiles/ili9341.dir/home/gabriel/.pico-sdk/sdk/2.2.0/src/rp2_common/pico_bootrom/bootrom.c.o
 .debug_info    0x0001fd34      0x1c4 CMakeFiles/ili9341.dir/home/gabriel/.pico-sdk/sdk/2.2.0/src/rp2_common/pico_bootrom/bootrom_lock.c.o
 .debug_info    0x0001fef8      0x316 CMakeFiles/ili9341.dir/home/gabriel/.pico-sdk/sdk/2.2.0/src/rp2_common/hardware_boot_lock/boot_lock.c.o
 .debug_info    0x0002020e      0x1b1 CMakeFiles/ili9341.dir/home/gabriel/.pico-sdk/sdk/2.2.0/src/rp2_common/hardware_xosc/xosc.c.o
 .debug_info    0x000203bf      0x21a CMakeFiles/ili9341.dir/home/gabriel/.pico-sdk/sdk/2.2.0/src/rp2_common/pico_runtime/runtime.c.o
 .debug_info    0x000205d9     0x1c34 CMakeFiles/ili9341.dir/home/gabriel/.pico-sdk/sdk/2.2.0/src/rp2_common/pico_runtime_init/runtime_init.c.o
 .debug_info    0x0002220d      0x7c9 CMakeFiles/ili9341.dir/home/gabriel/.pico-sdk/sdk/2.2.0/src/rp2_common/pico_runtime_init/runtime_init_clocks.c.o
 .debug_info    0x000229d6      0x2b8 CMakeFiles/ili9341.dir/home/gabriel/.pico-sdk/sdk/2.2.0/src/rp2_common/pico_standard_binary_info/standard_binary_info.c.o
 .debug_info    0x00022c8e     0x22ff CMakeFiles/ili9341.dir/home/gabriel/.pico-sdk/sdk/2.2.0/src/rp2_common/pico_printf/printf.c.o
 .debug_info    0x00024f8d       0x23 CMakeFiles/ili9341.dir/home/gabriel/.pico-sdk/sdk/2.2.0/src/rp2_common/pico_crt0/crt0.S.o
 .debug_info    0x00024fb0      0xc25 CMakeFiles/ili9341.dir/home/gabriel/.pico-sdk/sdk/2.2.0/src/rp2_common/pico_clib_interface/newlib_interface.c.o
 .debug_info    0x00025bd5     0x1dd5 CMakeFiles/ili9341.dir/home/gabriel/.pico-sdk/sdk/2.2.0/src/rp2_common/pico_stdio/stdio.c.o
 .debug_info    0x000279aa     0x1903 CMakeFiles/ili9341.dir/home/gabriel/.pico-sdk/sdk/2.2.0/src/rp2_common/pico_stdio_uart/stdio_uart.c.o
 .debug_info    0x000292ad     0x122c CMakeFiles/ili9341.dir/home/gabriel/.pico-sdk/sdk/2.2.0/src/rp2_common/hardware_spi/spi.c.o
 .debug_info    0x0002a4d9      0x410 CMakeFiles/ili9341.dir/home/gabriel/.pico-sdk/sdk/2.2.0/src/rp2_common/hardware_adc/adc.c.o

.debug_abbrev   0x00000000     0x66c5
 .debug_abbrev  0x00000000      0x2fb CMakeFiles/ili9341.dir/main.c.o
 .debug_abbrev  0x000002fb      0x415 CMakeFiles/ili9341.dir/tft_lcd_ili9341/ili9341/ili9341.c.o
 .debug_abbrev  0x00000710      0x345 CMakeFiles/ili9341.dir/tft_lcd_ili9341/gfx/gfx_ili9341.c.o
 .debug_abbrev  0x00000a55      0x392 CMakeFiles/ili9341.dir/tft_lcd_ili9341/touch_resistive/touch_resistive.c.o
 .debug_abbrev  0x00000de7      0x558 CMakeFiles/ili9341.dir/home/gabriel/.pico-sdk/sdk/2.2.0/src/rp2_common/hardware_gpio/gpio.c.o
 .debug_abbrev  0x0000133f      0x12b CMakeFiles/ili9341.dir/home/gabriel/.pico-sdk/sdk/2.2.0/src/rp2_common/pico_platform_panic/panic.c.o
 .debug_abbrev  0x0000146a      0x35e CMakeFiles/ili9341.dir/home/gabriel/.pico-sdk/sdk/2.2.0/src/common/hardware_claim/claim.c.o
 .debug_abbrev  0x000017c8      0x22f CMakeFiles/ili9341.dir/home/gabriel/.pico-sdk/sdk/2.2.0/src/rp2_common/hardware_sync/sync.c.o
 .debug_abbrev  0x000019f7      0x26e CMakeFiles/ili9341.dir/home/gabriel/.pico-sdk/sdk/2.2.0/src/rp2_common/hardware_sync_spin_lock/sync_spin_lock.c.o
 .debug_abbrev  0x00001c65      0x63b CMakeFiles/ili9341.dir/home/gabriel/.pico-sdk/sdk/2.2.0/src/rp2_common/hardware_irq/irq.c.o
 .debug_abbrev  0x000022a0      0x11e CMakeFiles/ili9341.dir/home/gabriel/.pico-sdk/sdk/2.2.0/src/common/pico_sync/lock_core.c.o
 .debug_abbrev  0x000023be      0x49b CMakeFiles/ili9341.dir/home/gabriel/.pico-sdk/sdk/2.2.0/src/common/pico_sync/mutex.c.o
 .debug_abbrev  0x00002859      0x644 CMakeFiles/ili9341.dir/home/gabriel/.pico-sdk/sdk/2.2.0/src/common/pico_time/time.c.o
 .debug_abbrev  0x00002e9d      0x4f9 CMakeFiles/ili9341.dir/home/gabriel/.pico-sdk/sdk/2.2.0/src/rp2_common/hardware_timer/timer.c.o
 .debug_abbrev  0x00003396      0x367 CMakeFiles/ili9341.dir/home/gabriel/.pico-sdk/sdk/2.2.0/src/rp2_common/hardware_uart/uart.c.o
 .debug_abbrev  0x000036fd      0x517 CMakeFiles/ili9341.dir/home/gabriel/.pico-sdk/sdk/2.2.0/src/rp2_common/hardware_clocks/clocks.c.o
 .debug_abbrev  0x00003c14      0x1a8 CMakeFiles/ili9341.dir/home/gabriel/.pico-sdk/sdk/2.2.0/src/rp2_common/hardware_pll/pll.c.o
 .debug_abbrev  0x00003dbc      0x146 CMakeFiles/ili9341.dir/home/gabriel/.pico-sdk/sdk/2.2.0/src/rp2_common/hardware_ticks/ticks.c.o
 .debug_abbrev  0x00003f02      0x458 CMakeFiles/ili9341.dir/home/gabriel/.pico-sdk/sdk/2.2.0/src/rp2_common/pico_bootrom/bootrom.c.o
 .debug_abbrev  0x0000435a       0xfb CMakeFiles/ili9341.dir/home/gabriel/.pico-sdk/sdk/2.2.0/src/rp2_common/pico_bootrom/bootrom_lock.c.o
 .debug_abbrev  0x00004455      0x1de CMakeFiles/ili9341.dir/home/gabriel/.pico-sdk/sdk/2.2.0/src/rp2_common/hardware_boot_lock/boot_lock.c.o
 .debug_abbrev  0x00004633      0x109 CMakeFiles/ili9341.dir/home/gabriel/.pico-sdk/sdk/2.2.0/src/rp2_common/hardware_xosc/xosc.c.o
 .debug_abbrev  0x0000473c      0x182 CMakeFiles/ili9341.dir/home/gabriel/.pico-sdk/sdk/2.2.0/src/rp2_common/pico_runtime/runtime.c.o
 .debug_abbrev  0x000048be      0x310 CMakeFiles/ili9341.dir/home/gabriel/.pico-sdk/sdk/2.2.0/src/rp2_common/pico_runtime_init/runtime_init.c.o
 .debug_abbrev  0x00004bce      0x2b8 CMakeFiles/ili9341.dir/home/gabriel/.pico-sdk/sdk/2.2.0/src/rp2_common/pico_runtime_init/runtime_init_clocks.c.o
 .debug_abbrev  0x00004e86       0xb8 CMakeFiles/ili9341.dir/home/gabriel/.pico-sdk/sdk/2.2.0/src/rp2_common/pico_standard_binary_info/standard_binary_info.c.o
 .debug_abbrev  0x00004f3e      0x505 CMakeFiles/ili9341.dir/home/gabriel/.pico-sdk/sdk/2.2.0/src/rp2_common/pico_printf/printf.c.o
 .debug_abbrev  0x00005443       0x12 CMakeFiles/ili9341.dir/home/gabriel/.pico-sdk/sdk/2.2.0/src/rp2_common/pico_crt0/crt0.S.o
 .debug_abbrev  0x00005455      0x375 CMakeFiles/ili9341.dir/home/gabriel/.pico-sdk/sdk/2.2.0/src/rp2_common/pico_clib_interface/newlib_interface.c.o
 .debug_abbrev  0x000057ca      0x601 CMakeFiles/ili9341.dir/home/gabriel/.pico-sdk/sdk/2.2.0/src/rp2_common/pico_stdio/stdio.c.o
 .debug_abbrev  0x00005dcb      0x493 CMakeFiles/ili9341.dir/home/gabriel/.pico-sdk/sdk/2.2.0/src/rp2_common/pico_stdio_uart/stdio_uart.c.o
 .debug_abbrev  0x0000625e      0x326 CMakeFiles/ili9341.dir/home/gabriel/.pico-sdk/sdk/2.2.0/src/rp2_common/hardware_spi/spi.c.o
 .debug_abbrev  0x00006584      0x141 CMakeFiles/ili9341.dir/home/gabriel/.pico-sdk/sdk/2.2.0/src/rp2_common/hardware_adc/adc.c.o

.debug_loclists
                0x00000000    0x15237
 .debug_loclists
                0x00000000      0x757 CMakeFiles/ili9341.dir/main.c.o
 .debug_loclists
                0x00000757     0x263e CMakeFiles/ili9341.dir/tft_lcd_ili9341/ili9341/ili9341.c.o
 .debug_loclists
                0x00002d95      0xff7 CMakeFiles/ili9341.dir/tft_lcd_ili9341/gfx/gfx_ili9341.c.o
 .debug_loclists
                0x00003d8c      0xaa8 CMakeFiles/ili9341.dir/tft_lcd_ili9341/touch_resistive/touch_resistive.c.o
 .debug_loclists
                0x00004834     0x17d5 CMakeFiles/ili9341.dir/home/gabriel/.pico-sdk/sdk/2.2.0/src/rp2_common/hardware_gpio/gpio.c.o
 .debug_loclists
                0x00006009      0x42d CMakeFiles/ili9341.dir/home/gabriel/.pico-sdk/sdk/2.2.0/src/common/hardware_claim/claim.c.o
 .debug_loclists
                0x00006436      0x132 CMakeFiles/ili9341.dir/home/gabriel/.pico-sdk/sdk/2.2.0/src/rp2_common/hardware_sync/sync.c.o
 .debug_loclists
                0x00006568       0xa2 CMakeFiles/ili9341.dir/home/gabriel/.pico-sdk/sdk/2.2.0/src/rp2_common/hardware_sync_spin_lock/sync_spin_lock.c.o
 .debug_loclists
                0x0000660a     0x1034 CMakeFiles/ili9341.dir/home/gabriel/.pico-sdk/sdk/2.2.0/src/rp2_common/hardware_irq/irq.c.o
 .debug_loclists
                0x0000763e       0x17 CMakeFiles/ili9341.dir/home/gabriel/.pico-sdk/sdk/2.2.0/src/common/pico_sync/lock_core.c.o
 .debug_loclists
                0x00007655      0xae7 CMakeFiles/ili9341.dir/home/gabriel/.pico-sdk/sdk/2.2.0/src/common/pico_sync/mutex.c.o
 .debug_loclists
                0x0000813c     0x2c58 CMakeFiles/ili9341.dir/home/gabriel/.pico-sdk/sdk/2.2.0/src/common/pico_time/time.c.o
 .debug_loclists
                0x0000ad94     0x1a3f CMakeFiles/ili9341.dir/home/gabriel/.pico-sdk/sdk/2.2.0/src/rp2_common/hardware_timer/timer.c.o
 .debug_loclists
                0x0000c7d3      0xc8f CMakeFiles/ili9341.dir/home/gabriel/.pico-sdk/sdk/2.2.0/src/rp2_common/hardware_uart/uart.c.o
 .debug_loclists
                0x0000d462     0x2038 CMakeFiles/ili9341.dir/home/gabriel/.pico-sdk/sdk/2.2.0/src/rp2_common/hardware_clocks/clocks.c.o
 .debug_loclists
                0x0000f49a      0x1b7 CMakeFiles/ili9341.dir/home/gabriel/.pico-sdk/sdk/2.2.0/src/rp2_common/hardware_pll/pll.c.o
 .debug_loclists
                0x0000f651       0x8b CMakeFiles/ili9341.dir/home/gabriel/.pico-sdk/sdk/2.2.0/src/rp2_common/hardware_ticks/ticks.c.o
 .debug_loclists
                0x0000f6dc      0x812 CMakeFiles/ili9341.dir/home/gabriel/.pico-sdk/sdk/2.2.0/src/rp2_common/pico_bootrom/bootrom.c.o
 .debug_loclists
                0x0000feee       0x28 CMakeFiles/ili9341.dir/home/gabriel/.pico-sdk/sdk/2.2.0/src/rp2_common/pico_bootrom/bootrom_lock.c.o
 .debug_loclists
                0x0000ff16       0x78 CMakeFiles/ili9341.dir/home/gabriel/.pico-sdk/sdk/2.2.0/src/rp2_common/hardware_boot_lock/boot_lock.c.o
 .debug_loclists
                0x0000ff8e       0x48 CMakeFiles/ili9341.dir/home/gabriel/.pico-sdk/sdk/2.2.0/src/rp2_common/hardware_xosc/xosc.c.o
 .debug_loclists
                0x0000ffd6       0x7e CMakeFiles/ili9341.dir/home/gabriel/.pico-sdk/sdk/2.2.0/src/rp2_common/pico_runtime/runtime.c.o
 .debug_loclists
                0x00010054      0x129 CMakeFiles/ili9341.dir/home/gabriel/.pico-sdk/sdk/2.2.0/src/rp2_common/pico_runtime_init/runtime_init.c.o
 .debug_loclists
                0x0001017d       0x74 CMakeFiles/ili9341.dir/home/gabriel/.pico-sdk/sdk/2.2.0/src/rp2_common/pico_runtime_init/runtime_init_clocks.c.o
 .debug_loclists
                0x000101f1     0x2e21 CMakeFiles/ili9341.dir/home/gabriel/.pico-sdk/sdk/2.2.0/src/rp2_common/pico_printf/printf.c.o
 .debug_loclists
                0x00013012      0x425 CMakeFiles/ili9341.dir/home/gabriel/.pico-sdk/sdk/2.2.0/src/rp2_common/pico_clib_interface/newlib_interface.c.o
 .debug_loclists
                0x00013437      0xb4c CMakeFiles/ili9341.dir/home/gabriel/.pico-sdk/sdk/2.2.0/src/rp2_common/pico_stdio/stdio.c.o
 .debug_loclists
                0x00013f83      0x882 CMakeFiles/ili9341.dir/home/gabriel/.pico-sdk/sdk/2.2.0/src/rp2_common/pico_stdio_uart/stdio_uart.c.o
 .debug_loclists
                0x00014805      0x99a CMakeFiles/ili9341.dir/home/gabriel/.pico-sdk/sdk/2.2.0/src/rp2_common/hardware_spi/spi.c.o
 .debug_loclists
                0x0001519f       0x98 CMakeFiles/ili9341.dir/home/gabriel/.pico-sdk/sdk/2.2.0/src/rp2_common/hardware_adc/adc.c.o

.debug_aranges  0x00000000      0xd08
 .debug_aranges
                0x00000000       0x40 CMakeFiles/ili9341.dir/main.c.o
 .debug_aranges
                0x00000040       0x98 CMakeFiles/ili9341.dir/tft_lcd_ili9341/ili9341/ili9341.c.o
 .debug_aranges
                0x000000d8       0x88 CMakeFiles/ili9341.dir/tft_lcd_ili9341/gfx/gfx_ili9341.c.o
 .debug_aranges
                0x00000160       0x50 CMakeFiles/ili9341.dir/tft_lcd_ili9341/touch_resistive/touch_resistive.c.o
 .debug_aranges
                0x000001b0      0x118 CMakeFiles/ili9341.dir/home/gabriel/.pico-sdk/sdk/2.2.0/src/rp2_common/hardware_gpio/gpio.c.o
 .debug_aranges
                0x000002c8       0x28 CMakeFiles/ili9341.dir/home/gabriel/.pico-sdk/sdk/2.2.0/src/rp2_common/pico_platform_panic/panic.c.o
 .debug_aranges
                0x000002f0       0x48 CMakeFiles/ili9341.dir/home/gabriel/.pico-sdk/sdk/2.2.0/src/common/hardware_claim/claim.c.o
 .debug_aranges
                0x00000338       0x48 CMakeFiles/ili9341.dir/home/gabriel/.pico-sdk/sdk/2.2.0/src/rp2_common/hardware_sync/sync.c.o
 .debug_aranges
                0x00000380       0x30 CMakeFiles/ili9341.dir/home/gabriel/.pico-sdk/sdk/2.2.0/src/rp2_common/hardware_sync_spin_lock/sync_spin_lock.c.o
 .debug_aranges
                0x000003b0       0xb8 CMakeFiles/ili9341.dir/home/gabriel/.pico-sdk/sdk/2.2.0/src/rp2_common/hardware_irq/irq.c.o
 .debug_aranges
                0x00000468       0x20 CMakeFiles/ili9341.dir/home/gabriel/.pico-sdk/sdk/2.2.0/src/common/pico_sync/lock_core.c.o
 .debug_aranges
                0x00000488       0x98 CMakeFiles/ili9341.dir/home/gabriel/.pico-sdk/sdk/2.2.0/src/common/pico_sync/mutex.c.o
 .debug_aranges
                0x00000520       0xe0 CMakeFiles/ili9341.dir/home/gabriel/.pico-sdk/sdk/2.2.0/src/common/pico_time/time.c.o
 .debug_aranges
                0x00000600       0xf0 CMakeFiles/ili9341.dir/home/gabriel/.pico-sdk/sdk/2.2.0/src/rp2_common/hardware_timer/timer.c.o
 .debug_aranges
                0x000006f0       0x58 CMakeFiles/ili9341.dir/home/gabriel/.pico-sdk/sdk/2.2.0/src/rp2_common/hardware_uart/uart.c.o
 .debug_aranges
                0x00000748       0x90 CMakeFiles/ili9341.dir/home/gabriel/.pico-sdk/sdk/2.2.0/src/rp2_common/hardware_clocks/clocks.c.o
 .debug_aranges
                0x000007d8       0x28 CMakeFiles/ili9341.dir/home/gabriel/.pico-sdk/sdk/2.2.0/src/rp2_common/hardware_pll/pll.c.o
 .debug_aranges
                0x00000800       0x30 CMakeFiles/ili9341.dir/home/gabriel/.pico-sdk/sdk/2.2.0/src/rp2_common/hardware_ticks/ticks.c.o
 .debug_aranges
                0x00000830       0x60 CMakeFiles/ili9341.dir/home/gabriel/.pico-sdk/sdk/2.2.0/src/rp2_common/pico_bootrom/bootrom.c.o
 .debug_aranges
                0x00000890       0x20 CMakeFiles/ili9341.dir/home/gabriel/.pico-sdk/sdk/2.2.0/src/rp2_common/pico_bootrom/bootrom_lock.c.o
 .debug_aranges
                0x000008b0       0x30 CMakeFiles/ili9341.dir/home/gabriel/.pico-sdk/sdk/2.2.0/src/rp2_common/hardware_boot_lock/boot_lock.c.o
 .debug_aranges
                0x000008e0       0x30 CMakeFiles/ili9341.dir/home/gabriel/.pico-sdk/sdk/2.2.0/src/rp2_common/hardware_xosc/xosc.c.o
 .debug_aranges
                0x00000910       0x38 CMakeFiles/ili9341.dir/home/gabriel/.pico-sdk/sdk/2.2.0/src/rp2_common/pico_runtime/runtime.c.o
 .debug_aranges
                0x00000948       0x58 CMakeFiles/ili9341.dir/home/gabriel/.pico-sdk/sdk/2.2.0/src/rp2_common/pico_runtime_init/runtime_init.c.o
 .debug_aranges
                0x000009a0       0x20 CMakeFiles/ili9341.dir/home/gabriel/.pico-sdk/sdk/2.2.0/src/rp2_common/pico_runtime_init/runtime_init_clocks.c.o
 .debug_aranges
                0x000009c0       0x18 CMakeFiles/ili9341.dir/home/gabriel/.pico-sdk/sdk/2.2.0/src/rp2_common/pico_standard_binary_info/standard_binary_info.c.o
 .debug_aranges
                0x000009d8       0x90 CMakeFiles/ili9341.dir/home/gabriel/.pico-sdk/sdk/2.2.0/src/rp2_common/pico_printf/printf.c.o
 .debug_aranges
                0x00000a68       0x28 CMakeFiles/ili9341.dir/home/gabriel/.pico-sdk/sdk/2.2.0/src/rp2_common/pico_crt0/crt0.S.o
 .debug_aranges
                0x00000a90       0xa8 CMakeFiles/ili9341.dir/home/gabriel/.pico-sdk/sdk/2.2.0/src/rp2_common/pico_clib_interface/newlib_interface.c.o
 .debug_aranges
                0x00000b38       0xc8 CMakeFiles/ili9341.dir/home/gabriel/.pico-sdk/sdk/2.2.0/src/rp2_common/pico_stdio/stdio.c.o
 .debug_aranges
                0x00000c00       0x80 CMakeFiles/ili9341.dir/home/gabriel/.pico-sdk/sdk/2.2.0/src/rp2_common/pico_stdio_uart/stdio_uart.c.o
 .debug_aranges
                0x00000c80       0x68 CMakeFiles/ili9341.dir/home/gabriel/.pico-sdk/sdk/2.2.0/src/rp2_common/hardware_spi/spi.c.o
 .debug_aranges
                0x00000ce8       0x20 CMakeFiles/ili9341.dir/home/gabriel/.pico-sdk/sdk/2.2.0/src/rp2_common/hardware_adc/adc.c.o

.debug_rnglists
                0x00000000     0x437e
 .debug_rnglists
                0x00000000      0x10a CMakeFiles/ili9341.dir/main.c.o
 .debug_rnglists
                0x0000010a      0xbbf CMakeFiles/ili9341.dir/tft_lcd_ili9341/ili9341/ili9341.c.o
 .debug_rnglists
                0x00000cc9      0x2ef CMakeFiles/ili9341.dir/tft_lcd_ili9341/gfx/gfx_ili9341.c.o
 .debug_rnglists
                0x00000fb8      0x16a CMakeFiles/ili9341.dir/tft_lcd_ili9341/touch_resistive/touch_resistive.c.o
 .debug_rnglists
                0x00001122      0x626 CMakeFiles/ili9341.dir/home/gabriel/.pico-sdk/sdk/2.2.0/src/rp2_common/hardware_gpio/gpio.c.o
 .debug_rnglists
                0x00001748       0x19 CMakeFiles/ili9341.dir/home/gabriel/.pico-sdk/sdk/2.2.0/src/rp2_common/pico_platform_panic/panic.c.o
 .debug_rnglists
                0x00001761       0xf2 CMakeFiles/ili9341.dir/home/gabriel/.pico-sdk/sdk/2.2.0/src/common/hardware_claim/claim.c.o
 .debug_rnglists
                0x00001853       0x5b CMakeFiles/ili9341.dir/home/gabriel/.pico-sdk/sdk/2.2.0/src/rp2_common/hardware_sync/sync.c.o
 .debug_rnglists
                0x000018ae       0x43 CMakeFiles/ili9341.dir/home/gabriel/.pico-sdk/sdk/2.2.0/src/rp2_common/hardware_sync_spin_lock/sync_spin_lock.c.o
 .debug_rnglists
                0x000018f1      0x3e4 CMakeFiles/ili9341.dir/home/gabriel/.pico-sdk/sdk/2.2.0/src/rp2_common/hardware_irq/irq.c.o
 .debug_rnglists
                0x00001cd5       0x13 CMakeFiles/ili9341.dir/home/gabriel/.pico-sdk/sdk/2.2.0/src/common/pico_sync/lock_core.c.o
 .debug_rnglists
                0x00001ce8      0x2ac CMakeFiles/ili9341.dir/home/gabriel/.pico-sdk/sdk/2.2.0/src/common/pico_sync/mutex.c.o
 .debug_rnglists
                0x00001f94      0x847 CMakeFiles/ili9341.dir/home/gabriel/.pico-sdk/sdk/2.2.0/src/common/pico_time/time.c.o
 .debug_rnglists
                0x000027db      0x481 CMakeFiles/ili9341.dir/home/gabriel/.pico-sdk/sdk/2.2.0/src/rp2_common/hardware_timer/timer.c.o
 .debug_rnglists
                0x00002c5c      0x241 CMakeFiles/ili9341.dir/home/gabriel/.pico-sdk/sdk/2.2.0/src/rp2_common/hardware_uart/uart.c.o
 .debug_rnglists
                0x00002e9d      0x610 CMakeFiles/ili9341.dir/home/gabriel/.pico-sdk/sdk/2.2.0/src/rp2_common/hardware_clocks/clocks.c.o
 .debug_rnglists
                0x000034ad       0x59 CMakeFiles/ili9341.dir/home/gabriel/.pico-sdk/sdk/2.2.0/src/rp2_common/hardware_pll/pll.c.o
 .debug_rnglists
                0x00003506       0x2b CMakeFiles/ili9341.dir/home/gabriel/.pico-sdk/sdk/2.2.0/src/rp2_common/hardware_ticks/ticks.c.o
 .debug_rnglists
                0x00003531      0x131 CMakeFiles/ili9341.dir/home/gabriel/.pico-sdk/sdk/2.2.0/src/rp2_common/pico_bootrom/bootrom.c.o
 .debug_rnglists
                0x00003662       0x13 CMakeFiles/ili9341.dir/home/gabriel/.pico-sdk/sdk/2.2.0/src/rp2_common/pico_bootrom/bootrom_lock.c.o
 .debug_rnglists
                0x00003675       0x4f CMakeFiles/ili9341.dir/home/gabriel/.pico-sdk/sdk/2.2.0/src/rp2_common/hardware_boot_lock/boot_lock.c.o
 .debug_rnglists
                0x000036c4       0x2b CMakeFiles/ili9341.dir/home/gabriel/.pico-sdk/sdk/2.2.0/src/rp2_common/hardware_xosc/xosc.c.o
 .debug_rnglists
                0x000036ef       0x3d CMakeFiles/ili9341.dir/home/gabriel/.pico-sdk/sdk/2.2.0/src/rp2_common/pico_runtime/runtime.c.o
 .debug_rnglists
                0x0000372c       0x7c CMakeFiles/ili9341.dir/home/gabriel/.pico-sdk/sdk/2.2.0/src/rp2_common/pico_runtime_init/runtime_init.c.o
 .debug_rnglists
                0x000037a8       0x2c CMakeFiles/ili9341.dir/home/gabriel/.pico-sdk/sdk/2.2.0/src/rp2_common/pico_runtime_init/runtime_init_clocks.c.o
 .debug_rnglists
                0x000037d4      0x2fd CMakeFiles/ili9341.dir/home/gabriel/.pico-sdk/sdk/2.2.0/src/rp2_common/pico_printf/printf.c.o
 .debug_rnglists
                0x00003ad1       0x1b CMakeFiles/ili9341.dir/home/gabriel/.pico-sdk/sdk/2.2.0/src/rp2_common/pico_crt0/crt0.S.o
 .debug_rnglists
                0x00003aec       0xb5 CMakeFiles/ili9341.dir/home/gabriel/.pico-sdk/sdk/2.2.0/src/rp2_common/pico_clib_interface/newlib_interface.c.o
 .debug_rnglists
                0x00003ba1      0x302 CMakeFiles/ili9341.dir/home/gabriel/.pico-sdk/sdk/2.2.0/src/rp2_common/pico_stdio/stdio.c.o
 .debug_rnglists
                0x00003ea3      0x1f2 CMakeFiles/ili9341.dir/home/gabriel/.pico-sdk/sdk/2.2.0/src/rp2_common/pico_stdio_uart/stdio_uart.c.o
 .debug_rnglists
                0x00004095      0x2b2 CMakeFiles/ili9341.dir/home/gabriel/.pico-sdk/sdk/2.2.0/src/rp2_common/hardware_spi/spi.c.o
 .debug_rnglists
                0x00004347       0x37 CMakeFiles/ili9341.dir/home/gabriel/.pico-sdk/sdk/2.2.0/src/rp2_common/hardware_adc/adc.c.o

.debug_line     0x00000000    0x1bc19
 .debug_line    0x00000000      0xa82 CMakeFiles/ili9341.dir/main.c.o
 .debug_line    0x00000a82     0x296d CMakeFiles/ili9341.dir/tft_lcd_ili9341/ili9341/ili9341.c.o
 .debug_line    0x000033ef     0x110a CMakeFiles/ili9341.dir/tft_lcd_ili9341/gfx/gfx_ili9341.c.o
 .debug_line    0x000044f9      0xe33 CMakeFiles/ili9341.dir/tft_lcd_ili9341/touch_resistive/touch_resistive.c.o
 .debug_line    0x0000532c     0x1baf CMakeFiles/ili9341.dir/home/gabriel/.pico-sdk/sdk/2.2.0/src/rp2_common/hardware_gpio/gpio.c.o
 .debug_line    0x00006edb      0x27f CMakeFiles/ili9341.dir/home/gabriel/.pico-sdk/sdk/2.2.0/src/rp2_common/pico_platform_panic/panic.c.o
 .debug_line    0x0000715a      0x808 CMakeFiles/ili9341.dir/home/gabriel/.pico-sdk/sdk/2.2.0/src/common/hardware_claim/claim.c.o
 .debug_line    0x00007962      0x41d CMakeFiles/ili9341.dir/home/gabriel/.pico-sdk/sdk/2.2.0/src/rp2_common/hardware_sync/sync.c.o
 .debug_line    0x00007d7f      0x39d CMakeFiles/ili9341.dir/home/gabriel/.pico-sdk/sdk/2.2.0/src/rp2_common/hardware_sync_spin_lock/sync_spin_lock.c.o
 .debug_line    0x0000811c     0x170d CMakeFiles/ili9341.dir/home/gabriel/.pico-sdk/sdk/2.2.0/src/rp2_common/hardware_irq/irq.c.o
 .debug_line    0x00009829      0x26a CMakeFiles/ili9341.dir/home/gabriel/.pico-sdk/sdk/2.2.0/src/common/pico_sync/lock_core.c.o
 .debug_line    0x00009a93     0x126f CMakeFiles/ili9341.dir/home/gabriel/.pico-sdk/sdk/2.2.0/src/common/pico_sync/mutex.c.o
 .debug_line    0x0000ad02     0x31c2 CMakeFiles/ili9341.dir/home/gabriel/.pico-sdk/sdk/2.2.0/src/common/pico_time/time.c.o
 .debug_line    0x0000dec4     0x1dc3 CMakeFiles/ili9341.dir/home/gabriel/.pico-sdk/sdk/2.2.0/src/rp2_common/hardware_timer/timer.c.o
 .debug_line    0x0000fc87      0xea5 CMakeFiles/ili9341.dir/home/gabriel/.pico-sdk/sdk/2.2.0/src/rp2_common/hardware_uart/uart.c.o
 .debug_line    0x00010b2c     0x1ec2 CMakeFiles/ili9341.dir/home/gabriel/.pico-sdk/sdk/2.2.0/src/rp2_common/hardware_clocks/clocks.c.o
 .debug_line    0x000129ee      0x4e2 CMakeFiles/ili9341.dir/home/gabriel/.pico-sdk/sdk/2.2.0/src/rp2_common/hardware_pll/pll.c.o